******************************************************************************
                  MSP430 Linker PC v21.6.2                     
******************************************************************************
>> Linked Tue Jun 30 13:38:38 2026

OUTPUT FILE NAME:   <C:\Users\Austin\Medical Alert\Instant Care Engineering - Lifeline\Wireless Link\Firmware\8100-00\8100-00\8100-00\Release\8100-00.out>
ENTRY POINT SYMBOL: "_c_int00_noargs"  address: 0000acd4


MEMORY CONFIGURATION

         name            origin    length      used     unused   attr    fill
----------------------  --------  ---------  --------  --------  ----  --------
  SFR                   00000000   00000010  00000000  00000010  RWIX
  PERIPHERALS_8BIT      00000010   000000f0  00000000  000000f0  RWIX
  PERIPHERALS_16BIT     00000100   00000100  00000000  00000100  RWIX
  INFOB                 00001000   00000080  00000000  00000080  RWIX
  INFOA                 00001080   00000080  00000000  00000080  RWIX
  RAM                   00001100   00002800  00002726  000000da  RWIX
  FLASH                 00004000   0000bfe0  0000721a  00004dc6  RWIX
  INT00                 0000ffe0   00000002  00000002  00000000  RWIX
  INT01                 0000ffe2   00000002  00000002  00000000  RWIX
  INT02                 0000ffe4   00000002  00000002  00000000  RWIX
  INT03                 0000ffe6   00000002  00000002  00000000  RWIX
  INT04                 0000ffe8   00000002  00000002  00000000  RWIX
  INT05                 0000ffea   00000002  00000002  00000000  RWIX
  INT06                 0000ffec   00000002  00000002  00000000  RWIX
  INT07                 0000ffee   00000002  00000002  00000000  RWIX
  INT08                 0000fff0   00000002  00000002  00000000  RWIX
  INT09                 0000fff2   00000002  00000002  00000000  RWIX
  INT10                 0000fff4   00000002  00000002  00000000  RWIX
  INT11                 0000fff6   00000002  00000002  00000000  RWIX
  INT12                 0000fff8   00000002  00000002  00000000  RWIX
  INT13                 0000fffa   00000002  00000002  00000000  RWIX
  INT14                 0000fffc   00000002  00000002  00000000  RWIX
  RESET                 0000fffe   00000002  00000002  00000000  RWIX


SECTION ALLOCATION MAP

 output                                  attributes/
section   page    origin      length       input sections
--------  ----  ----------  ----------   ----------------
.bss       0    00001100    000020d8     UNINITIALIZED
                  00001100    00000960     (.common:alert_list)
                  00001a60    00000606     (.common:polling_list)
                  00002066    000003b6     (.common:RssiAverage)
                  0000241c    000002d0     (.common:command_list)
                  000026ec    00000180     (.common:repeater_list)
                  0000286c    00000180     (.common:serialA_InBuffer)
                  000029ec    00000180     (.common:serialB_InBuffer)
                  00002b6c    00000100     (.common:rdata)
                  00002c6c    00000100     (.common:rx_data)
                  00002d6c    00000100     (.common:serialA_OutBuffer)
                  00002e6c    00000100     (.common:serialB_OutBuffer)
                  00002f6c    00000100     (.common:tx_data)
                  0000306c    00000048     (.common:timer_loResTimer)
                  000030b4    00000040     (.common:accum_rssi)
                  000030f4    00000034     (.common:radio_init_buffers)
                  00003128    00000020     (.common:active_units)
                  00003148    00000020     (.common:ambient_rssi)
                  00003168    00000020     (.common:repeater_active_list)
                  00003188    00000010     (.common:radio_init_bfr)
                  00003198    00000008     wabs.obj (.bss)
                  000031a0    00000004     (.common:Txid)
                  000031a4    00000002     (.common:TruthTablesValue)
                  000031a6    00000002     (.common:WatchDogHoursTimer)
                  000031a8    00000002     (.common:last_ack)
                  000031aa    00000002     (.common:radio_init_cfg_count)
                  000031ac    00000002     (.common:radio_init_cfg_size)
                  000031ae    00000002     (.common:radio_init_count)
                  000031b0    00000002     (.common:radio_version)
                  000031b2    00000002     (.common:serialA_InCount)
                  000031b4    00000002     (.common:serialA_InGet)
                  000031b6    00000002     (.common:serialA_InPut)
                  000031b8    00000002     (.common:serialA_InSize)
                  000031ba    00000002     (.common:serialA_OutCount)
                  000031bc    00000002     (.common:serialA_OutGet)
                  000031be    00000002     (.common:serialA_OutPut)
                  000031c0    00000002     (.common:serialA_OutSize)
                  000031c2    00000002     (.common:serialB_InCount)
                  000031c4    00000002     (.common:serialB_InGet)
                  000031c6    00000002     (.common:serialB_InPut)
                  000031c8    00000002     (.common:serialB_InSize)
                  000031ca    00000002     (.common:serialB_OutCount)
                  000031cc    00000002     (.common:serialB_OutGet)
                  000031ce    00000002     (.common:serialB_OutPut)
                  000031d0    00000002     (.common:serialB_OutSize)
                  000031d2    00000002     (.common:timer_freerunning)
                  000031d4    00000002     (.common:timer_value)
                  000031d6    00000001     (.common:debug_count)
                  000031d7    00000001     (.common:errBits)

.data      0    000031d8    000004be     UNINITIALIZED
                  000031d8    000001f2     wabs.obj (.data:active_alert_head)
                  000033ca    000001f2     wabs.obj (.data:active_alert_tail)
                  000035bc    0000006e     wabs.obj (.data)
                  0000362a    00000020     wabs.obj (.data:radio_init_config_strings)
                  0000364a    0000001a     cpu.obj (.data:alpha_table)
                  00003664    0000000a     cpu.obj (.data:digit_table)
                  0000366e    0000000a     serialB.obj (.data)
                  00003678    00000007     serialA.obj (.data)
                  0000367f    00000005     cpu.obj (.data)
                  00003684    00000004     cpac.obj (.data)
                  00003688    00000004     rts430_eabi.lib : rand.c.obj (.data)
                  0000368c    00000004     timers.obj (.data)
                  00003690    00000002     rts430_eabi.lib : _lock.c.obj (.data:_lock)
                  00003692    00000002                     : _lock.c.obj (.data:_unlock)
                  00003694    00000002                     : errno.c.obj (.data)

.stack     0    00003770    00000190     UNINITIALIZED
                  00003770    00000002     rts430_eabi.lib : boot.c.obj (.stack)
                  00003772    0000018e     --HOLE--

.text      0    00004000    00006f42     
                  00004000    00000736     rts430_eabi.lib : addd.c.obj (.text:__mspabi_addd)
                  00004736    000005a8     wabs.obj (.text:remote_radio_state_machine)
                  00004cde    00000552     wabs.obj (.text:radio_init)
                  00005230    00000478     rts430_eabi.lib : frcdivd.c.obj (.text:__TI_frcdivd)
                  000056a8    000003c4     wabs.obj (.text:host_radio_state_machine)
                  00005a6c    00000360     rts430_eabi.lib : div64u.c.obj (.text:__mspabi_divull)
                  00005dcc    00000336     wabs.obj (.text:remote_rs485_state_machine)
                  00006102    000002c0     rts430_eabi.lib : mpyd.c.obj (.text:__mspabi_mpyd)
                  000063c2    00000288                     : _printfi.c.obj (.text:__TI_printfi:__TI_printfi)
                  0000664a    00000282     wabs.obj (.text:led_state_machine)
                  000068cc    0000026e     rts430_eabi.lib : _printfi.c.obj (.text:_pproc_fgea)
                  00006b3a    00000252                     : _printfi.c.obj (.text:__TI_printfi:_setfield___TI_printfi)
                  00006d8c    00000244                     : _printfi.c.obj (.text:acvt)
                  00006fd0    00000232                     : divd.c.obj (.text:__mspabi_divd)
                  00007202    00000230     wabs.obj (.text:add_alert)
                  00007432    000001ee     wabs.obj (.text:main)
                  00007620    000001ec     rts430_eabi.lib : _printfi.c.obj (.text:__TI_printfi:_getarg_diouxp___TI_printfi)
                  0000780c    000001de                     : _printfi.c.obj (.text:ecvt)
                  000079ea    000001c4                     : _printfi.c.obj (.text:fcvt)
                  00007bae    000001a6                     : _printfi.c.obj (.text:_pconv_e)
                  00007d54    00000174                     : _printfi.c.obj (.text:_pconv_a)
                  00007ec8    00000172                     : frcmpyd.c.obj (.text:__TI_frcmpyd)
                  0000803a    0000016a                     : s_scalbn.c.obj (.text:scalbn)
                  000081a4    00000152     wabs.obj (.text:send_radio_alert)
                  000082f6    0000014c     rts430_eabi.lib : _printfi.c.obj (.text:__TI_printfi:_pproc_diouxp___TI_printfi)
                  00008442    0000013a     wabs.obj (.text:host_rs485_state_machine)
                  0000857c    0000012e     rts430_eabi.lib : _printfi.c.obj (.text:__TI_printfi:_ltostr___TI_printfi)
                  000086aa    00000118     cpu.obj (.text:cpu_initCpu)
                  000087c2    00000114     rts430_eabi.lib : mult64.asm.obj (.text:__mpyll)
                  000088d6    000000f8                     : _printfi.c.obj (.text:_pconv_g)
                  000089ce    000000e0                     : _printfi.c.obj (.text:__TI_printfi:_pproc_fwp___TI_printfi)
                  00008aae    000000dc                     : cmpd.c.obj (.text:__mspabi_cmpd)
                  00008b8a    000000d0     cpu.obj (.text:CpuCalculateAverage)
                  00008c5a    000000d0     wabs.obj (.text:activity_check)
                  00008d2a    000000c4     rts430_eabi.lib : _printfi.c.obj (.text:__TI_printfi:_pproc_wstr___TI_printfi)
                  00008dee    000000be     cpu.obj (.text:CpuSaveRssiIntoAverage)
                  00008eac    000000b8     cpac.obj (.text:Cpac_host_send_radio_command)
                  00008f64    000000b2     wabs.obj (.text:SB2000_ReconfigureProtocolPacket)
                  00009016    000000b0     rts430_eabi.lib : s_frexp.c.obj (.text:frexp)
                  000090c6    000000b0     wabs.obj (.text:remove_alert)
                  00009176    000000ac     rts430_eabi.lib : _printfi.c.obj (.text:__TI_printfi:_pproc_str___TI_printfi)
                  00009222    000000ac                     : fltlid.c.obj (.text:__mspabi_fltlid)
                  000092ce    0000009c     serialB.obj (.text:serialB_init)
                  0000936a    00000098     serialA.obj (.text:serialA_init)
                  00009402    00000096     wabs.obj (.text:radio_repeater)
                  00009498    00000092     rts430_eabi.lib : _printfi.c.obj (.text:_mcpy)
                  0000952a    0000008e                     : _printfi.c.obj (.text:_ecpy)
                  000095b8    0000008e     wabs.obj (.text:send_rs485_response)
                  00009646    00000086     wabs.obj (.text:send_radio_keepalive)
                  000096cc    00000084     rts430_eabi.lib : _ltoa.c.obj (.text:__TI_ltoa)
                  00009750    00000080     cpac.obj (.text:CpacSaveMessage)
                  000097d0    0000007e     serialB.obj (.text:serialB_rx_isr)
                  0000984e    0000007c     rts430_eabi.lib : copy_decompress_lzss.c.obj (.text:decompress:lzss:__TI_decompress_lzss)
                  000098ca    0000007a     wabs.obj (.text:SB_SmokeDetectSupervisorProtocolPacket)
                  00009944    0000007a     rts430_eabi.lib : _printfi.c.obj (.text:_pconv_f)
                  000099be    00000072                     : fixdli.c.obj (.text:__mspabi_fixdli)
                  00009a30    0000006e     wabs.obj (.text:send_radio_ack)
                  00009a9e    0000006a     wabs.obj (.text:SB2000_InitializeProtocolPackets)
                  00009b08    00000068     wabs.obj (.text:radio_quality)
                  00009b70    00000066     serialA.obj (.text:serialA_read)
                  00009bd6    00000064     wabs.obj (.text:mark_active_by_mask)
                  00009c3a    00000064     wabs.obj (.text:send_rs485_poll)
                  00009c9e    00000060     serialA.obj (.text:serialA_write)
                  00009cfe    0000005e     serialA.obj (.text:serialA_rx_isr)
                  00009d5c    0000005c     rts430_eabi.lib : lsr32.asm.obj (.text:l_lsr_const)
                  00009db8    0000005a     cpu.obj (.text:CpuMonitorWatchdog)
                  00009e12    00000058     rts430_eabi.lib : div32u.asm.obj (.text)
                  00009e6a    00000054     cpu.obj (.text:cpu_get_led_digit)
                  00009ebe    00000054     cpu.obj (.text:cpu_write_led_display)
                  00009f12    00000052     rts430_eabi.lib : atoi.c.obj (.text:atoi)
                  00009f64    00000052     wabs.obj (.text:send_radio_rr)
                  00009fb6    00000050     timers.obj (.text:timer_extendLoResTimer)
                  0000a006    0000004e     cpu.obj (.text:CpuGetTxidAndTruthTable)
                  0000a054    0000004e     rts430_eabi.lib : _printfi.c.obj (.text:_fcpy)
                  0000a0a2    0000004e     wabs.obj (.text:duplicate_alert_match)
                  0000a0f0    0000004e     wabs.obj (.text:send_radio_wr)
                  0000a13e    0000004c     rts430_eabi.lib : lsr16.asm.obj (.text)
                  0000a18a    0000004a                     : asr64.c.obj (.text:__mspabi_srall)
                  0000a1d4    00000048     serialB.obj (.text:serialB_write)
                  0000a21c    00000048     timers.obj (.text:timer_ElapsedTimer)
                  0000a264    00000046     rts430_eabi.lib : lsr64.c.obj (.text:__mspabi_srlll)
                  0000a2aa    00000046     wabs.obj (.text:inc_radio_msg_counter)
                  0000a2f0    00000046     wabs.obj (.text:is_active)
                  0000a336    00000044     rts430_eabi.lib : lsl64.c.obj (.text:__mspabi_sllll)
                  0000a37a    00000044     wabs.obj (.text:mark_rs485_active)
                  0000a3be    00000042     cpac.obj (.text:CpacCheckForOutgoingMessages)
                  0000a400    00000042     cpac.obj (.text:Cpac_send_rs485_data)
                  0000a442    00000042     rts430_eabi.lib : autoinit.c.obj (.text:__TI_auto_init_nobinit_nopinit:__TI_auto_init_nobinit_nopinit)
                  0000a484    00000040     cpac.obj (.text:SB_CheckFunctionCode)
                  0000a4c4    00000040     rts430_eabi.lib : div32s.asm.obj (.text)
                  0000a504    00000040     serialA.obj (.text:serialA_restart_output)
                  0000a544    0000003e     rts430_eabi.lib : asr32.asm.obj (.text:l_asr_const)
                  0000a582    0000003e                     : lsl32.asm.obj (.text:l_lsl_const)
                  0000a5c0    0000003e     serialA.obj (.text:serialA_writeN)
                  0000a5fe    0000003e     serialB.obj (.text:serialB_read)
                  0000a63c    0000003e     timers.obj (.text:timerB_init)
                  0000a67a    0000003c     wabs.obj (.text:capture_ambient_rssi)
                  0000a6b6    0000003c     wabs.obj (.text:clear_rs485_active)
                  0000a6f2    0000003c     serialA.obj (.text:serialA_output_byte)
                  0000a72e    0000003a     cpac.obj (.text:Cpac_remove_command)
                  0000a768    0000003a     wabs.obj (.text:mark_duplicate)
                  0000a7a2    0000003a     wabs.obj (.text:remove_ack_alert)
                  0000a7dc    0000003a     serialB.obj (.text:serialB_writeN)
                  0000a816    0000003a     timers.obj (.text:timerB_isr)
                  0000a850    00000038     rts430_eabi.lib : rand.c.obj (.text:rand)
                  0000a888    00000038     serialA.obj (.text:serialA_tx_isr)
                  0000a8c0    00000038     rts430_eabi.lib : sprintf.c.obj (.text:sprintf)
                  0000a8f8    00000036     cpac.obj (.text:CpacSaveOutgoingMessage)
                  0000a92e    00000036     serialB.obj (.text:serialB_output_byte)
                  0000a964    00000034     cpu.obj (.text:cpu_compare_switches)
                  0000a998    00000030     wabs.obj (.text:check_duplicate)
                  0000a9c8    0000002e     rts430_eabi.lib : subd.c.obj (.text:__mspabi_subd)
                  0000a9f6    0000002e     wabs.obj (.text:clear_active)
                  0000aa24    0000002e     rts430_eabi.lib : s_copysign.c.obj (.text:copysign)
                  0000aa52    0000002c                     : asr16.asm.obj (.text)
                  0000aa7e    0000002c                     : div16s.asm.obj (.text)
                  0000aaaa    0000002c                     : lsl16.asm.obj (.text)
                  0000aad6    0000002a                     : negd.c.obj (.text:__mspabi_negd)
                  0000ab00    0000002a     cpu.obj (.text:cpu_shift_byte)
                  0000ab2a    0000002a     wabs.obj (.text:mark_active)
                  0000ab54    00000028     rts430_eabi.lib : fixdi.c.obj (.text:__mspabi_fixdi)
                  0000ab7c    00000026     wabs.obj (.text:IsCPAC_Message)
                  0000aba2    00000026     rts430_eabi.lib : mult32.asm.obj (.text)
                  0000abc8    00000024     serialB.obj (.text:serialB_tx_isr)
                  0000abec    00000022     rts430_eabi.lib : mult1632.asm.obj (.text:__mpyul)
                  0000ac0e    00000022     cpu.obj (.text:cpu_power_up_read_switches)
                  0000ac30    00000022     rts430_eabi.lib : memccpy.c.obj (.text:memccpy)
                  0000ac52    00000022     serialB.obj (.text:serialB_txDone)
                  0000ac74    00000022     timers.obj (.text:timer_chkLoResTimerExpired)
                  0000ac96    00000020     timers.obj (.text:timer_setLoResTimer)
                  0000acb6    0000001e     rts430_eabi.lib : mult3264.asm.obj (.text:__mpyull)
                  0000acd4    0000001c                     : boot.c.obj (.text:_c_int00_noargs)
                  0000acf0    0000001a                     : sprintf.c.obj (.text:_outs)
                  0000ad0a    0000001a                     : strchr.c.obj (.text:strchr)
                  0000ad24    00000018     cpac.obj (.text:CpacHostRadioSaveMessage)
                  0000ad3c    00000018     rts430_eabi.lib : rand.c.obj (.text:srand)
                  0000ad54    00000018                     : strcmp.c.obj (.text:strcmp)
                  0000ad6c    00000016                     : div16u.asm.obj (.text)
                  0000ad82    00000014     cpac.obj (.text:SB_RotateReceiver)
                  0000ad96    00000014     wabs.obj (.text:checksum)
                  0000adaa    00000014     rts430_eabi.lib : copy_zero_init.c.obj (.text:decompress:ZI:__TI_zero_init)
                  0000adbe    00000014                     : memset.c.obj (.text:memset)
                  0000add2    00000014                     : mult16.asm.obj (.text)
                  0000ade6    00000014                     : wcslen.c.obj (.text:wcslen)
                  0000adfa    00000012                     : sprintf.c.obj (.text:_outc)
                  0000ae0c    00000012                     : copy_decompress_none.c.obj (.text:decompress:none:__TI_decompress_none)
                  0000ae1e    00000012                     : lsr32.asm.obj (.text:l_lsr)
                  0000ae30    00000012                     : memcpy.c.obj (.text:memcpy)
                  0000ae42    00000010                     : lsl32.asm.obj (.text:l_lsl)
                  0000ae52    00000010     wabs.obj (.text:read_address_switch)
                  0000ae62    00000010     rts430_eabi.lib : epilog.asm.obj (.text)
                  0000ae72    0000000e     cpu.obj (.text:cpu_readCfgDIP)
                  0000ae80    0000000e     cpu.obj (.text:cpu_readNetDIP)
                  0000ae8e    0000000e     cpu.obj (.text:cpu_readSpareDIP)
                  0000ae9c    0000000e     wabs.obj (.text:is_registration_active)
                  0000aeaa    0000000e     wabs.obj (.text:is_rs485_active)
                  0000aeb8    0000000e     serialA.obj (.text:serialA_ignoreCTS)
                  0000aec6    0000000e     rts430_eabi.lib : strlen.c.obj (.text:strlen)
                  0000aed4    0000000c                     : fltid.c.obj (.text:__mspabi_fltid)
                  0000aee0    0000000c     serialA.obj (.text:serialA_txBufEmpty)
                  0000aeec    0000000c     timers.obj (.text:timer_ResetTimer)
                  0000aef8    0000000c     timers.obj (.text:timer_init)
                  0000af04    0000000c     rts430_eabi.lib : toupper.c.obj (.text:toupper)
                  0000af10    0000000a                     : abs.c.obj (.text:abs)
                  0000af1a    0000000a                     : isalpha.c.obj (.text:isalpha)
                  0000af24    00000008                     : isr_trap.asm.obj (.text:_isr:__TI_ISR_TRAP)
                  0000af2c    00000008                     : isdigit.c.obj (.text:isdigit)
                  0000af34    00000006                     : exit.c.obj (.text:abort)
                  0000af3a    00000004                     : pre_init.c.obj (.text:_system_pre_init)
                  0000af3e    00000002                     : _lock.c.obj (.text:_nop)
                  0000af40    00000002                     : startup.c.obj (.text:_system_post_cinit)

.const     0    0000af42    00000242     
                  0000af42    00000112     wabs.obj (.const:.string)
                  0000b054    00000101     rts430_eabi.lib : ctype.c.obj (.const:.string:_ctypes_)
                  0000b155    00000001     --HOLE-- [fill = 0]
                  0000b156    00000026                     : _printfi.c.obj (.const:.string)
                  0000b17c    00000008     cpac.obj (.const:.string:SB_FunctionCodeList)

.cinit     0    0000b184    00000096     
                  0000b184    00000084     (.cinit..data.load) [load image, compression = lzss]
                  0000b208    00000006     (__TI_handler_table)
                  0000b20e    00000004     (.cinit..bss.load) [load image, compression = zero_init]
                  0000b212    00000008     (__TI_cinit_table)

.binit     0    00004000    00000000     

.init_array 
*          0    00004000    00000000     UNINITIALIZED

DACDMA     0    0000ffe0    00000002     
                  0000ffe0    00000002     rts430_eabi.lib : int00.asm.obj (.int00)

PORT2      0    0000ffe2    00000002     
                  0000ffe2    00000002     rts430_eabi.lib : int01.asm.obj (.int01)

USART1TX   0    0000ffe4    00000002     
                  0000ffe4    00000002     serialB.obj (.int02)

USART1RX   0    0000ffe6    00000002     
                  0000ffe6    00000002     serialB.obj (.int03)

PORT1      0    0000ffe8    00000002     
                  0000ffe8    00000002     rts430_eabi.lib : int04.asm.obj (.int04)

TIMERA1    0    0000ffea    00000002     
                  0000ffea    00000002     rts430_eabi.lib : int05.asm.obj (.int05)

TIMERA0    0    0000ffec    00000002     
                  0000ffec    00000002     rts430_eabi.lib : int06.asm.obj (.int06)

ADC12      0    0000ffee    00000002     
                  0000ffee    00000002     rts430_eabi.lib : int07.asm.obj (.int07)

USART0TX   0    0000fff0    00000002     
                  0000fff0    00000002     serialA.obj (.int08)

USART0RX   0    0000fff2    00000002     
                  0000fff2    00000002     serialA.obj (.int09)

WDT        0    0000fff4    00000002     
                  0000fff4    00000002     rts430_eabi.lib : int10.asm.obj (.int10)

COMPARATORA 
*          0    0000fff6    00000002     
                  0000fff6    00000002     rts430_eabi.lib : int11.asm.obj (.int11)

TIMERB1    0    0000fff8    00000002     
                  0000fff8    00000002     rts430_eabi.lib : int12.asm.obj (.int12)

TIMERB0    0    0000fffa    00000002     
                  0000fffa    00000002     timers.obj (.int13)

NMI        0    0000fffc    00000002     
                  0000fffc    00000002     rts430_eabi.lib : int14.asm.obj (.int14)

.reset     0    0000fffe    00000002     
                  0000fffe    00000002     rts430_eabi.lib : boot.c.obj (.reset)

MODULE SUMMARY

       Module                       code    ro data   rw data
       ------                       ----    -------   -------
    C:\Users\Austin\Medical Alert\Instant Care Engineering - Lifeline\Wireless Link\Firmware\8100-00\8100-00\8100-00\Release\
       wabs.obj                     9494    274       6479   
       cpu.obj                      1184    0         999    
       cpac.obj                     664     8         724    
       serialA.obj                  712     4         663    
       serialB.obj                  598     4         667    
       timers.obj                   362     2         80     
    +--+----------------------------+-------+---------+---------+
       Total:                       13014   292       9612   
                                                             
    C:\ti\ccs2100\ccs\tools\compiler\ti-cgt-msp430_21.6.2.LTS\lib\rts430_eabi.lib
       _printfi.c.obj               6622    38        0      
       addd.c.obj                   1846    0         0      
       frcdivd.c.obj                1144    0         0      
       div64u.c.obj                 864     0         0      
       mpyd.c.obj                   704     0         0      
       divd.c.obj                   562     0         0      
       frcmpyd.c.obj                370     0         0      
       s_scalbn.c.obj               362     0         0      
       mult64.asm.obj               276     0         0      
       ctype.c.obj                  0       257       0      
       cmpd.c.obj                   220     0         0      
       s_frexp.c.obj                176     0         0      
       fltlid.c.obj                 172     0         0      
       _ltoa.c.obj                  132     0         0      
       copy_decompress_lzss.c.obj   124     0         0      
       fixdli.c.obj                 114     0         0      
       lsr32.asm.obj                110     0         0      
       sprintf.c.obj                100     0         0      
       div32u.asm.obj               88      0         0      
       rand.c.obj                   80      0         4      
       atoi.c.obj                   82      0         0      
       lsl32.asm.obj                78      0         0      
       lsr16.asm.obj                76      0         0      
       asr64.c.obj                  74      0         0      
       lsr64.c.obj                  70      0         0      
       lsl64.c.obj                  68      0         0      
       autoinit.c.obj               66      0         0      
       div32s.asm.obj               64      0         0      
       asr32.asm.obj                62      0         0      
       s_copysign.c.obj             46      0         0      
       subd.c.obj                   46      0         0      
       asr16.asm.obj                44      0         0      
       div16s.asm.obj               44      0         0      
       lsl16.asm.obj                44      0         0      
       negd.c.obj                   42      0         0      
       fixdi.c.obj                  40      0         0      
       mult32.asm.obj               38      0         0      
       memccpy.c.obj                34      0         0      
       mult1632.asm.obj             34      0         0      
       boot.c.obj                   28      2         0      
       mult3264.asm.obj             30      0         0      
       strchr.c.obj                 26      0         0      
       strcmp.c.obj                 24      0         0      
       div16u.asm.obj               22      0         0      
       copy_zero_init.c.obj         20      0         0      
       memset.c.obj                 20      0         0      
       mult16.asm.obj               20      0         0      
       wcslen.c.obj                 20      0         0      
       copy_decompress_none.c.obj   18      0         0      
       memcpy.c.obj                 18      0         0      
       epilog.asm.obj               16      0         0      
       strlen.c.obj                 14      0         0      
       fltid.c.obj                  12      0         0      
       toupper.c.obj                12      0         0      
       abs.c.obj                    10      0         0      
       isalpha.c.obj                10      0         0      
       isdigit.c.obj                8       0         0      
       isr_trap.asm.obj             8       0         0      
       _lock.c.obj                  2       0         4      
       exit.c.obj                   6       0         0      
       pre_init.c.obj               4       0         0      
       errno.c.obj                  0       0         2      
       int00.asm.obj                0       2         0      
       int01.asm.obj                0       2         0      
       int04.asm.obj                0       2         0      
       int05.asm.obj                0       2         0      
       int06.asm.obj                0       2         0      
       int07.asm.obj                0       2         0      
       int10.asm.obj                0       2         0      
       int11.asm.obj                0       2         0      
       int12.asm.obj                0       2         0      
       int14.asm.obj                0       2         0      
       startup.c.obj                2       0         0      
    +--+----------------------------+-------+---------+---------+
       Total:                       15468   317       10     
                                                             
       Stack:                       0       0         400    
       Linker Generated:            0       150       0      
    +--+----------------------------+-------+---------+---------+
       Grand Total:                 28482   759       10022  


LINKER GENERATED COPY TABLES

__TI_cinit_table @ 0000b212 records: 2, size/record: 4, table size: 8
	.data: load addr=0000b184, load size=00000084 bytes, run addr=000031d8, run size=000004be bytes, compression=lzss
	.bss: load addr=0000b20e, load size=00000004 bytes, run addr=00001100, run size=000020d8 bytes, compression=zero_init


LINKER GENERATED HANDLER TABLE

__TI_handler_table @ 0000b208 records: 3, size/record: 2, table size: 6
	index: 0, handler: __TI_zero_init
	index: 1, handler: __TI_decompress_lzss
	index: 2, handler: __TI_decompress_none


GLOBAL SYMBOLS: SORTED ALPHABETICALLY BY Name 

address   name                                  
-------   ----                                  
000001a0  ADC12CTL0                             
000001a2  ADC12CTL1                             
000001a6  ADC12IE                               
000001a4  ADC12IFG                              
000001a8  ADC12IV                               
00000080  ADC12MCTL0                            
00000081  ADC12MCTL1                            
0000008a  ADC12MCTL10                           
0000008b  ADC12MCTL11                           
0000008c  ADC12MCTL12                           
0000008d  ADC12MCTL13                           
0000008e  ADC12MCTL14                           
0000008f  ADC12MCTL15                           
00000082  ADC12MCTL2                            
00000083  ADC12MCTL3                            
00000084  ADC12MCTL4                            
00000085  ADC12MCTL5                            
00000086  ADC12MCTL6                            
00000087  ADC12MCTL7                            
00000088  ADC12MCTL8                            
00000089  ADC12MCTL9                            
00000140  ADC12MEM0                             
00000142  ADC12MEM1                             
00000154  ADC12MEM10                            
00000156  ADC12MEM11                            
00000158  ADC12MEM12                            
0000015a  ADC12MEM13                            
0000015c  ADC12MEM14                            
0000015e  ADC12MEM15                            
00000144  ADC12MEM2                             
00000146  ADC12MEM3                             
00000148  ADC12MEM4                             
0000014a  ADC12MEM5                             
0000014c  ADC12MEM6                             
0000014e  ADC12MEM7                             
00000150  ADC12MEM8                             
00000152  ADC12MEM9                             
00000057  BCSCTL1                               
00000058  BCSCTL2                               
0000af34  C$$EXIT                               
00000059  CACTL1                                
0000005a  CACTL2                                
0000005b  CAPD                                  
000035e2  CapabilityCode                        
00003608  CartsProtocolList                     
000035dc  CartsReprogramList                    
000035ed  ChecksumFailCount                     
0000a3be  CpacCheckForOutgoingMessages          
0000ad24  CpacHostRadioSaveMessage              
00009750  CpacSaveMessage                       
0000a8f8  CpacSaveOutgoingMessage               
00008eac  Cpac_host_send_radio_command          
0000a72e  Cpac_remove_command                   
0000a400  Cpac_send_rs485_data                  
00008b8a  CpuCalculateAverage                   
0000a006  CpuGetTxidAndTruthTable               
00009db8  CpuMonitorWatchdog                    
00008dee  CpuSaveRssiIntoAverage                
000001c0  DAC12_0CTL                            
000001c8  DAC12_0DAT                            
000001c2  DAC12_1CTL                            
000001ca  DAC12_1DAT                            
00000056  DCOCTL                                
000001e0  DMA0CTL                               
000001e4  DMA0DA                                
000001e2  DMA0SA                                
000001e6  DMA0SZ                                
000001e8  DMA1CTL                               
000001ec  DMA1DA                                
000001ea  DMA1SA                                
000001ee  DMA1SZ                                
000001f0  DMA2CTL                               
000001f4  DMA2DA                                
000001f2  DMA2SA                                
000001f6  DMA2SZ                                
00000122  DMACTL0                               
00000124  DMACTL1                               
00000128  FCTL1                                 
0000012a  FCTL2                                 
0000012c  FCTL3                                 
00000072  I2CDCTL                               
00000076  I2CDRB                                
00000076  I2CDRW                                
00000050  I2CIE                                 
00000051  I2CIFG                                
0000011c  I2CIV                                 
00000052  I2CNDAT                               
00000118  I2COA                                 
00000073  I2CPSC                                
0000011a  I2CSA                                 
00000074  I2CSCLH                               
00000075  I2CSCLL                               
00000071  I2CTCTL                               
00000000  IE1                                   
00000001  IE2                                   
00000002  IFG1                                  
00000003  IFG2                                  
0000ab7c  IsCPAC_Message                        
00000134  MAC                                   
00000136  MACS                                  
00000004  ME1                                   
00000005  ME2                                   
00000130  MPY                                   
00000132  MPYS                                  
00000138  OP2                                   
00000022  P1DIR                                 
00000025  P1IE                                  
00000024  P1IES                                 
00000023  P1IFG                                 
00000020  P1IN                                  
00000021  P1OUT                                 
00000026  P1SEL                                 
0000002a  P2DIR                                 
0000002d  P2IE                                  
0000002c  P2IES                                 
0000002b  P2IFG                                 
00000028  P2IN                                  
00000029  P2OUT                                 
0000002e  P2SEL                                 
0000001a  P3DIR                                 
00000018  P3IN                                  
00000019  P3OUT                                 
0000001b  P3SEL                                 
0000001e  P4DIR                                 
0000001c  P4IN                                  
0000001d  P4OUT                                 
0000001f  P4SEL                                 
00000032  P5DIR                                 
00000030  P5IN                                  
00000031  P5OUT                                 
00000033  P5SEL                                 
00000036  P6DIR                                 
00000034  P6IN                                  
00000035  P6OUT                                 
00000037  P6SEL                                 
000035e3  PacketSize                            
000035e0  ProtocolFlag                          
0000013c  RESHI                                 
0000013a  RESLO                                 
000035e1  ResponseCode                          
00002066  RssiAverage                           
00009a9e  SB2000_InitializeProtocolPackets      
00008f64  SB2000_ReconfigureProtocolPacket      
0000a484  SB_CheckFunctionCode                  
0000b17c  SB_FunctionCodeList                   
0000ad82  SB_RotateReceiver                     
000098ca  SB_SmokeDetectSupervisorProtocolPacket
0000013e  SUMEXT                                
00000055  SVSCTL                                
00000172  TACCR0                                
00000174  TACCR1                                
00000176  TACCR2                                
00000162  TACCTL0                               
00000164  TACCTL1                               
00000166  TACCTL2                               
00000160  TACTL                                 
0000012e  TAIV                                  
00000170  TAR                                   
00000192  TBCCR0                                
00000194  TBCCR1                                
00000196  TBCCR2                                
00000198  TBCCR3                                
0000019a  TBCCR4                                
0000019c  TBCCR5                                
0000019e  TBCCR6                                
00000182  TBCCTL0                               
00000184  TBCCTL1                               
00000186  TBCCTL2                               
00000188  TBCCTL3                               
0000018a  TBCCTL4                               
0000018c  TBCCTL5                               
0000018e  TBCCTL6                               
00000180  TBCTL                                 
0000011e  TBIV                                  
00000190  TBR                                   
000035e5  TkAddress                             
000035e9  TkBaseRssi                            
000035e7  TkCapabilityCode                      
000035eb  TkNoiseLeft                           
000035ea  TkNoiseRight                          
000035e4  TkNumberOfPackets                     
000035e6  TkPacketSize                          
000035e8  TkRssi                                
000035ec  TkStatus                              
000031a4  TruthTablesValue                      
000031a0  Txid                                  
00000074  U0BR0                                 
00000075  U0BR1                                 
00000070  U0CTL                                 
00000073  U0MCTL                                
00000072  U0RCTL                                
00000076  U0RXBUF                               
00000071  U0TCTL                                
00000077  U0TXBUF                               
0000007c  U1BR0                                 
0000007d  U1BR1                                 
00000078  U1CTL                                 
0000007b  U1MCTL                                
0000007a  U1RCTL                                
0000007e  U1RXBUF                               
00000079  U1TCTL                                
0000007f  U1TXBUF                               
00000120  WDTCTL                                
000031a6  WatchDogHoursTimer                    
00003900  __STACK_END                           
00000190  __STACK_SIZE                          
0000b212  __TI_CINIT_Base                       
0000b21a  __TI_CINIT_Limit                      
0000b21a  __TI_CINIT_Warm                       
0000b208  __TI_Handler_Table_Base               
0000b20e  __TI_Handler_Table_Limit              
0000af24  __TI_ISR_TRAP                         
0000a442  __TI_auto_init_nobinit_nopinit        
0000984e  __TI_decompress_lzss                  
0000ae0c  __TI_decompress_none                  
00005230  __TI_frcdivd                          
00007ec8  __TI_frcmpyd                          
0000ffe0  __TI_int00                            
0000ffe2  __TI_int01                            
0000ffe4  __TI_int02                            
0000ffe6  __TI_int03                            
0000ffe8  __TI_int04                            
0000ffea  __TI_int05                            
0000ffec  __TI_int06                            
0000ffee  __TI_int07                            
0000fff0  __TI_int08                            
0000fff2  __TI_int09                            
0000fff4  __TI_int10                            
0000fff6  __TI_int11                            
0000fff8  __TI_int12                            
0000fffa  __TI_int13                            
0000fffc  __TI_int14                            
000096cc  __TI_ltoa                             
ffffffff  __TI_pprof_out_hndl                   
000063c2  __TI_printfi                          
ffffffff  __TI_prof_data_size                   
ffffffff  __TI_prof_data_start                  
0000adaa  __TI_zero_init                        
ffffffff  __c_args__                            
00004000  __mspabi_addd                         
00008aae  __mspabi_cmpd                         
00006fd0  __mspabi_divd                         
0000aa7e  __mspabi_divi                         
0000a4c4  __mspabi_divli                        
0000ad6c  __mspabi_divu                         
00009e12  __mspabi_divul                        
00005a6c  __mspabi_divull                       
0000ab54  __mspabi_fixdi                        
000099be  __mspabi_fixdli                       
0000aed4  __mspabi_fltid                        
00009222  __mspabi_fltlid                       
0000ae6e  __mspabi_func_epilog_1                
0000ae6c  __mspabi_func_epilog_2                
0000ae6a  __mspabi_func_epilog_3                
0000ae68  __mspabi_func_epilog_4                
0000ae66  __mspabi_func_epilog_5                
0000ae64  __mspabi_func_epilog_6                
0000ae62  __mspabi_func_epilog_7                
00006102  __mspabi_mpyd                         
0000add2  __mspabi_mpyi                         
0000add2  __mspabi_mpyi_sw                      
0000aba2  __mspabi_mpyl                         
0000aba2  __mspabi_mpyl_sw                      
000087c2  __mspabi_mpyll                        
000087c2  __mspabi_mpyll_sw                     
0000abec  __mspabi_mpyul                        
0000abec  __mspabi_mpyul_sw                     
0000acb6  __mspabi_mpyull                       
0000acb6  __mspabi_mpyull_sw                    
0000aad6  __mspabi_negd                         
0000aa7e  __mspabi_remi                         
0000a4c4  __mspabi_remli                        
0000ad6c  __mspabi_remu                         
00009e12  __mspabi_remul                        
0000aaaa  __mspabi_slli                         
0000aad2  __mspabi_slli_1                       
0000aac0  __mspabi_slli_10                      
0000aabe  __mspabi_slli_11                      
0000aabc  __mspabi_slli_12                      
0000aaba  __mspabi_slli_13                      
0000aab8  __mspabi_slli_14                      
0000aab6  __mspabi_slli_15                      
0000aad0  __mspabi_slli_2                       
0000aace  __mspabi_slli_3                       
0000aacc  __mspabi_slli_4                       
0000aaca  __mspabi_slli_5                       
0000aac8  __mspabi_slli_6                       
0000aac6  __mspabi_slli_7                       
0000aac4  __mspabi_slli_8                       
0000aac2  __mspabi_slli_9                       
0000ae42  __mspabi_slll                         
0000a5ba  __mspabi_slll_1                       
0000a596  __mspabi_slll_10                      
0000a592  __mspabi_slll_11                      
0000a58e  __mspabi_slll_12                      
0000a58a  __mspabi_slll_13                      
0000a586  __mspabi_slll_14                      
0000a582  __mspabi_slll_15                      
0000a5b6  __mspabi_slll_2                       
0000a5b2  __mspabi_slll_3                       
0000a5ae  __mspabi_slll_4                       
0000a5aa  __mspabi_slll_5                       
0000a5a6  __mspabi_slll_6                       
0000a5a2  __mspabi_slll_7                       
0000a59e  __mspabi_slll_8                       
0000a59a  __mspabi_slll_9                       
0000a336  __mspabi_sllll                        
0000aa52  __mspabi_srai                         
0000aa7a  __mspabi_srai_1                       
0000aa68  __mspabi_srai_10                      
0000aa66  __mspabi_srai_11                      
0000aa64  __mspabi_srai_12                      
0000aa62  __mspabi_srai_13                      
0000aa60  __mspabi_srai_14                      
0000aa5e  __mspabi_srai_15                      
0000aa78  __mspabi_srai_2                       
0000aa76  __mspabi_srai_3                       
0000aa74  __mspabi_srai_4                       
0000aa72  __mspabi_srai_5                       
0000aa70  __mspabi_srai_6                       
0000aa6e  __mspabi_srai_7                       
0000aa6c  __mspabi_srai_8                       
0000aa6a  __mspabi_srai_9                       
0000a57c  __mspabi_sral_1                       
0000a558  __mspabi_sral_10                      
0000a554  __mspabi_sral_11                      
0000a550  __mspabi_sral_12                      
0000a54c  __mspabi_sral_13                      
0000a548  __mspabi_sral_14                      
0000a544  __mspabi_sral_15                      
0000a578  __mspabi_sral_2                       
0000a574  __mspabi_sral_3                       
0000a570  __mspabi_sral_4                       
0000a56c  __mspabi_sral_5                       
0000a568  __mspabi_sral_6                       
0000a564  __mspabi_sral_7                       
0000a560  __mspabi_sral_8                       
0000a55c  __mspabi_sral_9                       
0000a18a  __mspabi_srall                        
0000a13e  __mspabi_srli                         
0000a184  __mspabi_srli_1                       
0000a160  __mspabi_srli_10                      
0000a15c  __mspabi_srli_11                      
0000a158  __mspabi_srli_12                      
0000a154  __mspabi_srli_13                      
0000a150  __mspabi_srli_14                      
0000a14c  __mspabi_srli_15                      
0000a180  __mspabi_srli_2                       
0000a17c  __mspabi_srli_3                       
0000a178  __mspabi_srli_4                       
0000a174  __mspabi_srli_5                       
0000a170  __mspabi_srli_6                       
0000a16c  __mspabi_srli_7                       
0000a168  __mspabi_srli_8                       
0000a164  __mspabi_srli_9                       
0000ae1e  __mspabi_srll                         
00009db0  __mspabi_srll_1                       
00009d7a  __mspabi_srll_10                      
00009d74  __mspabi_srll_11                      
00009d6e  __mspabi_srll_12                      
00009d68  __mspabi_srll_13                      
00009d62  __mspabi_srll_14                      
00009d5c  __mspabi_srll_15                      
00009daa  __mspabi_srll_2                       
00009da4  __mspabi_srll_3                       
00009d9e  __mspabi_srll_4                       
00009d98  __mspabi_srll_5                       
00009d92  __mspabi_srll_6                       
00009d8c  __mspabi_srll_7                       
00009d86  __mspabi_srll_8                       
00009d80  __mspabi_srll_9                       
0000a264  __mspabi_srlll                        
0000a9c8  __mspabi_subd                         
0000acd4  _c_int00_noargs                       
0000b054  _ctypes_                              
00003690  _lock                                 
0000af3e  _nop                                  
0000fffe  _reset_vector                         
00003770  _stack                                
0000af40  _system_post_cinit                    
0000af3a  _system_pre_init                      
00003692  _unlock                               
0000af34  abort                                 
0000af10  abs                                   
000030b4  accum_rssi                            
000031d8  active_alert_head                     
000033ca  active_alert_tail                     
00003684  active_command_head                   
00003686  active_command_tail                   
000035da  active_count                          
00003128  active_units                          
00008c5a  activity_check                        
00007202  add_alert                             
00001100  alert_list                            
0000360c  alert_list_remaining                  
00003148  ambient_rssi                          
00009f12  atoi                                  
000035db  bfr_percentage                        
00003676  bufferOverflowCount                   
00003602  button_state                          
0000a67a  capture_ambient_rssi                  
0000a998  check_duplicate                       
0000ad96  checksum                              
0000a9f6  clear_active                          
0000a6b6  clear_rs485_active                    
0000241c  command_list                          
0000aa24  copysign                              
0000aa24  copysignl                             
0000a964  cpu_compare_switches                  
000086aa  cpu_initCpu                           
0000ac0e  cpu_power_up_read_switches            
0000ae72  cpu_readCfgDIP                        
0000ae80  cpu_readNetDIP                        
0000ae8e  cpu_readSpareDIP                      
00009ebe  cpu_write_led_display                 
00003600  data_counter                          
000035bc  data_p                                
00003683  debounceDIPcompare                    
000031d6  debug_count                           
0000a0a2  duplicate_alert_match                 
000031d7  errBits                               
00003694  errno                                 
00003672  frameCount                            
00009016  frexp                                 
00009016  frexpl                                
000056a8  host_radio_state_machine              
00008442  host_rs485_state_machine              
000035f6  host_unit                             
0000a2aa  inc_radio_msg_counter                 
0000a2f0  is_active                             
0000ae9c  is_registration_active                
0000aeaa  is_rs485_active                       
0000af1a  isalpha                               
0000af2c  isdigit                               
000035d6  keepalive_counter                     
000031a8  last_ack                              
000035fa  last_index                            
0000803a  ldexp                                 
0000803a  ldexpl                                
0000664a  led_state_machine                     
00007432  main                                  
0000ab2a  mark_active                           
00009bd6  mark_active_by_mask                   
0000a768  mark_duplicate                        
0000a37a  mark_rs485_active                     
0000ac30  memccpy                               
0000ae30  memcpy                                
0000adbe  memset                                
000035fe  offline_counter                       
00003674  overrunCount                          
00001a60  polling_list                          
000035ca  radio_ack_counter                     
000035f4  radio_address                         
000035d3  radio_char_unexpected                 
000035c6  radio_error_counter                   
000035c2  radio_hop_count                       
00004cde  radio_init                            
00003188  radio_init_bfr                        
000030f4  radio_init_buffers                    
000031aa  radio_init_cfg_count                  
000031ac  radio_init_cfg_size                   
0000362a  radio_init_config_strings             
000031ae  radio_init_count                      
00003610  radio_init_next_state                 
0000360e  radio_init_state                      
000035ce  radio_msg_counter                     
00009b08  radio_quality                         
000035c4  radio_relay_active                    
000035c5  radio_relay_candidate                 
000035d4  radio_relay_hops                      
000035c3  radio_relay_ignore                    
00009402  radio_repeater                        
000035d2  radio_reply_expected                  
000035d5  radio_sequence_number                 
000035c0  radio_serial_number                   
000031b0  radio_version                         
000035f0  radioactive                           
0000a850  rand                                  
00002b6c  rdata                                 
000035ee  rdata_count                           
000035be  rdata_p                               
0000ae52  read_address_switch                   
00004736  remote_radio_state_machine            
00005dcc  remote_rs485_state_machine            
0000a7a2  remove_ack_alert                      
000090c6  remove_alert                          
00003606  repeat_pending                        
00003168  repeater_active_list                  
000026ec  repeater_list                         
00003604  repeater_list_index                   
000035d8  retransmit_interval                   
000035fc  rmt_percentage                        
000035f7  rssi_averaging                        
00002c6c  rx_data                               
0000367f  saveCfgDIP                            
00003680  saveNetDIP                            
00003682  saveRotarySwitch                      
00003681  saveSpareDIP                          
0000803a  scalbn                                
0000803a  scalbnl                               
00009a30  send_radio_ack                        
000081a4  send_radio_alert                      
00009646  send_radio_keepalive                  
00009f64  send_radio_rr                         
0000a0f0  send_radio_wr                         
00009c3a  send_rs485_poll                       
000095b8  send_rs485_response                   
00003678  serialA_Error                         
0000286c  serialA_InBuffer                      
000031b2  serialA_InCount                       
000031b4  serialA_InGet                         
000031b6  serialA_InPut                         
000031b8  serialA_InSize                        
00002d6c  serialA_OutBuffer                     
000031ba  serialA_OutCount                      
0000367c  serialA_OutCtr                        
000031bc  serialA_OutGet                        
000031be  serialA_OutPut                        
000031c0  serialA_OutSize                       
0000367a  serialA_Overrun                       
0000aeb8  serialA_ignoreCTS                     
0000367e  serialA_ignoreCTS_flag                
0000936a  serialA_init                          
00009b70  serialA_read                          
0000a504  serialA_restart_output                
00009cfe  serialA_rx_isr                        
0000aee0  serialA_txBufEmpty                    
0000a888  serialA_tx_isr                        
00009c9e  serialA_write                         
0000a5c0  serialA_writeN                        
0000366e  serialB_Error                         
000029ec  serialB_InBuffer                      
000031c2  serialB_InCount                       
000031c4  serialB_InGet                         
000031c6  serialB_InPut                         
000031c8  serialB_InSize                        
00002e6c  serialB_OutBuffer                     
000031ca  serialB_OutCount                      
000031cc  serialB_OutGet                        
000031ce  serialB_OutPut                        
000031d0  serialB_OutSize                       
00003670  serialB_Overrun                       
000092ce  serialB_init                          
0000a5fe  serialB_read                          
000097d0  serialB_rx_isr                        
0000ac52  serialB_txDone                        
0000abc8  serialB_tx_isr                        
0000a1d4  serialB_write                         
0000a7dc  serialB_writeN                        
0000a8c0  sprintf                               
0000ad3c  srand                                 
000035f2  startup_sweep                         
0000ad0a  strchr                                
0000ad54  strcmp                                
0000aec6  strlen                                
000035f8  supervisor_filter                     
0000a816  timerB_isr                            
0000a21c  timer_ElapsedTimer                    
0000aeec  timer_ResetTimer                      
0000ac74  timer_chkLoResTimerExpired            
0000368e  timer_counter                         
00009fb6  timer_extendLoResTimer                
000031d2  timer_freerunning                     
0000aef8  timer_init                            
0000306c  timer_loResTimer                      
0000368c  timer_sequenceLeds                    
0000ac96  timer_setLoResTimer                   
000031d4  timer_value                           
0000af04  toupper                               
00002f6c  tx_data                               
0000ade6  wcslen                                


GLOBAL SYMBOLS: SORTED BY Symbol Address 

address   name                                  
-------   ----                                  
00000000  IE1                                   
00000001  IE2                                   
00000002  IFG1                                  
00000003  IFG2                                  
00000004  ME1                                   
00000005  ME2                                   
00000018  P3IN                                  
00000019  P3OUT                                 
0000001a  P3DIR                                 
0000001b  P3SEL                                 
0000001c  P4IN                                  
0000001d  P4OUT                                 
0000001e  P4DIR                                 
0000001f  P4SEL                                 
00000020  P1IN                                  
00000021  P1OUT                                 
00000022  P1DIR                                 
00000023  P1IFG                                 
00000024  P1IES                                 
00000025  P1IE                                  
00000026  P1SEL                                 
00000028  P2IN                                  
00000029  P2OUT                                 
0000002a  P2DIR                                 
0000002b  P2IFG                                 
0000002c  P2IES                                 
0000002d  P2IE                                  
0000002e  P2SEL                                 
00000030  P5IN                                  
00000031  P5OUT                                 
00000032  P5DIR                                 
00000033  P5SEL                                 
00000034  P6IN                                  
00000035  P6OUT                                 
00000036  P6DIR                                 
00000037  P6SEL                                 
00000050  I2CIE                                 
00000051  I2CIFG                                
00000052  I2CNDAT                               
00000055  SVSCTL                                
00000056  DCOCTL                                
00000057  BCSCTL1                               
00000058  BCSCTL2                               
00000059  CACTL1                                
0000005a  CACTL2                                
0000005b  CAPD                                  
00000070  U0CTL                                 
00000071  I2CTCTL                               
00000071  U0TCTL                                
00000072  I2CDCTL                               
00000072  U0RCTL                                
00000073  I2CPSC                                
00000073  U0MCTL                                
00000074  I2CSCLH                               
00000074  U0BR0                                 
00000075  I2CSCLL                               
00000075  U0BR1                                 
00000076  I2CDRB                                
00000076  I2CDRW                                
00000076  U0RXBUF                               
00000077  U0TXBUF                               
00000078  U1CTL                                 
00000079  U1TCTL                                
0000007a  U1RCTL                                
0000007b  U1MCTL                                
0000007c  U1BR0                                 
0000007d  U1BR1                                 
0000007e  U1RXBUF                               
0000007f  U1TXBUF                               
00000080  ADC12MCTL0                            
00000081  ADC12MCTL1                            
00000082  ADC12MCTL2                            
00000083  ADC12MCTL3                            
00000084  ADC12MCTL4                            
00000085  ADC12MCTL5                            
00000086  ADC12MCTL6                            
00000087  ADC12MCTL7                            
00000088  ADC12MCTL8                            
00000089  ADC12MCTL9                            
0000008a  ADC12MCTL10                           
0000008b  ADC12MCTL11                           
0000008c  ADC12MCTL12                           
0000008d  ADC12MCTL13                           
0000008e  ADC12MCTL14                           
0000008f  ADC12MCTL15                           
00000118  I2COA                                 
0000011a  I2CSA                                 
0000011c  I2CIV                                 
0000011e  TBIV                                  
00000120  WDTCTL                                
00000122  DMACTL0                               
00000124  DMACTL1                               
00000128  FCTL1                                 
0000012a  FCTL2                                 
0000012c  FCTL3                                 
0000012e  TAIV                                  
00000130  MPY                                   
00000132  MPYS                                  
00000134  MAC                                   
00000136  MACS                                  
00000138  OP2                                   
0000013a  RESLO                                 
0000013c  RESHI                                 
0000013e  SUMEXT                                
00000140  ADC12MEM0                             
00000142  ADC12MEM1                             
00000144  ADC12MEM2                             
00000146  ADC12MEM3                             
00000148  ADC12MEM4                             
0000014a  ADC12MEM5                             
0000014c  ADC12MEM6                             
0000014e  ADC12MEM7                             
00000150  ADC12MEM8                             
00000152  ADC12MEM9                             
00000154  ADC12MEM10                            
00000156  ADC12MEM11                            
00000158  ADC12MEM12                            
0000015a  ADC12MEM13                            
0000015c  ADC12MEM14                            
0000015e  ADC12MEM15                            
00000160  TACTL                                 
00000162  TACCTL0                               
00000164  TACCTL1                               
00000166  TACCTL2                               
00000170  TAR                                   
00000172  TACCR0                                
00000174  TACCR1                                
00000176  TACCR2                                
00000180  TBCTL                                 
00000182  TBCCTL0                               
00000184  TBCCTL1                               
00000186  TBCCTL2                               
00000188  TBCCTL3                               
0000018a  TBCCTL4                               
0000018c  TBCCTL5                               
0000018e  TBCCTL6                               
00000190  TBR                                   
00000190  __STACK_SIZE                          
00000192  TBCCR0                                
00000194  TBCCR1                                
00000196  TBCCR2                                
00000198  TBCCR3                                
0000019a  TBCCR4                                
0000019c  TBCCR5                                
0000019e  TBCCR6                                
000001a0  ADC12CTL0                             
000001a2  ADC12CTL1                             
000001a4  ADC12IFG                              
000001a6  ADC12IE                               
000001a8  ADC12IV                               
000001c0  DAC12_0CTL                            
000001c2  DAC12_1CTL                            
000001c8  DAC12_0DAT                            
000001ca  DAC12_1DAT                            
000001e0  DMA0CTL                               
000001e2  DMA0SA                                
000001e4  DMA0DA                                
000001e6  DMA0SZ                                
000001e8  DMA1CTL                               
000001ea  DMA1SA                                
000001ec  DMA1DA                                
000001ee  DMA1SZ                                
000001f0  DMA2CTL                               
000001f2  DMA2SA                                
000001f4  DMA2DA                                
000001f6  DMA2SZ                                
00001100  alert_list                            
00001a60  polling_list                          
00002066  RssiAverage                           
0000241c  command_list                          
000026ec  repeater_list                         
0000286c  serialA_InBuffer                      
000029ec  serialB_InBuffer                      
00002b6c  rdata                                 
00002c6c  rx_data                               
00002d6c  serialA_OutBuffer                     
00002e6c  serialB_OutBuffer                     
00002f6c  tx_data                               
0000306c  timer_loResTimer                      
000030b4  accum_rssi                            
000030f4  radio_init_buffers                    
00003128  active_units                          
00003148  ambient_rssi                          
00003168  repeater_active_list                  
00003188  radio_init_bfr                        
000031a0  Txid                                  
000031a4  TruthTablesValue                      
000031a6  WatchDogHoursTimer                    
000031a8  last_ack                              
000031aa  radio_init_cfg_count                  
000031ac  radio_init_cfg_size                   
000031ae  radio_init_count                      
000031b0  radio_version                         
000031b2  serialA_InCount                       
000031b4  serialA_InGet                         
000031b6  serialA_InPut                         
000031b8  serialA_InSize                        
000031ba  serialA_OutCount                      
000031bc  serialA_OutGet                        
000031be  serialA_OutPut                        
000031c0  serialA_OutSize                       
000031c2  serialB_InCount                       
000031c4  serialB_InGet                         
000031c6  serialB_InPut                         
000031c8  serialB_InSize                        
000031ca  serialB_OutCount                      
000031cc  serialB_OutGet                        
000031ce  serialB_OutPut                        
000031d0  serialB_OutSize                       
000031d2  timer_freerunning                     
000031d4  timer_value                           
000031d6  debug_count                           
000031d7  errBits                               
000031d8  active_alert_head                     
000033ca  active_alert_tail                     
000035bc  data_p                                
000035be  rdata_p                               
000035c0  radio_serial_number                   
000035c2  radio_hop_count                       
000035c3  radio_relay_ignore                    
000035c4  radio_relay_active                    
000035c5  radio_relay_candidate                 
000035c6  radio_error_counter                   
000035ca  radio_ack_counter                     
000035ce  radio_msg_counter                     
000035d2  radio_reply_expected                  
000035d3  radio_char_unexpected                 
000035d4  radio_relay_hops                      
000035d5  radio_sequence_number                 
000035d6  keepalive_counter                     
000035d8  retransmit_interval                   
000035da  active_count                          
000035db  bfr_percentage                        
000035dc  CartsReprogramList                    
000035e0  ProtocolFlag                          
000035e1  ResponseCode                          
000035e2  CapabilityCode                        
000035e3  PacketSize                            
000035e4  TkNumberOfPackets                     
000035e5  TkAddress                             
000035e6  TkPacketSize                          
000035e7  TkCapabilityCode                      
000035e8  TkRssi                                
000035e9  TkBaseRssi                            
000035ea  TkNoiseRight                          
000035eb  TkNoiseLeft                           
000035ec  TkStatus                              
000035ed  ChecksumFailCount                     
000035ee  rdata_count                           
000035f0  radioactive                           
000035f2  startup_sweep                         
000035f4  radio_address                         
000035f6  host_unit                             
000035f7  rssi_averaging                        
000035f8  supervisor_filter                     
000035fa  last_index                            
000035fc  rmt_percentage                        
000035fe  offline_counter                       
00003600  data_counter                          
00003602  button_state                          
00003604  repeater_list_index                   
00003606  repeat_pending                        
00003608  CartsProtocolList                     
0000360c  alert_list_remaining                  
0000360e  radio_init_state                      
00003610  radio_init_next_state                 
0000362a  radio_init_config_strings             
0000366e  serialB_Error                         
00003670  serialB_Overrun                       
00003672  frameCount                            
00003674  overrunCount                          
00003676  bufferOverflowCount                   
00003678  serialA_Error                         
0000367a  serialA_Overrun                       
0000367c  serialA_OutCtr                        
0000367e  serialA_ignoreCTS_flag                
0000367f  saveCfgDIP                            
00003680  saveNetDIP                            
00003681  saveSpareDIP                          
00003682  saveRotarySwitch                      
00003683  debounceDIPcompare                    
00003684  active_command_head                   
00003686  active_command_tail                   
0000368c  timer_sequenceLeds                    
0000368e  timer_counter                         
00003690  _lock                                 
00003692  _unlock                               
00003694  errno                                 
00003770  _stack                                
00003900  __STACK_END                           
00004000  __mspabi_addd                         
00004736  remote_radio_state_machine            
00004cde  radio_init                            
00005230  __TI_frcdivd                          
000056a8  host_radio_state_machine              
00005a6c  __mspabi_divull                       
00005dcc  remote_rs485_state_machine            
00006102  __mspabi_mpyd                         
000063c2  __TI_printfi                          
0000664a  led_state_machine                     
00006fd0  __mspabi_divd                         
00007202  add_alert                             
00007432  main                                  
00007ec8  __TI_frcmpyd                          
0000803a  ldexp                                 
0000803a  ldexpl                                
0000803a  scalbn                                
0000803a  scalbnl                               
000081a4  send_radio_alert                      
00008442  host_rs485_state_machine              
000086aa  cpu_initCpu                           
000087c2  __mspabi_mpyll                        
000087c2  __mspabi_mpyll_sw                     
00008aae  __mspabi_cmpd                         
00008b8a  CpuCalculateAverage                   
00008c5a  activity_check                        
00008dee  CpuSaveRssiIntoAverage                
00008eac  Cpac_host_send_radio_command          
00008f64  SB2000_ReconfigureProtocolPacket      
00009016  frexp                                 
00009016  frexpl                                
000090c6  remove_alert                          
00009222  __mspabi_fltlid                       
000092ce  serialB_init                          
0000936a  serialA_init                          
00009402  radio_repeater                        
000095b8  send_rs485_response                   
00009646  send_radio_keepalive                  
000096cc  __TI_ltoa                             
00009750  CpacSaveMessage                       
000097d0  serialB_rx_isr                        
0000984e  __TI_decompress_lzss                  
000098ca  SB_SmokeDetectSupervisorProtocolPacket
000099be  __mspabi_fixdli                       
00009a30  send_radio_ack                        
00009a9e  SB2000_InitializeProtocolPackets      
00009b08  radio_quality                         
00009b70  serialA_read                          
00009bd6  mark_active_by_mask                   
00009c3a  send_rs485_poll                       
00009c9e  serialA_write                         
00009cfe  serialA_rx_isr                        
00009d5c  __mspabi_srll_15                      
00009d62  __mspabi_srll_14                      
00009d68  __mspabi_srll_13                      
00009d6e  __mspabi_srll_12                      
00009d74  __mspabi_srll_11                      
00009d7a  __mspabi_srll_10                      
00009d80  __mspabi_srll_9                       
00009d86  __mspabi_srll_8                       
00009d8c  __mspabi_srll_7                       
00009d92  __mspabi_srll_6                       
00009d98  __mspabi_srll_5                       
00009d9e  __mspabi_srll_4                       
00009da4  __mspabi_srll_3                       
00009daa  __mspabi_srll_2                       
00009db0  __mspabi_srll_1                       
00009db8  CpuMonitorWatchdog                    
00009e12  __mspabi_divul                        
00009e12  __mspabi_remul                        
00009ebe  cpu_write_led_display                 
00009f12  atoi                                  
00009f64  send_radio_rr                         
00009fb6  timer_extendLoResTimer                
0000a006  CpuGetTxidAndTruthTable               
0000a0a2  duplicate_alert_match                 
0000a0f0  send_radio_wr                         
0000a13e  __mspabi_srli                         
0000a14c  __mspabi_srli_15                      
0000a150  __mspabi_srli_14                      
0000a154  __mspabi_srli_13                      
0000a158  __mspabi_srli_12                      
0000a15c  __mspabi_srli_11                      
0000a160  __mspabi_srli_10                      
0000a164  __mspabi_srli_9                       
0000a168  __mspabi_srli_8                       
0000a16c  __mspabi_srli_7                       
0000a170  __mspabi_srli_6                       
0000a174  __mspabi_srli_5                       
0000a178  __mspabi_srli_4                       
0000a17c  __mspabi_srli_3                       
0000a180  __mspabi_srli_2                       
0000a184  __mspabi_srli_1                       
0000a18a  __mspabi_srall                        
0000a1d4  serialB_write                         
0000a21c  timer_ElapsedTimer                    
0000a264  __mspabi_srlll                        
0000a2aa  inc_radio_msg_counter                 
0000a2f0  is_active                             
0000a336  __mspabi_sllll                        
0000a37a  mark_rs485_active                     
0000a3be  CpacCheckForOutgoingMessages          
0000a400  Cpac_send_rs485_data                  
0000a442  __TI_auto_init_nobinit_nopinit        
0000a484  SB_CheckFunctionCode                  
0000a4c4  __mspabi_divli                        
0000a4c4  __mspabi_remli                        
0000a504  serialA_restart_output                
0000a544  __mspabi_sral_15                      
0000a548  __mspabi_sral_14                      
0000a54c  __mspabi_sral_13                      
0000a550  __mspabi_sral_12                      
0000a554  __mspabi_sral_11                      
0000a558  __mspabi_sral_10                      
0000a55c  __mspabi_sral_9                       
0000a560  __mspabi_sral_8                       
0000a564  __mspabi_sral_7                       
0000a568  __mspabi_sral_6                       
0000a56c  __mspabi_sral_5                       
0000a570  __mspabi_sral_4                       
0000a574  __mspabi_sral_3                       
0000a578  __mspabi_sral_2                       
0000a57c  __mspabi_sral_1                       
0000a582  __mspabi_slll_15                      
0000a586  __mspabi_slll_14                      
0000a58a  __mspabi_slll_13                      
0000a58e  __mspabi_slll_12                      
0000a592  __mspabi_slll_11                      
0000a596  __mspabi_slll_10                      
0000a59a  __mspabi_slll_9                       
0000a59e  __mspabi_slll_8                       
0000a5a2  __mspabi_slll_7                       
0000a5a6  __mspabi_slll_6                       
0000a5aa  __mspabi_slll_5                       
0000a5ae  __mspabi_slll_4                       
0000a5b2  __mspabi_slll_3                       
0000a5b6  __mspabi_slll_2                       
0000a5ba  __mspabi_slll_1                       
0000a5c0  serialA_writeN                        
0000a5fe  serialB_read                          
0000a67a  capture_ambient_rssi                  
0000a6b6  clear_rs485_active                    
0000a72e  Cpac_remove_command                   
0000a768  mark_duplicate                        
0000a7a2  remove_ack_alert                      
0000a7dc  serialB_writeN                        
0000a816  timerB_isr                            
0000a850  rand                                  
0000a888  serialA_tx_isr                        
0000a8c0  sprintf                               
0000a8f8  CpacSaveOutgoingMessage               
0000a964  cpu_compare_switches                  
0000a998  check_duplicate                       
0000a9c8  __mspabi_subd                         
0000a9f6  clear_active                          
0000aa24  copysign                              
0000aa24  copysignl                             
0000aa52  __mspabi_srai                         
0000aa5e  __mspabi_srai_15                      
0000aa60  __mspabi_srai_14                      
0000aa62  __mspabi_srai_13                      
0000aa64  __mspabi_srai_12                      
0000aa66  __mspabi_srai_11                      
0000aa68  __mspabi_srai_10                      
0000aa6a  __mspabi_srai_9                       
0000aa6c  __mspabi_srai_8                       
0000aa6e  __mspabi_srai_7                       
0000aa70  __mspabi_srai_6                       
0000aa72  __mspabi_srai_5                       
0000aa74  __mspabi_srai_4                       
0000aa76  __mspabi_srai_3                       
0000aa78  __mspabi_srai_2                       
0000aa7a  __mspabi_srai_1                       
0000aa7e  __mspabi_divi                         
0000aa7e  __mspabi_remi                         
0000aaaa  __mspabi_slli                         
0000aab6  __mspabi_slli_15                      
0000aab8  __mspabi_slli_14                      
0000aaba  __mspabi_slli_13                      
0000aabc  __mspabi_slli_12                      
0000aabe  __mspabi_slli_11                      
0000aac0  __mspabi_slli_10                      
0000aac2  __mspabi_slli_9                       
0000aac4  __mspabi_slli_8                       
0000aac6  __mspabi_slli_7                       
0000aac8  __mspabi_slli_6                       
0000aaca  __mspabi_slli_5                       
0000aacc  __mspabi_slli_4                       
0000aace  __mspabi_slli_3                       
0000aad0  __mspabi_slli_2                       
0000aad2  __mspabi_slli_1                       
0000aad6  __mspabi_negd                         
0000ab2a  mark_active                           
0000ab54  __mspabi_fixdi                        
0000ab7c  IsCPAC_Message                        
0000aba2  __mspabi_mpyl                         
0000aba2  __mspabi_mpyl_sw                      
0000abc8  serialB_tx_isr                        
0000abec  __mspabi_mpyul                        
0000abec  __mspabi_mpyul_sw                     
0000ac0e  cpu_power_up_read_switches            
0000ac30  memccpy                               
0000ac52  serialB_txDone                        
0000ac74  timer_chkLoResTimerExpired            
0000ac96  timer_setLoResTimer                   
0000acb6  __mspabi_mpyull                       
0000acb6  __mspabi_mpyull_sw                    
0000acd4  _c_int00_noargs                       
0000ad0a  strchr                                
0000ad24  CpacHostRadioSaveMessage              
0000ad3c  srand                                 
0000ad54  strcmp                                
0000ad6c  __mspabi_divu                         
0000ad6c  __mspabi_remu                         
0000ad82  SB_RotateReceiver                     
0000ad96  checksum                              
0000adaa  __TI_zero_init                        
0000adbe  memset                                
0000add2  __mspabi_mpyi                         
0000add2  __mspabi_mpyi_sw                      
0000ade6  wcslen                                
0000ae0c  __TI_decompress_none                  
0000ae1e  __mspabi_srll                         
0000ae30  memcpy                                
0000ae42  __mspabi_slll                         
0000ae52  read_address_switch                   
0000ae62  __mspabi_func_epilog_7                
0000ae64  __mspabi_func_epilog_6                
0000ae66  __mspabi_func_epilog_5                
0000ae68  __mspabi_func_epilog_4                
0000ae6a  __mspabi_func_epilog_3                
0000ae6c  __mspabi_func_epilog_2                
0000ae6e  __mspabi_func_epilog_1                
0000ae72  cpu_readCfgDIP                        
0000ae80  cpu_readNetDIP                        
0000ae8e  cpu_readSpareDIP                      
0000ae9c  is_registration_active                
0000aeaa  is_rs485_active                       
0000aeb8  serialA_ignoreCTS                     
0000aec6  strlen                                
0000aed4  __mspabi_fltid                        
0000aee0  serialA_txBufEmpty                    
0000aeec  timer_ResetTimer                      
0000aef8  timer_init                            
0000af04  toupper                               
0000af10  abs                                   
0000af1a  isalpha                               
0000af24  __TI_ISR_TRAP                         
0000af2c  isdigit                               
0000af34  C$$EXIT                               
0000af34  abort                                 
0000af3a  _system_pre_init                      
0000af3e  _nop                                  
0000af40  _system_post_cinit                    
0000b054  _ctypes_                              
0000b17c  SB_FunctionCodeList                   
0000b208  __TI_Handler_Table_Base               
0000b20e  __TI_Handler_Table_Limit              
0000b212  __TI_CINIT_Base                       
0000b21a  __TI_CINIT_Limit                      
0000b21a  __TI_CINIT_Warm                       
0000ffe0  __TI_int00                            
0000ffe2  __TI_int01                            
0000ffe4  __TI_int02                            
0000ffe6  __TI_int03                            
0000ffe8  __TI_int04                            
0000ffea  __TI_int05                            
0000ffec  __TI_int06                            
0000ffee  __TI_int07                            
0000fff0  __TI_int08                            
0000fff2  __TI_int09                            
0000fff4  __TI_int10                            
0000fff6  __TI_int11                            
0000fff8  __TI_int12                            
0000fffa  __TI_int13                            
0000fffc  __TI_int14                            
0000fffe  _reset_vector                         
ffffffff  __TI_pprof_out_hndl                   
ffffffff  __TI_prof_data_size                   
ffffffff  __TI_prof_data_start                  
ffffffff  __c_args__                            

[571 symbols]
