******************************************************************************
                  MSP430 Linker PC v21.6.2                     
******************************************************************************
>> Linked Tue Jun 30 14:10:06 2026

OUTPUT FILE NAME:   <8100-00.out>
ENTRY POINT SYMBOL: "_c_int00_noargs"  address: 00008738


MEMORY CONFIGURATION

         name            origin    length      used     unused   attr    fill
----------------------  --------  ---------  --------  --------  ----  --------
  SFR                   00000000   00000010  00000000  00000010  RWIX
  PERIPHERALS_8BIT      00000010   000000f0  00000000  000000f0  RWIX
  PERIPHERALS_16BIT     00000100   00000100  00000000  00000100  RWIX
  INFOB                 00001000   00000080  00000000  00000080  RWIX
  INFOA                 00001080   00000080  00000000  00000080  RWIX
  RAM                   00001100   00002800  00002724  000000dc  RWIX
  FLASH                 00004000   0000bfe0  00004c3a  000073a6  RWIX
  INT00                 0000ffe0   00000002  00000002  00000000  RWIX
  INT01                 0000ffe2   00000002  00000002  00000000  RWIX
  INT02                 0000ffe4   00000002  00000002  00000000  RWIX
  INT03                 0000ffe6   00000002  00000002  00000000  RWIX
  INT04                 0000ffe8   00000002  00000002  00000000  RWIX
  INT05                 0000ffea   00000002  00000002  00000000  RWIX
  INT06                 0000ffec   00000002  00000002  00000000  RWIX
  INT07                 0000ffee   00000002  00000002  00000000  RWIX
  INT08                 0000fff0   00000002  00000002  00000000  RWIX
  INT09                 0000fff2   00000002  00000002  00000000  RWIX
  INT10                 0000fff4   00000002  00000002  00000000  RWIX
  INT11                 0000fff6   00000002  00000002  00000000  RWIX
  INT12                 0000fff8   00000002  00000002  00000000  RWIX
  INT13                 0000fffa   00000002  00000002  00000000  RWIX
  INT14                 0000fffc   00000002  00000002  00000000  RWIX
  RESET                 0000fffe   00000002  00000002  00000000  RWIX


SECTION ALLOCATION MAP

 output                                  attributes/
section   page    origin      length       input sections
--------  ----  ----------  ----------   ----------------
.bss       0    00001100    000020d8     UNINITIALIZED
                  00001100    00000960     (.common:alert_list)
                  00001a60    00000606     (.common:polling_list)
                  00002066    000003b6     (.common:RssiAverage)
                  0000241c    000002d0     (.common:command_list)
                  000026ec    00000180     (.common:repeater_list)
                  0000286c    00000180     (.common:serialA_InBuffer)
                  000029ec    00000180     (.common:serialB_InBuffer)
                  00002b6c    00000100     (.common:rdata)
                  00002c6c    00000100     (.common:rx_data)
                  00002d6c    00000100     (.common:serialA_OutBuffer)
                  00002e6c    00000100     (.common:serialB_OutBuffer)
                  00002f6c    00000100     (.common:tx_data)
                  0000306c    00000048     (.common:timer_loResTimer)
                  000030b4    00000040     (.common:accum_rssi)
                  000030f4    00000034     (.common:radio_init_buffers)
                  00003128    00000020     (.common:active_units)
                  00003148    00000020     (.common:ambient_rssi)
                  00003168    00000020     (.common:repeater_active_list)
                  00003188    00000010     (.common:radio_init_bfr)
                  00003198    00000008     wabs.obj (.bss)
                  000031a0    00000004     (.common:Txid)
                  000031a4    00000002     (.common:TruthTablesValue)
                  000031a6    00000002     (.common:WatchDogHoursTimer)
                  000031a8    00000002     (.common:last_ack)
                  000031aa    00000002     (.common:radio_init_cfg_count)
                  000031ac    00000002     (.common:radio_init_cfg_size)
                  000031ae    00000002     (.common:radio_init_count)
                  000031b0    00000002     (.common:radio_version)
                  000031b2    00000002     (.common:serialA_InCount)
                  000031b4    00000002     (.common:serialA_InGet)
                  000031b6    00000002     (.common:serialA_InPut)
                  000031b8    00000002     (.common:serialA_InSize)
                  000031ba    00000002     (.common:serialA_OutCount)
                  000031bc    00000002     (.common:serialA_OutGet)
                  000031be    00000002     (.common:serialA_OutPut)
                  000031c0    00000002     (.common:serialA_OutSize)
                  000031c2    00000002     (.common:serialB_InCount)
                  000031c4    00000002     (.common:serialB_InGet)
                  000031c6    00000002     (.common:serialB_InPut)
                  000031c8    00000002     (.common:serialB_InSize)
                  000031ca    00000002     (.common:serialB_OutCount)
                  000031cc    00000002     (.common:serialB_OutGet)
                  000031ce    00000002     (.common:serialB_OutPut)
                  000031d0    00000002     (.common:serialB_OutSize)
                  000031d2    00000002     (.common:timer_freerunning)
                  000031d4    00000002     (.common:timer_value)
                  000031d6    00000001     (.common:debug_count)
                  000031d7    00000001     (.common:errBits)

.data      0    000031d8    000004bc     UNINITIALIZED
                  000031d8    000001f2     wabs.obj (.data:active_alert_head)
                  000033ca    000001f2     wabs.obj (.data:active_alert_tail)
                  000035bc    0000006e     wabs.obj (.data)
                  0000362a    00000020     wabs.obj (.data:radio_init_config_strings)
                  0000364a    0000001a     cpu.obj (.data:alpha_table)
                  00003664    0000000a     cpu.obj (.data:digit_table)
                  0000366e    0000000a     serialB.obj (.data)
                  00003678    00000007     serialA.obj (.data)
                  0000367f    00000005     cpu.obj (.data)
                  00003684    00000004     cpac.obj (.data)
                  00003688    00000004     rts430_eabi.lib : rand.c.obj (.data)
                  0000368c    00000004     timers.obj (.data)
                  00003690    00000002     rts430_eabi.lib : _lock.c.obj (.data:_lock)
                  00003692    00000002                     : _lock.c.obj (.data:_unlock)

.stack     0    00003770    00000190     UNINITIALIZED
                  00003770    00000002     rts430_eabi.lib : boot.c.obj (.stack)
                  00003772    0000018e     --HOLE--

.text      0    00004000    00004962     
                  00004000    000007d6     wabs.obj (.text:radio_init)
                  000047d6    0000071a     wabs.obj (.text:remote_radio_state_machine)
                  00004ef0    000004b8     wabs.obj (.text:host_radio_state_machine)
                  000053a8    0000039a     wabs.obj (.text:remote_rs485_state_machine)
                  00005742    0000031e     wabs.obj (.text:led_state_machine)
                  00005a60    000002f8     wabs.obj (.text:add_alert)
                  00005d58    00000202     wabs.obj (.text:main)
                  00005f5a    00000198     wabs.obj (.text:send_radio_alert)
                  000060f2    00000176     cpu.obj (.text:CpuCalculateAverage)
                  00006268    00000176     wabs.obj (.text:host_rs485_state_machine)
                  000063de    0000016c     wabs.obj (.text:SB2000_ReconfigureProtocolPacket)
                  0000654a    00000148     cpu.obj (.text:CpuSaveRssiIntoAverage)
                  00006692    00000148     cpu.obj (.text:cpu_initCpu)
                  000067da    0000011c     wabs.obj (.text:activity_check)
                  000068f6    00000116     rts430_eabi.lib : _printfi.c.obj (.text:__TI_printfi_minimal:_setfield___TI_printfi_minimal)
                  00006a0c    000000ec                     : _printfi.c.obj (.text:__TI_printfi_minimal:__TI_printfi_minimal)
                  00006af8    000000e4     wabs.obj (.text:remove_alert)
                  00006bdc    000000ca     rts430_eabi.lib : _printfi.c.obj (.text:__TI_printfi_minimal:_pproc_diouxp___TI_printfi_minimal)
                  00006ca6    000000c2     cpac.obj (.text:Cpac_host_send_radio_command)
                  00006d68    000000bc     cpac.obj (.text:CpacSaveMessage)
                  00006e24    000000bc     wabs.obj (.text:send_rs485_response)
                  00006ee0    000000a8     wabs.obj (.text:SB_SmokeDetectSupervisorProtocolPacket)
                  00006f88    000000a4     wabs.obj (.text:radio_repeater)
                  0000702c    000000a2     wabs.obj (.text:mark_active_by_mask)
                  000070ce    0000009c     serialB.obj (.text:serialB_init)
                  0000716a    0000009a     timers.obj (.text:timer_extendLoResTimer)
                  00007204    00000098     wabs.obj (.text:send_radio_keepalive)
                  0000729c    00000096     cpu.obj (.text:CpuGetTxidAndTruthTable)
                  00007332    00000094     serialA.obj (.text:serialA_init)
                  000073c6    00000084     wabs.obj (.text:radio_quality)
                  0000744a    00000084     serialA.obj (.text:serialA_rx_isr)
                  000074ce    00000084     serialB.obj (.text:serialB_rx_isr)
                  00007552    0000007e     wabs.obj (.text:send_radio_ack)
                  000075d0    0000007c     wabs.obj (.text:SB2000_InitializeProtocolPackets)
                  0000764c    0000007c     rts430_eabi.lib : copy_decompress_lzss.c.obj (.text:decompress:lzss:__TI_decompress_lzss)
                  000076c8    0000007a     serialA.obj (.text:serialA_write)
                  00007742    00000078     cpu.obj (.text:cpu_get_led_digit)
                  000077ba    0000006e     wabs.obj (.text:send_rs485_poll)
                  00007828    0000006a     timers.obj (.text:timer_ElapsedTimer)
                  00007892    00000068     wabs.obj (.text:capture_ambient_rssi)
                  000078fa    00000068     cpu.obj (.text:cpu_write_led_display)
                  00007962    00000068     wabs.obj (.text:send_radio_rr)
                  000079ca    00000064     serialA.obj (.text:serialA_read)
                  00007a2e    0000005e     wabs.obj (.text:send_radio_wr)
                  00007a8c    0000005c     cpu.obj (.text:CpuMonitorWatchdog)
                  00007ae8    0000005c     wabs.obj (.text:mark_rs485_active)
                  00007b44    0000005c     wabs.obj (.text:remove_ack_alert)
                  00007ba0    0000005a     wabs.obj (.text:duplicate_alert_match)
                  00007bfa    00000058     rts430_eabi.lib : autoinit.c.obj (.text:__TI_auto_init_nobinit_nopinit_hold_wdt:__TI_auto_init_nobinit_nopinit_hold_wdt)
                  00007c52    00000058     wabs.obj (.text:is_active)
                  00007caa    00000058     rts430_eabi.lib : div32u.asm.obj (.text)
                  00007d02    00000056     cpac.obj (.text:Cpac_send_rs485_data)
                  00007d58    00000054     cpac.obj (.text:Cpac_remove_command)
                  00007dac    00000052     cpac.obj (.text:SB_CheckFunctionCode)
                  00007dfe    00000052     rts430_eabi.lib : atoi.c.obj (.text:atoi)
                  00007e50    00000050     wabs.obj (.text:check_duplicate)
                  00007ea0    00000050     timers.obj (.text:timerB_isr)
                  00007ef0    0000004e     serialB.obj (.text:serialB_write)
                  00007f3e    0000004c     wabs.obj (.text:mark_duplicate)
                  00007f8a    0000004c     rts430_eabi.lib : lsr16.asm.obj (.text)
                  00007fd6    0000004a     wabs.obj (.text:clear_active)
                  00008020    0000004a     serialA.obj (.text:serialA_writeN)
                  0000806a    00000046     wabs.obj (.text:inc_radio_msg_counter)
                  000080b0    00000046     wabs.obj (.text:mark_active)
                  000080f6    00000046     serialB.obj (.text:serialB_read)
                  0000813c    00000046     serialB.obj (.text:serialB_writeN)
                  00008182    00000046     timers.obj (.text:timer_setLoResTimer)
                  000081c8    00000044     wabs.obj (.text:clear_rs485_active)
                  0000820c    00000044     serialA.obj (.text:serialA_tx_isr)
                  00008250    00000042     cpac.obj (.text:CpacCheckForOutgoingMessages)
                  00008292    00000042     cpac.obj (.text:CpacSaveOutgoingMessage)
                  000082d4    00000040     cpu.obj (.text:cpu_compare_switches)
                  00008314    00000040     rts430_eabi.lib : div32s.asm.obj (.text)
                  00008354    00000040     serialA.obj (.text:serialA_restart_output)
                  00008394    00000040     timers.obj (.text:timerB_init)
                  000083d4    0000003e     cpu.obj (.text:cpu_shift_byte)
                  00008412    0000003e     rts430_eabi.lib : lsl32.asm.obj (.text:l_lsl_const)
                  00008450    0000003c     serialA.obj (.text:serialA_output_byte)
                  0000848c    0000003a     wabs.obj (.text:checksum)
                  000084c6    00000038     rts430_eabi.lib : rand.c.obj (.text:rand)
                  000084fe    00000038                     : sprintf.c.obj (.text:sprintf)
                  00008536    00000034     cpac.obj (.text:SB_RotateReceiver)
                  0000856a    00000034     serialB.obj (.text:serialB_output_byte)
                  0000859e    0000002e     rts430_eabi.lib : mult32_hw.asm.obj (.text)
                  000085cc    0000002c     wabs.obj (.text:IsCPAC_Message)
                  000085f8    0000002c     rts430_eabi.lib : asr16.asm.obj (.text)
                  00008624    0000002c                     : div16s.asm.obj (.text)
                  00008650    0000002c                     : lsl16.asm.obj (.text)
                  0000867c    0000002c     timers.obj (.text:timer_chkLoResTimerExpired)
                  000086a8    00000028     serialB.obj (.text:serialB_txDone)
                  000086d0    00000024     serialB.obj (.text:serialB_tx_isr)
                  000086f4    00000022     cpu.obj (.text:cpu_power_up_read_switches)
                  00008716    00000022     rts430_eabi.lib : memccpy.c.obj (.text:memccpy)
                  00008738    0000001c                     : boot.c.obj (.text:_c_int00_noargs)
                  00008754    0000001a     cpac.obj (.text:CpacHostRadioSaveMessage)
                  0000876e    0000001a     rts430_eabi.lib : sprintf.c.obj (.text:_outs)
                  00008788    00000018     wabs.obj (.text:is_registration_active)
                  000087a0    00000018     wabs.obj (.text:is_rs485_active)
                  000087b8    00000018     serialA.obj (.text:serialA_ignoreCTS)
                  000087d0    00000018     rts430_eabi.lib : rand.c.obj (.text:srand)
                  000087e8    00000018                     : strcmp.c.obj (.text:strcmp)
                  00008800    00000016                     : div16u.asm.obj (.text)
                  00008816    00000014                     : copy_zero_init.c.obj (.text:decompress:ZI:__TI_zero_init)
                  0000882a    00000014                     : memset.c.obj (.text:memset)
                  0000883e    00000014                     : mult16_hw.asm.obj (.text)
                  00008852    00000012                     : sprintf.c.obj (.text:_outc)
                  00008864    00000012                     : copy_decompress_none.c.obj (.text:decompress:none:__TI_decompress_none)
                  00008876    00000012                     : memcpy.c.obj (.text:memcpy)
                  00008888    00000010                     : lsl32.asm.obj (.text:l_lsl)
                  00008898    00000010     wabs.obj (.text:read_address_switch)
                  000088a8    00000010     rts430_eabi.lib : epilog.asm.obj (.text)
                  000088b8    0000000e     cpu.obj (.text:cpu_readCfgDIP)
                  000088c6    0000000e     cpu.obj (.text:cpu_readNetDIP)
                  000088d4    0000000e     cpu.obj (.text:cpu_readSpareDIP)
                  000088e2    0000000e     rts430_eabi.lib : strlen.c.obj (.text:strlen)
                  000088f0    0000000c     serialA.obj (.text:serialA_txBufEmpty)
                  000088fc    0000000c     timers.obj (.text:timer_ResetTimer)
                  00008908    0000000c     timers.obj (.text:timer_init)
                  00008914    0000000c     rts430_eabi.lib : toupper.c.obj (.text:toupper)
                  00008920    0000000a                     : isalpha.c.obj (.text:isalpha)
                  0000892a    0000000a     serialA.obj (.text:serialA_rts_false)
                  00008934    0000000a     serialA.obj (.text:serialA_rts_true)
                  0000893e    00000008     rts430_eabi.lib : isr_trap.asm.obj (.text:_isr:__TI_ISR_TRAP)
                  00008946    00000008                     : isdigit.c.obj (.text:isdigit)
                  0000894e    00000006                     : exit.c.obj (.text:abort)
                  00008954    00000004                     : pre_init.c.obj (.text:_system_pre_init)
                  00008958    00000004     wabs.obj (.text:adjust_retransmit_timer)
                  0000895c    00000002     rts430_eabi.lib : _lock.c.obj (.text:_nop)
                  0000895e    00000002                     : startup.c.obj (.text:_system_post_cinit)
                  00008960    00000002     cpu.obj (.text:cpu_Crash)

.const     0    00008962    00000242     
                  00008962    00000112     wabs.obj (.const:.string)
                  00008a74    00000101     rts430_eabi.lib : ctype.c.obj (.const:.string:_ctypes_)
                  00008b75    00000001     --HOLE-- [fill = 0]
                  00008b76    00000026                     : _printfi.c.obj (.const:.string)
                  00008b9c    00000008     cpac.obj (.const:.string:SB_FunctionCodeList)

.cinit     0    00008ba4    00000096     
                  00008ba4    00000083     (.cinit..data.load) [load image, compression = lzss]
                  00008c27    00000001     --HOLE-- [fill = 0]
                  00008c28    00000006     (__TI_handler_table)
                  00008c2e    00000004     (.cinit..bss.load) [load image, compression = zero_init]
                  00008c32    00000008     (__TI_cinit_table)

.binit     0    00004000    00000000     

.init_array 
*          0    00004000    00000000     UNINITIALIZED

DACDMA     0    0000ffe0    00000002     
                  0000ffe0    00000002     rts430_eabi.lib : int00.asm.obj (.int00)

PORT2      0    0000ffe2    00000002     
                  0000ffe2    00000002     rts430_eabi.lib : int01.asm.obj (.int01)

USART1TX   0    0000ffe4    00000002     
                  0000ffe4    00000002     serialB.obj (.int02)

USART1RX   0    0000ffe6    00000002     
                  0000ffe6    00000002     serialB.obj (.int03)

PORT1      0    0000ffe8    00000002     
                  0000ffe8    00000002     rts430_eabi.lib : int04.asm.obj (.int04)

TIMERA1    0    0000ffea    00000002     
                  0000ffea    00000002     rts430_eabi.lib : int05.asm.obj (.int05)

TIMERA0    0    0000ffec    00000002     
                  0000ffec    00000002     rts430_eabi.lib : int06.asm.obj (.int06)

ADC12      0    0000ffee    00000002     
                  0000ffee    00000002     rts430_eabi.lib : int07.asm.obj (.int07)

USART0TX   0    0000fff0    00000002     
                  0000fff0    00000002     serialA.obj (.int08)

USART0RX   0    0000fff2    00000002     
                  0000fff2    00000002     serialA.obj (.int09)

WDT        0    0000fff4    00000002     
                  0000fff4    00000002     rts430_eabi.lib : int10.asm.obj (.int10)

COMPARATORA 
*          0    0000fff6    00000002     
                  0000fff6    00000002     rts430_eabi.lib : int11.asm.obj (.int11)

TIMERB1    0    0000fff8    00000002     
                  0000fff8    00000002     rts430_eabi.lib : int12.asm.obj (.int12)

TIMERB0    0    0000fffa    00000002     
                  0000fffa    00000002     timers.obj (.int13)

NMI        0    0000fffc    00000002     
                  0000fffc    00000002     rts430_eabi.lib : int14.asm.obj (.int14)

.reset     0    0000fffe    00000002     
                  0000fffe    00000002     rts430_eabi.lib : boot.c.obj (.reset)

MODULE SUMMARY

       Module                       code    ro data   rw data
       ------                       ----    -------   -------
    .\
       wabs.obj                     12282   274       6479   
       cpu.obj                      1700    0         999    
       cpac.obj                     844     8         724    
       serialA.obj                  824     4         663    
       serialB.obj                  634     4         667    
       timers.obj                   542     2         80     
    +--+----------------------------+-------+---------+---------+
       Total:                       16826   292       9612   
                                                             
    C:\ti\ccs2100\ccs\tools\compiler\ti-cgt-msp430_21.6.2.LTS\lib\rts430_eabi.lib
       _printfi.c.obj               716     38        0      
       ctype.c.obj                  0       257       0      
       copy_decompress_lzss.c.obj   124     0         0      
       sprintf.c.obj                100     0         0      
       autoinit.c.obj               88      0         0      
       div32u.asm.obj               88      0         0      
       rand.c.obj                   80      0         4      
       atoi.c.obj                   82      0         0      
       lsl32.asm.obj                78      0         0      
       lsr16.asm.obj                76      0         0      
       div32s.asm.obj               64      0         0      
       mult32_hw.asm.obj            46      0         0      
       asr16.asm.obj                44      0         0      
       div16s.asm.obj               44      0         0      
       lsl16.asm.obj                44      0         0      
       memccpy.c.obj                34      0         0      
       boot.c.obj                   28      2         0      
       strcmp.c.obj                 24      0         0      
       div16u.asm.obj               22      0         0      
       copy_zero_init.c.obj         20      0         0      
       memset.c.obj                 20      0         0      
       mult16_hw.asm.obj            20      0         0      
       copy_decompress_none.c.obj   18      0         0      
       memcpy.c.obj                 18      0         0      
       epilog.asm.obj               16      0         0      
       strlen.c.obj                 14      0         0      
       toupper.c.obj                12      0         0      
       isalpha.c.obj                10      0         0      
       isdigit.c.obj                8       0         0      
       isr_trap.asm.obj             8       0         0      
       _lock.c.obj                  2       0         4      
       exit.c.obj                   6       0         0      
       pre_init.c.obj               4       0         0      
       int00.asm.obj                0       2         0      
       int01.asm.obj                0       2         0      
       int04.asm.obj                0       2         0      
       int05.asm.obj                0       2         0      
       int06.asm.obj                0       2         0      
       int07.asm.obj                0       2         0      
       int10.asm.obj                0       2         0      
       int11.asm.obj                0       2         0      
       int12.asm.obj                0       2         0      
       int14.asm.obj                0       2         0      
       startup.c.obj                2       0         0      
    +--+----------------------------+-------+---------+---------+
       Total:                       1960    317       8      
                                                             
       Stack:                       0       0         400    
       Linker Generated:            0       149       0      
    +--+----------------------------+-------+---------+---------+
       Grand Total:                 18786   758       10020  


LINKER GENERATED COPY TABLES

__TI_cinit_table @ 00008c32 records: 2, size/record: 4, table size: 8
	.data: load addr=00008ba4, load size=00000083 bytes, run addr=000031d8, run size=000004bc bytes, compression=lzss
	.bss: load addr=00008c2e, load size=00000004 bytes, run addr=00001100, run size=000020d8 bytes, compression=zero_init


LINKER GENERATED HANDLER TABLE

__TI_handler_table @ 00008c28 records: 3, size/record: 2, table size: 6
	index: 0, handler: __TI_zero_init
	index: 1, handler: __TI_decompress_lzss
	index: 2, handler: __TI_decompress_none


GLOBAL SYMBOLS: SORTED ALPHABETICALLY BY Name 

address   name                                   
-------   ----                                   
000001a0  ADC12CTL0                              
000001a2  ADC12CTL1                              
000001a6  ADC12IE                                
000001a4  ADC12IFG                               
000001a8  ADC12IV                                
00000080  ADC12MCTL0                             
00000081  ADC12MCTL1                             
0000008a  ADC12MCTL10                            
0000008b  ADC12MCTL11                            
0000008c  ADC12MCTL12                            
0000008d  ADC12MCTL13                            
0000008e  ADC12MCTL14                            
0000008f  ADC12MCTL15                            
00000082  ADC12MCTL2                             
00000083  ADC12MCTL3                             
00000084  ADC12MCTL4                             
00000085  ADC12MCTL5                             
00000086  ADC12MCTL6                             
00000087  ADC12MCTL7                             
00000088  ADC12MCTL8                             
00000089  ADC12MCTL9                             
00000140  ADC12MEM0                              
00000142  ADC12MEM1                              
00000154  ADC12MEM10                             
00000156  ADC12MEM11                             
00000158  ADC12MEM12                             
0000015a  ADC12MEM13                             
0000015c  ADC12MEM14                             
0000015e  ADC12MEM15                             
00000144  ADC12MEM2                              
00000146  ADC12MEM3                              
00000148  ADC12MEM4                              
0000014a  ADC12MEM5                              
0000014c  ADC12MEM6                              
0000014e  ADC12MEM7                              
00000150  ADC12MEM8                              
00000152  ADC12MEM9                              
00000057  BCSCTL1                                
00000058  BCSCTL2                                
0000894e  C$$EXIT                                
00000059  CACTL1                                 
0000005a  CACTL2                                 
0000005b  CAPD                                   
000035e2  CapabilityCode                         
00003608  CartsProtocolList                      
000035dc  CartsReprogramList                     
000035ed  ChecksumFailCount                      
00008250  CpacCheckForOutgoingMessages           
00008754  CpacHostRadioSaveMessage               
00006d68  CpacSaveMessage                        
00008292  CpacSaveOutgoingMessage                
00006ca6  Cpac_host_send_radio_command           
00007d58  Cpac_remove_command                    
00007d02  Cpac_send_rs485_data                   
000060f2  CpuCalculateAverage                    
0000729c  CpuGetTxidAndTruthTable                
00007a8c  CpuMonitorWatchdog                     
0000654a  CpuSaveRssiIntoAverage                 
000001c0  DAC12_0CTL                             
000001c8  DAC12_0DAT                             
000001c2  DAC12_1CTL                             
000001ca  DAC12_1DAT                             
00000056  DCOCTL                                 
000001e0  DMA0CTL                                
000001e4  DMA0DA                                 
000001e2  DMA0SA                                 
000001e6  DMA0SZ                                 
000001e8  DMA1CTL                                
000001ec  DMA1DA                                 
000001ea  DMA1SA                                 
000001ee  DMA1SZ                                 
000001f0  DMA2CTL                                
000001f4  DMA2DA                                 
000001f2  DMA2SA                                 
000001f6  DMA2SZ                                 
00000122  DMACTL0                                
00000124  DMACTL1                                
00000128  FCTL1                                  
0000012a  FCTL2                                  
0000012c  FCTL3                                  
00000072  I2CDCTL                                
00000076  I2CDRB                                 
00000076  I2CDRW                                 
00000050  I2CIE                                  
00000051  I2CIFG                                 
0000011c  I2CIV                                  
00000052  I2CNDAT                                
00000118  I2COA                                  
00000073  I2CPSC                                 
0000011a  I2CSA                                  
00000074  I2CSCLH                                
00000075  I2CSCLL                                
00000071  I2CTCTL                                
00000000  IE1                                    
00000001  IE2                                    
00000002  IFG1                                   
00000003  IFG2                                   
000085cc  IsCPAC_Message                         
00000134  MAC                                    
00000136  MACS                                   
00000004  ME1                                    
00000005  ME2                                    
00000130  MPY                                    
00000132  MPYS                                   
00000138  OP2                                    
00000022  P1DIR                                  
00000025  P1IE                                   
00000024  P1IES                                  
00000023  P1IFG                                  
00000020  P1IN                                   
00000021  P1OUT                                  
00000026  P1SEL                                  
0000002a  P2DIR                                  
0000002d  P2IE                                   
0000002c  P2IES                                  
0000002b  P2IFG                                  
00000028  P2IN                                   
00000029  P2OUT                                  
0000002e  P2SEL                                  
0000001a  P3DIR                                  
00000018  P3IN                                   
00000019  P3OUT                                  
0000001b  P3SEL                                  
0000001e  P4DIR                                  
0000001c  P4IN                                   
0000001d  P4OUT                                  
0000001f  P4SEL                                  
00000032  P5DIR                                  
00000030  P5IN                                   
00000031  P5OUT                                  
00000033  P5SEL                                  
00000036  P6DIR                                  
00000034  P6IN                                   
00000035  P6OUT                                  
00000037  P6SEL                                  
000035e3  PacketSize                             
000035e0  ProtocolFlag                           
0000013c  RESHI                                  
0000013a  RESLO                                  
000035e1  ResponseCode                           
00002066  RssiAverage                            
000075d0  SB2000_InitializeProtocolPackets       
000063de  SB2000_ReconfigureProtocolPacket       
00007dac  SB_CheckFunctionCode                   
00008b9c  SB_FunctionCodeList                    
00008536  SB_RotateReceiver                      
00006ee0  SB_SmokeDetectSupervisorProtocolPacket 
0000013e  SUMEXT                                 
00000055  SVSCTL                                 
00000172  TACCR0                                 
00000174  TACCR1                                 
00000176  TACCR2                                 
00000162  TACCTL0                                
00000164  TACCTL1                                
00000166  TACCTL2                                
00000160  TACTL                                  
0000012e  TAIV                                   
00000170  TAR                                    
00000192  TBCCR0                                 
00000194  TBCCR1                                 
00000196  TBCCR2                                 
00000198  TBCCR3                                 
0000019a  TBCCR4                                 
0000019c  TBCCR5                                 
0000019e  TBCCR6                                 
00000182  TBCCTL0                                
00000184  TBCCTL1                                
00000186  TBCCTL2                                
00000188  TBCCTL3                                
0000018a  TBCCTL4                                
0000018c  TBCCTL5                                
0000018e  TBCCTL6                                
00000180  TBCTL                                  
0000011e  TBIV                                   
00000190  TBR                                    
000035e5  TkAddress                              
000035e9  TkBaseRssi                             
000035e7  TkCapabilityCode                       
000035eb  TkNoiseLeft                            
000035ea  TkNoiseRight                           
000035e4  TkNumberOfPackets                      
000035e6  TkPacketSize                           
000035e8  TkRssi                                 
000035ec  TkStatus                               
000031a4  TruthTablesValue                       
000031a0  Txid                                   
00000074  U0BR0                                  
00000075  U0BR1                                  
00000070  U0CTL                                  
00000073  U0MCTL                                 
00000072  U0RCTL                                 
00000076  U0RXBUF                                
00000071  U0TCTL                                 
00000077  U0TXBUF                                
0000007c  U1BR0                                  
0000007d  U1BR1                                  
00000078  U1CTL                                  
0000007b  U1MCTL                                 
0000007a  U1RCTL                                 
0000007e  U1RXBUF                                
00000079  U1TCTL                                 
0000007f  U1TXBUF                                
00000120  WDTCTL                                 
000031a6  WatchDogHoursTimer                     
00003900  __STACK_END                            
00000190  __STACK_SIZE                           
00008c32  __TI_CINIT_Base                        
00008c3a  __TI_CINIT_Limit                       
00008c3a  __TI_CINIT_Warm                        
00008c28  __TI_Handler_Table_Base                
00008c2e  __TI_Handler_Table_Limit               
0000893e  __TI_ISR_TRAP                          
00007bfa  __TI_auto_init_nobinit_nopinit_hold_wdt
0000764c  __TI_decompress_lzss                   
00008864  __TI_decompress_none                   
0000ffe0  __TI_int00                             
0000ffe2  __TI_int01                             
0000ffe4  __TI_int02                             
0000ffe6  __TI_int03                             
0000ffe8  __TI_int04                             
0000ffea  __TI_int05                             
0000ffec  __TI_int06                             
0000ffee  __TI_int07                             
0000fff0  __TI_int08                             
0000fff2  __TI_int09                             
0000fff4  __TI_int10                             
0000fff6  __TI_int11                             
0000fff8  __TI_int12                             
0000fffa  __TI_int13                             
0000fffc  __TI_int14                             
ffffffff  __TI_pprof_out_hndl                    
00006a0c  __TI_printfi_minimal                   
ffffffff  __TI_prof_data_size                    
ffffffff  __TI_prof_data_start                   
00008816  __TI_zero_init                         
ffffffff  __c_args__                             
00008624  __mspabi_divi                          
00008314  __mspabi_divli                         
00008800  __mspabi_divu                          
00007caa  __mspabi_divul                         
000088b4  __mspabi_func_epilog_1                 
000088b2  __mspabi_func_epilog_2                 
000088b0  __mspabi_func_epilog_3                 
000088ae  __mspabi_func_epilog_4                 
000088ac  __mspabi_func_epilog_5                 
000088aa  __mspabi_func_epilog_6                 
000088a8  __mspabi_func_epilog_7                 
0000883e  __mspabi_mpyi_hw                       
0000859e  __mspabi_mpyl_hw                       
00008624  __mspabi_remi                          
00008314  __mspabi_remli                         
00008800  __mspabi_remu                          
00007caa  __mspabi_remul                         
00008650  __mspabi_slli                          
00008678  __mspabi_slli_1                        
00008666  __mspabi_slli_10                       
00008664  __mspabi_slli_11                       
00008662  __mspabi_slli_12                       
00008660  __mspabi_slli_13                       
0000865e  __mspabi_slli_14                       
0000865c  __mspabi_slli_15                       
00008676  __mspabi_slli_2                        
00008674  __mspabi_slli_3                        
00008672  __mspabi_slli_4                        
00008670  __mspabi_slli_5                        
0000866e  __mspabi_slli_6                        
0000866c  __mspabi_slli_7                        
0000866a  __mspabi_slli_8                        
00008668  __mspabi_slli_9                        
00008888  __mspabi_slll                          
0000844a  __mspabi_slll_1                        
00008426  __mspabi_slll_10                       
00008422  __mspabi_slll_11                       
0000841e  __mspabi_slll_12                       
0000841a  __mspabi_slll_13                       
00008416  __mspabi_slll_14                       
00008412  __mspabi_slll_15                       
00008446  __mspabi_slll_2                        
00008442  __mspabi_slll_3                        
0000843e  __mspabi_slll_4                        
0000843a  __mspabi_slll_5                        
00008436  __mspabi_slll_6                        
00008432  __mspabi_slll_7                        
0000842e  __mspabi_slll_8                        
0000842a  __mspabi_slll_9                        
000085f8  __mspabi_srai                          
00008620  __mspabi_srai_1                        
0000860e  __mspabi_srai_10                       
0000860c  __mspabi_srai_11                       
0000860a  __mspabi_srai_12                       
00008608  __mspabi_srai_13                       
00008606  __mspabi_srai_14                       
00008604  __mspabi_srai_15                       
0000861e  __mspabi_srai_2                        
0000861c  __mspabi_srai_3                        
0000861a  __mspabi_srai_4                        
00008618  __mspabi_srai_5                        
00008616  __mspabi_srai_6                        
00008614  __mspabi_srai_7                        
00008612  __mspabi_srai_8                        
00008610  __mspabi_srai_9                        
00007f8a  __mspabi_srli                          
00007fd0  __mspabi_srli_1                        
00007fac  __mspabi_srli_10                       
00007fa8  __mspabi_srli_11                       
00007fa4  __mspabi_srli_12                       
00007fa0  __mspabi_srli_13                       
00007f9c  __mspabi_srli_14                       
00007f98  __mspabi_srli_15                       
00007fcc  __mspabi_srli_2                        
00007fc8  __mspabi_srli_3                        
00007fc4  __mspabi_srli_4                        
00007fc0  __mspabi_srli_5                        
00007fbc  __mspabi_srli_6                        
00007fb8  __mspabi_srli_7                        
00007fb4  __mspabi_srli_8                        
00007fb0  __mspabi_srli_9                        
00008738  _c_int00_noargs                        
00008a74  _ctypes_                               
00003690  _lock                                  
0000895c  _nop                                   
0000fffe  _reset_vector                          
00003770  _stack                                 
0000895e  _system_post_cinit                     
00008954  _system_pre_init                       
00003692  _unlock                                
0000894e  abort                                  
000030b4  accum_rssi                             
000031d8  active_alert_head                      
000033ca  active_alert_tail                      
00003684  active_command_head                    
00003686  active_command_tail                    
000035da  active_count                           
00003128  active_units                           
000067da  activity_check                         
00005a60  add_alert                              
00008958  adjust_retransmit_timer                
00001100  alert_list                             
0000360c  alert_list_remaining                   
00003148  ambient_rssi                           
00007dfe  atoi                                   
000035db  bfr_percentage                         
00003676  bufferOverflowCount                    
00003602  button_state                           
00007892  capture_ambient_rssi                   
00007e50  check_duplicate                        
0000848c  checksum                               
00007fd6  clear_active                           
000081c8  clear_rs485_active                     
0000241c  command_list                           
00008960  cpu_Crash                              
000082d4  cpu_compare_switches                   
00006692  cpu_initCpu                            
000086f4  cpu_power_up_read_switches             
000088b8  cpu_readCfgDIP                         
000088c6  cpu_readNetDIP                         
000088d4  cpu_readSpareDIP                       
000078fa  cpu_write_led_display                  
00003600  data_counter                           
000035bc  data_p                                 
00003683  debounceDIPcompare                     
000031d6  debug_count                            
00007ba0  duplicate_alert_match                  
000031d7  errBits                                
00003672  frameCount                             
00004ef0  host_radio_state_machine               
00006268  host_rs485_state_machine               
000035f6  host_unit                              
0000806a  inc_radio_msg_counter                  
00007c52  is_active                              
00008788  is_registration_active                 
000087a0  is_rs485_active                        
00008920  isalpha                                
00008946  isdigit                                
000035d6  keepalive_counter                      
000031a8  last_ack                               
000035fa  last_index                             
00005742  led_state_machine                      
00005d58  main                                   
000080b0  mark_active                            
0000702c  mark_active_by_mask                    
00007f3e  mark_duplicate                         
00007ae8  mark_rs485_active                      
00008716  memccpy                                
00008876  memcpy                                 
0000882a  memset                                 
000035fe  offline_counter                        
00003674  overrunCount                           
00001a60  polling_list                           
000035ca  radio_ack_counter                      
000035f4  radio_address                          
000035d3  radio_char_unexpected                  
000035c6  radio_error_counter                    
000035c2  radio_hop_count                        
00004000  radio_init                             
00003188  radio_init_bfr                         
000030f4  radio_init_buffers                     
000031aa  radio_init_cfg_count                   
000031ac  radio_init_cfg_size                    
0000362a  radio_init_config_strings              
000031ae  radio_init_count                       
00003610  radio_init_next_state                  
0000360e  radio_init_state                       
000035ce  radio_msg_counter                      
000073c6  radio_quality                          
000035c4  radio_relay_active                     
000035c5  radio_relay_candidate                  
000035d4  radio_relay_hops                       
000035c3  radio_relay_ignore                     
00006f88  radio_repeater                         
000035d2  radio_reply_expected                   
000035d5  radio_sequence_number                  
000035c0  radio_serial_number                    
000031b0  radio_version                          
000035f0  radioactive                            
000084c6  rand                                   
00002b6c  rdata                                  
000035ee  rdata_count                            
000035be  rdata_p                                
00008898  read_address_switch                    
000047d6  remote_radio_state_machine             
000053a8  remote_rs485_state_machine             
00007b44  remove_ack_alert                       
00006af8  remove_alert                           
00003606  repeat_pending                         
00003168  repeater_active_list                   
000026ec  repeater_list                          
00003604  repeater_list_index                    
000035d8  retransmit_interval                    
000035fc  rmt_percentage                         
000035f7  rssi_averaging                         
00002c6c  rx_data                                
0000367f  saveCfgDIP                             
00003680  saveNetDIP                             
00003682  saveRotarySwitch                       
00003681  saveSpareDIP                           
00007552  send_radio_ack                         
00005f5a  send_radio_alert                       
00007204  send_radio_keepalive                   
00007962  send_radio_rr                          
00007a2e  send_radio_wr                          
000077ba  send_rs485_poll                        
00006e24  send_rs485_response                    
00003678  serialA_Error                          
0000286c  serialA_InBuffer                       
000031b2  serialA_InCount                        
000031b4  serialA_InGet                          
000031b6  serialA_InPut                          
000031b8  serialA_InSize                         
00002d6c  serialA_OutBuffer                      
000031ba  serialA_OutCount                       
0000367c  serialA_OutCtr                         
000031bc  serialA_OutGet                         
000031be  serialA_OutPut                         
000031c0  serialA_OutSize                        
0000367a  serialA_Overrun                        
000087b8  serialA_ignoreCTS                      
0000367e  serialA_ignoreCTS_flag                 
00007332  serialA_init                           
000079ca  serialA_read                           
00008354  serialA_restart_output                 
0000744a  serialA_rx_isr                         
000088f0  serialA_txBufEmpty                     
0000820c  serialA_tx_isr                         
000076c8  serialA_write                          
00008020  serialA_writeN                         
0000366e  serialB_Error                          
000029ec  serialB_InBuffer                       
000031c2  serialB_InCount                        
000031c4  serialB_InGet                          
000031c6  serialB_InPut                          
000031c8  serialB_InSize                         
00002e6c  serialB_OutBuffer                      
000031ca  serialB_OutCount                       
000031cc  serialB_OutGet                         
000031ce  serialB_OutPut                         
000031d0  serialB_OutSize                        
00003670  serialB_Overrun                        
000070ce  serialB_init                           
000080f6  serialB_read                           
000074ce  serialB_rx_isr                         
000086a8  serialB_txDone                         
000086d0  serialB_tx_isr                         
00007ef0  serialB_write                          
0000813c  serialB_writeN                         
000084fe  sprintf                                
000087d0  srand                                  
000035f2  startup_sweep                          
000087e8  strcmp                                 
000088e2  strlen                                 
000035f8  supervisor_filter                      
00007ea0  timerB_isr                             
00007828  timer_ElapsedTimer                     
000088fc  timer_ResetTimer                       
0000867c  timer_chkLoResTimerExpired             
0000368e  timer_counter                          
0000716a  timer_extendLoResTimer                 
000031d2  timer_freerunning                      
00008908  timer_init                             
0000306c  timer_loResTimer                       
0000368c  timer_sequenceLeds                     
00008182  timer_setLoResTimer                    
000031d4  timer_value                            
00008914  toupper                                
00002f6c  tx_data                                


GLOBAL SYMBOLS: SORTED BY Symbol Address 

address   name                                   
-------   ----                                   
00000000  IE1                                    
00000001  IE2                                    
00000002  IFG1                                   
00000003  IFG2                                   
00000004  ME1                                    
00000005  ME2                                    
00000018  P3IN                                   
00000019  P3OUT                                  
0000001a  P3DIR                                  
0000001b  P3SEL                                  
0000001c  P4IN                                   
0000001d  P4OUT                                  
0000001e  P4DIR                                  
0000001f  P4SEL                                  
00000020  P1IN                                   
00000021  P1OUT                                  
00000022  P1DIR                                  
00000023  P1IFG                                  
00000024  P1IES                                  
00000025  P1IE                                   
00000026  P1SEL                                  
00000028  P2IN                                   
00000029  P2OUT                                  
0000002a  P2DIR                                  
0000002b  P2IFG                                  
0000002c  P2IES                                  
0000002d  P2IE                                   
0000002e  P2SEL                                  
00000030  P5IN                                   
00000031  P5OUT                                  
00000032  P5DIR                                  
00000033  P5SEL                                  
00000034  P6IN                                   
00000035  P6OUT                                  
00000036  P6DIR                                  
00000037  P6SEL                                  
00000050  I2CIE                                  
00000051  I2CIFG                                 
00000052  I2CNDAT                                
00000055  SVSCTL                                 
00000056  DCOCTL                                 
00000057  BCSCTL1                                
00000058  BCSCTL2                                
00000059  CACTL1                                 
0000005a  CACTL2                                 
0000005b  CAPD                                   
00000070  U0CTL                                  
00000071  I2CTCTL                                
00000071  U0TCTL                                 
00000072  I2CDCTL                                
00000072  U0RCTL                                 
00000073  I2CPSC                                 
00000073  U0MCTL                                 
00000074  I2CSCLH                                
00000074  U0BR0                                  
00000075  I2CSCLL                                
00000075  U0BR1                                  
00000076  I2CDRB                                 
00000076  I2CDRW                                 
00000076  U0RXBUF                                
00000077  U0TXBUF                                
00000078  U1CTL                                  
00000079  U1TCTL                                 
0000007a  U1RCTL                                 
0000007b  U1MCTL                                 
0000007c  U1BR0                                  
0000007d  U1BR1                                  
0000007e  U1RXBUF                                
0000007f  U1TXBUF                                
00000080  ADC12MCTL0                             
00000081  ADC12MCTL1                             
00000082  ADC12MCTL2                             
00000083  ADC12MCTL3                             
00000084  ADC12MCTL4                             
00000085  ADC12MCTL5                             
00000086  ADC12MCTL6                             
00000087  ADC12MCTL7                             
00000088  ADC12MCTL8                             
00000089  ADC12MCTL9                             
0000008a  ADC12MCTL10                            
0000008b  ADC12MCTL11                            
0000008c  ADC12MCTL12                            
0000008d  ADC12MCTL13                            
0000008e  ADC12MCTL14                            
0000008f  ADC12MCTL15                            
00000118  I2COA                                  
0000011a  I2CSA                                  
0000011c  I2CIV                                  
0000011e  TBIV                                   
00000120  WDTCTL                                 
00000122  DMACTL0                                
00000124  DMACTL1                                
00000128  FCTL1                                  
0000012a  FCTL2                                  
0000012c  FCTL3                                  
0000012e  TAIV                                   
00000130  MPY                                    
00000132  MPYS                                   
00000134  MAC                                    
00000136  MACS                                   
00000138  OP2                                    
0000013a  RESLO                                  
0000013c  RESHI                                  
0000013e  SUMEXT                                 
00000140  ADC12MEM0                              
00000142  ADC12MEM1                              
00000144  ADC12MEM2                              
00000146  ADC12MEM3                              
00000148  ADC12MEM4                              
0000014a  ADC12MEM5                              
0000014c  ADC12MEM6                              
0000014e  ADC12MEM7                              
00000150  ADC12MEM8                              
00000152  ADC12MEM9                              
00000154  ADC12MEM10                             
00000156  ADC12MEM11                             
00000158  ADC12MEM12                             
0000015a  ADC12MEM13                             
0000015c  ADC12MEM14                             
0000015e  ADC12MEM15                             
00000160  TACTL                                  
00000162  TACCTL0                                
00000164  TACCTL1                                
00000166  TACCTL2                                
00000170  TAR                                    
00000172  TACCR0                                 
00000174  TACCR1                                 
00000176  TACCR2                                 
00000180  TBCTL                                  
00000182  TBCCTL0                                
00000184  TBCCTL1                                
00000186  TBCCTL2                                
00000188  TBCCTL3                                
0000018a  TBCCTL4                                
0000018c  TBCCTL5                                
0000018e  TBCCTL6                                
00000190  TBR                                    
00000190  __STACK_SIZE                           
00000192  TBCCR0                                 
00000194  TBCCR1                                 
00000196  TBCCR2                                 
00000198  TBCCR3                                 
0000019a  TBCCR4                                 
0000019c  TBCCR5                                 
0000019e  TBCCR6                                 
000001a0  ADC12CTL0                              
000001a2  ADC12CTL1                              
000001a4  ADC12IFG                               
000001a6  ADC12IE                                
000001a8  ADC12IV                                
000001c0  DAC12_0CTL                             
000001c2  DAC12_1CTL                             
000001c8  DAC12_0DAT                             
000001ca  DAC12_1DAT                             
000001e0  DMA0CTL                                
000001e2  DMA0SA                                 
000001e4  DMA0DA                                 
000001e6  DMA0SZ                                 
000001e8  DMA1CTL                                
000001ea  DMA1SA                                 
000001ec  DMA1DA                                 
000001ee  DMA1SZ                                 
000001f0  DMA2CTL                                
000001f2  DMA2SA                                 
000001f4  DMA2DA                                 
000001f6  DMA2SZ                                 
00001100  alert_list                             
00001a60  polling_list                           
00002066  RssiAverage                            
0000241c  command_list                           
000026ec  repeater_list                          
0000286c  serialA_InBuffer                       
000029ec  serialB_InBuffer                       
00002b6c  rdata                                  
00002c6c  rx_data                                
00002d6c  serialA_OutBuffer                      
00002e6c  serialB_OutBuffer                      
00002f6c  tx_data                                
0000306c  timer_loResTimer                       
000030b4  accum_rssi                             
000030f4  radio_init_buffers                     
00003128  active_units                           
00003148  ambient_rssi                           
00003168  repeater_active_list                   
00003188  radio_init_bfr                         
000031a0  Txid                                   
000031a4  TruthTablesValue                       
000031a6  WatchDogHoursTimer                     
000031a8  last_ack                               
000031aa  radio_init_cfg_count                   
000031ac  radio_init_cfg_size                    
000031ae  radio_init_count                       
000031b0  radio_version                          
000031b2  serialA_InCount                        
000031b4  serialA_InGet                          
000031b6  serialA_InPut                          
000031b8  serialA_InSize                         
000031ba  serialA_OutCount                       
000031bc  serialA_OutGet                         
000031be  serialA_OutPut                         
000031c0  serialA_OutSize                        
000031c2  serialB_InCount                        
000031c4  serialB_InGet                          
000031c6  serialB_InPut                          
000031c8  serialB_InSize                         
000031ca  serialB_OutCount                       
000031cc  serialB_OutGet                         
000031ce  serialB_OutPut                         
000031d0  serialB_OutSize                        
000031d2  timer_freerunning                      
000031d4  timer_value                            
000031d6  debug_count                            
000031d7  errBits                                
000031d8  active_alert_head                      
000033ca  active_alert_tail                      
000035bc  data_p                                 
000035be  rdata_p                                
000035c0  radio_serial_number                    
000035c2  radio_hop_count                        
000035c3  radio_relay_ignore                     
000035c4  radio_relay_active                     
000035c5  radio_relay_candidate                  
000035c6  radio_error_counter                    
000035ca  radio_ack_counter                      
000035ce  radio_msg_counter                      
000035d2  radio_reply_expected                   
000035d3  radio_char_unexpected                  
000035d4  radio_relay_hops                       
000035d5  radio_sequence_number                  
000035d6  keepalive_counter                      
000035d8  retransmit_interval                    
000035da  active_count                           
000035db  bfr_percentage                         
000035dc  CartsReprogramList                     
000035e0  ProtocolFlag                           
000035e1  ResponseCode                           
000035e2  CapabilityCode                         
000035e3  PacketSize                             
000035e4  TkNumberOfPackets                      
000035e5  TkAddress                              
000035e6  TkPacketSize                           
000035e7  TkCapabilityCode                       
000035e8  TkRssi                                 
000035e9  TkBaseRssi                             
000035ea  TkNoiseRight                           
000035eb  TkNoiseLeft                            
000035ec  TkStatus                               
000035ed  ChecksumFailCount                      
000035ee  rdata_count                            
000035f0  radioactive                            
000035f2  startup_sweep                          
000035f4  radio_address                          
000035f6  host_unit                              
000035f7  rssi_averaging                         
000035f8  supervisor_filter                      
000035fa  last_index                             
000035fc  rmt_percentage                         
000035fe  offline_counter                        
00003600  data_counter                           
00003602  button_state                           
00003604  repeater_list_index                    
00003606  repeat_pending                         
00003608  CartsProtocolList                      
0000360c  alert_list_remaining                   
0000360e  radio_init_state                       
00003610  radio_init_next_state                  
0000362a  radio_init_config_strings              
0000366e  serialB_Error                          
00003670  serialB_Overrun                        
00003672  frameCount                             
00003674  overrunCount                           
00003676  bufferOverflowCount                    
00003678  serialA_Error                          
0000367a  serialA_Overrun                        
0000367c  serialA_OutCtr                         
0000367e  serialA_ignoreCTS_flag                 
0000367f  saveCfgDIP                             
00003680  saveNetDIP                             
00003681  saveSpareDIP                           
00003682  saveRotarySwitch                       
00003683  debounceDIPcompare                     
00003684  active_command_head                    
00003686  active_command_tail                    
0000368c  timer_sequenceLeds                     
0000368e  timer_counter                          
00003690  _lock                                  
00003692  _unlock                                
00003770  _stack                                 
00003900  __STACK_END                            
00004000  radio_init                             
000047d6  remote_radio_state_machine             
00004ef0  host_radio_state_machine               
000053a8  remote_rs485_state_machine             
00005742  led_state_machine                      
00005a60  add_alert                              
00005d58  main                                   
00005f5a  send_radio_alert                       
000060f2  CpuCalculateAverage                    
00006268  host_rs485_state_machine               
000063de  SB2000_ReconfigureProtocolPacket       
0000654a  CpuSaveRssiIntoAverage                 
00006692  cpu_initCpu                            
000067da  activity_check                         
00006a0c  __TI_printfi_minimal                   
00006af8  remove_alert                           
00006ca6  Cpac_host_send_radio_command           
00006d68  CpacSaveMessage                        
00006e24  send_rs485_response                    
00006ee0  SB_SmokeDetectSupervisorProtocolPacket 
00006f88  radio_repeater                         
0000702c  mark_active_by_mask                    
000070ce  serialB_init                           
0000716a  timer_extendLoResTimer                 
00007204  send_radio_keepalive                   
0000729c  CpuGetTxidAndTruthTable                
00007332  serialA_init                           
000073c6  radio_quality                          
0000744a  serialA_rx_isr                         
000074ce  serialB_rx_isr                         
00007552  send_radio_ack                         
000075d0  SB2000_InitializeProtocolPackets       
0000764c  __TI_decompress_lzss                   
000076c8  serialA_write                          
000077ba  send_rs485_poll                        
00007828  timer_ElapsedTimer                     
00007892  capture_ambient_rssi                   
000078fa  cpu_write_led_display                  
00007962  send_radio_rr                          
000079ca  serialA_read                           
00007a2e  send_radio_wr                          
00007a8c  CpuMonitorWatchdog                     
00007ae8  mark_rs485_active                      
00007b44  remove_ack_alert                       
00007ba0  duplicate_alert_match                  
00007bfa  __TI_auto_init_nobinit_nopinit_hold_wdt
00007c52  is_active                              
00007caa  __mspabi_divul                         
00007caa  __mspabi_remul                         
00007d02  Cpac_send_rs485_data                   
00007d58  Cpac_remove_command                    
00007dac  SB_CheckFunctionCode                   
00007dfe  atoi                                   
00007e50  check_duplicate                        
00007ea0  timerB_isr                             
00007ef0  serialB_write                          
00007f3e  mark_duplicate                         
00007f8a  __mspabi_srli                          
00007f98  __mspabi_srli_15                       
00007f9c  __mspabi_srli_14                       
00007fa0  __mspabi_srli_13                       
00007fa4  __mspabi_srli_12                       
00007fa8  __mspabi_srli_11                       
00007fac  __mspabi_srli_10                       
00007fb0  __mspabi_srli_9                        
00007fb4  __mspabi_srli_8                        
00007fb8  __mspabi_srli_7                        
00007fbc  __mspabi_srli_6                        
00007fc0  __mspabi_srli_5                        
00007fc4  __mspabi_srli_4                        
00007fc8  __mspabi_srli_3                        
00007fcc  __mspabi_srli_2                        
00007fd0  __mspabi_srli_1                        
00007fd6  clear_active                           
00008020  serialA_writeN                         
0000806a  inc_radio_msg_counter                  
000080b0  mark_active                            
000080f6  serialB_read                           
0000813c  serialB_writeN                         
00008182  timer_setLoResTimer                    
000081c8  clear_rs485_active                     
0000820c  serialA_tx_isr                         
00008250  CpacCheckForOutgoingMessages           
00008292  CpacSaveOutgoingMessage                
000082d4  cpu_compare_switches                   
00008314  __mspabi_divli                         
00008314  __mspabi_remli                         
00008354  serialA_restart_output                 
00008412  __mspabi_slll_15                       
00008416  __mspabi_slll_14                       
0000841a  __mspabi_slll_13                       
0000841e  __mspabi_slll_12                       
00008422  __mspabi_slll_11                       
00008426  __mspabi_slll_10                       
0000842a  __mspabi_slll_9                        
0000842e  __mspabi_slll_8                        
00008432  __mspabi_slll_7                        
00008436  __mspabi_slll_6                        
0000843a  __mspabi_slll_5                        
0000843e  __mspabi_slll_4                        
00008442  __mspabi_slll_3                        
00008446  __mspabi_slll_2                        
0000844a  __mspabi_slll_1                        
0000848c  checksum                               
000084c6  rand                                   
000084fe  sprintf                                
00008536  SB_RotateReceiver                      
0000859e  __mspabi_mpyl_hw                       
000085cc  IsCPAC_Message                         
000085f8  __mspabi_srai                          
00008604  __mspabi_srai_15                       
00008606  __mspabi_srai_14                       
00008608  __mspabi_srai_13                       
0000860a  __mspabi_srai_12                       
0000860c  __mspabi_srai_11                       
0000860e  __mspabi_srai_10                       
00008610  __mspabi_srai_9                        
00008612  __mspabi_srai_8                        
00008614  __mspabi_srai_7                        
00008616  __mspabi_srai_6                        
00008618  __mspabi_srai_5                        
0000861a  __mspabi_srai_4                        
0000861c  __mspabi_srai_3                        
0000861e  __mspabi_srai_2                        
00008620  __mspabi_srai_1                        
00008624  __mspabi_divi                          
00008624  __mspabi_remi                          
00008650  __mspabi_slli                          
0000865c  __mspabi_slli_15                       
0000865e  __mspabi_slli_14                       
00008660  __mspabi_slli_13                       
00008662  __mspabi_slli_12                       
00008664  __mspabi_slli_11                       
00008666  __mspabi_slli_10                       
00008668  __mspabi_slli_9                        
0000866a  __mspabi_slli_8                        
0000866c  __mspabi_slli_7                        
0000866e  __mspabi_slli_6                        
00008670  __mspabi_slli_5                        
00008672  __mspabi_slli_4                        
00008674  __mspabi_slli_3                        
00008676  __mspabi_slli_2                        
00008678  __mspabi_slli_1                        
0000867c  timer_chkLoResTimerExpired             
000086a8  serialB_txDone                         
000086d0  serialB_tx_isr                         
000086f4  cpu_power_up_read_switches             
00008716  memccpy                                
00008738  _c_int00_noargs                        
00008754  CpacHostRadioSaveMessage               
00008788  is_registration_active                 
000087a0  is_rs485_active                        
000087b8  serialA_ignoreCTS                      
000087d0  srand                                  
000087e8  strcmp                                 
00008800  __mspabi_divu                          
00008800  __mspabi_remu                          
00008816  __TI_zero_init                         
0000882a  memset                                 
0000883e  __mspabi_mpyi_hw                       
00008864  __TI_decompress_none                   
00008876  memcpy                                 
00008888  __mspabi_slll                          
00008898  read_address_switch                    
000088a8  __mspabi_func_epilog_7                 
000088aa  __mspabi_func_epilog_6                 
000088ac  __mspabi_func_epilog_5                 
000088ae  __mspabi_func_epilog_4                 
000088b0  __mspabi_func_epilog_3                 
000088b2  __mspabi_func_epilog_2                 
000088b4  __mspabi_func_epilog_1                 
000088b8  cpu_readCfgDIP                         
000088c6  cpu_readNetDIP                         
000088d4  cpu_readSpareDIP                       
000088e2  strlen                                 
000088f0  serialA_txBufEmpty                     
000088fc  timer_ResetTimer                       
00008908  timer_init                             
00008914  toupper                                
00008920  isalpha                                
0000893e  __TI_ISR_TRAP                          
00008946  isdigit                                
0000894e  C$$EXIT                                
0000894e  abort                                  
00008954  _system_pre_init                       
00008958  adjust_retransmit_timer                
0000895c  _nop                                   
0000895e  _system_post_cinit                     
00008960  cpu_Crash                              
00008a74  _ctypes_                               
00008b9c  SB_FunctionCodeList                    
00008c28  __TI_Handler_Table_Base                
00008c2e  __TI_Handler_Table_Limit               
00008c32  __TI_CINIT_Base                        
00008c3a  __TI_CINIT_Limit                       
00008c3a  __TI_CINIT_Warm                        
0000ffe0  __TI_int00                             
0000ffe2  __TI_int01                             
0000ffe4  __TI_int02                             
0000ffe6  __TI_int03                             
0000ffe8  __TI_int04                             
0000ffea  __TI_int05                             
0000ffec  __TI_int06                             
0000ffee  __TI_int07                             
0000fff0  __TI_int08                             
0000fff2  __TI_int09                             
0000fff4  __TI_int10                             
0000fff6  __TI_int11                             
0000fff8  __TI_int12                             
0000fffa  __TI_int13                             
0000fffc  __TI_int14                             
0000fffe  _reset_vector                          
ffffffff  __TI_pprof_out_hndl                    
ffffffff  __TI_prof_data_size                    
ffffffff  __TI_prof_data_start                   
ffffffff  __c_args__                             

[505 symbols]
