<?xml version="1.0" encoding="ISO-8859-1" ?>
<link_info>
   <banner>MSP430 Linker PC v21.6.2.LTS</banner>
   <copyright>Copyright (c) 2003-2018 Texas Instruments Incorporated</copyright>
   <link_time>0x6a4430ae</link_time>
   <link_errors>0x0</link_errors>
   <output_file>8100-00.out</output_file>
   <entry_point>
      <name>_c_int00_noargs</name>
      <address>0x8738</address>
   </entry_point>
   <input_file_list>
      <input_file id="fl-2">
         <path>.\</path>
         <kind>object</kind>
         <file>cpac.obj</file>
         <name>cpac.obj</name>
      </input_file>
      <input_file id="fl-3">
         <path>.\</path>
         <kind>object</kind>
         <file>cpu.obj</file>
         <name>cpu.obj</name>
      </input_file>
      <input_file id="fl-4">
         <path>.\</path>
         <kind>object</kind>
         <file>serialA.obj</file>
         <name>serialA.obj</name>
      </input_file>
      <input_file id="fl-5">
         <path>.\</path>
         <kind>object</kind>
         <file>serialB.obj</file>
         <name>serialB.obj</name>
      </input_file>
      <input_file id="fl-6">
         <path>.\</path>
         <kind>object</kind>
         <file>timers.obj</file>
         <name>timers.obj</name>
      </input_file>
      <input_file id="fl-7">
         <path>.\</path>
         <kind>object</kind>
         <file>wabs.obj</file>
         <name>wabs.obj</name>
      </input_file>
      <input_file id="fl-c">
         <kind>object</kind>
         <file>&lt;internal&gt;</file>
         <name>&lt;internal&gt;</name>
      </input_file>
      <input_file id="fl-22">
         <path>C:\ti\ccs2100\ccs\tools\compiler\ti-cgt-msp430_21.6.2.LTS\lib\</path>
         <kind>archive</kind>
         <file>rts430_eabi.lib</file>
         <name>sprintf.c.obj</name>
      </input_file>
      <input_file id="fl-23">
         <path>C:\ti\ccs2100\ccs\tools\compiler\ti-cgt-msp430_21.6.2.LTS\lib\</path>
         <kind>archive</kind>
         <file>rts430_eabi.lib</file>
         <name>asr16.asm.obj</name>
      </input_file>
      <input_file id="fl-24">
         <path>C:\ti\ccs2100\ccs\tools\compiler\ti-cgt-msp430_21.6.2.LTS\lib\</path>
         <kind>archive</kind>
         <file>rts430_eabi.lib</file>
         <name>div16s.asm.obj</name>
      </input_file>
      <input_file id="fl-25">
         <path>C:\ti\ccs2100\ccs\tools\compiler\ti-cgt-msp430_21.6.2.LTS\lib\</path>
         <kind>archive</kind>
         <file>rts430_eabi.lib</file>
         <name>div16u.asm.obj</name>
      </input_file>
      <input_file id="fl-26">
         <path>C:\ti\ccs2100\ccs\tools\compiler\ti-cgt-msp430_21.6.2.LTS\lib\</path>
         <kind>archive</kind>
         <file>rts430_eabi.lib</file>
         <name>div32s.asm.obj</name>
      </input_file>
      <input_file id="fl-27">
         <path>C:\ti\ccs2100\ccs\tools\compiler\ti-cgt-msp430_21.6.2.LTS\lib\</path>
         <kind>archive</kind>
         <file>rts430_eabi.lib</file>
         <name>div32u.asm.obj</name>
      </input_file>
      <input_file id="fl-28">
         <path>C:\ti\ccs2100\ccs\tools\compiler\ti-cgt-msp430_21.6.2.LTS\lib\</path>
         <kind>archive</kind>
         <file>rts430_eabi.lib</file>
         <name>epilog.asm.obj</name>
      </input_file>
      <input_file id="fl-29">
         <path>C:\ti\ccs2100\ccs\tools\compiler\ti-cgt-msp430_21.6.2.LTS\lib\</path>
         <kind>archive</kind>
         <file>rts430_eabi.lib</file>
         <name>int00.asm.obj</name>
      </input_file>
      <input_file id="fl-2a">
         <path>C:\ti\ccs2100\ccs\tools\compiler\ti-cgt-msp430_21.6.2.LTS\lib\</path>
         <kind>archive</kind>
         <file>rts430_eabi.lib</file>
         <name>int01.asm.obj</name>
      </input_file>
      <input_file id="fl-2b">
         <path>C:\ti\ccs2100\ccs\tools\compiler\ti-cgt-msp430_21.6.2.LTS\lib\</path>
         <kind>archive</kind>
         <file>rts430_eabi.lib</file>
         <name>int04.asm.obj</name>
      </input_file>
      <input_file id="fl-2c">
         <path>C:\ti\ccs2100\ccs\tools\compiler\ti-cgt-msp430_21.6.2.LTS\lib\</path>
         <kind>archive</kind>
         <file>rts430_eabi.lib</file>
         <name>int05.asm.obj</name>
      </input_file>
      <input_file id="fl-2d">
         <path>C:\ti\ccs2100\ccs\tools\compiler\ti-cgt-msp430_21.6.2.LTS\lib\</path>
         <kind>archive</kind>
         <file>rts430_eabi.lib</file>
         <name>int06.asm.obj</name>
      </input_file>
      <input_file id="fl-2e">
         <path>C:\ti\ccs2100\ccs\tools\compiler\ti-cgt-msp430_21.6.2.LTS\lib\</path>
         <kind>archive</kind>
         <file>rts430_eabi.lib</file>
         <name>int07.asm.obj</name>
      </input_file>
      <input_file id="fl-2f">
         <path>C:\ti\ccs2100\ccs\tools\compiler\ti-cgt-msp430_21.6.2.LTS\lib\</path>
         <kind>archive</kind>
         <file>rts430_eabi.lib</file>
         <name>int10.asm.obj</name>
      </input_file>
      <input_file id="fl-30">
         <path>C:\ti\ccs2100\ccs\tools\compiler\ti-cgt-msp430_21.6.2.LTS\lib\</path>
         <kind>archive</kind>
         <file>rts430_eabi.lib</file>
         <name>int11.asm.obj</name>
      </input_file>
      <input_file id="fl-31">
         <path>C:\ti\ccs2100\ccs\tools\compiler\ti-cgt-msp430_21.6.2.LTS\lib\</path>
         <kind>archive</kind>
         <file>rts430_eabi.lib</file>
         <name>int12.asm.obj</name>
      </input_file>
      <input_file id="fl-32">
         <path>C:\ti\ccs2100\ccs\tools\compiler\ti-cgt-msp430_21.6.2.LTS\lib\</path>
         <kind>archive</kind>
         <file>rts430_eabi.lib</file>
         <name>int14.asm.obj</name>
      </input_file>
      <input_file id="fl-33">
         <path>C:\ti\ccs2100\ccs\tools\compiler\ti-cgt-msp430_21.6.2.LTS\lib\</path>
         <kind>archive</kind>
         <file>rts430_eabi.lib</file>
         <name>isr_trap.asm.obj</name>
      </input_file>
      <input_file id="fl-34">
         <path>C:\ti\ccs2100\ccs\tools\compiler\ti-cgt-msp430_21.6.2.LTS\lib\</path>
         <kind>archive</kind>
         <file>rts430_eabi.lib</file>
         <name>lsl16.asm.obj</name>
      </input_file>
      <input_file id="fl-35">
         <path>C:\ti\ccs2100\ccs\tools\compiler\ti-cgt-msp430_21.6.2.LTS\lib\</path>
         <kind>archive</kind>
         <file>rts430_eabi.lib</file>
         <name>lsl32.asm.obj</name>
      </input_file>
      <input_file id="fl-36">
         <path>C:\ti\ccs2100\ccs\tools\compiler\ti-cgt-msp430_21.6.2.LTS\lib\</path>
         <kind>archive</kind>
         <file>rts430_eabi.lib</file>
         <name>lsr16.asm.obj</name>
      </input_file>
      <input_file id="fl-37">
         <path>C:\ti\ccs2100\ccs\tools\compiler\ti-cgt-msp430_21.6.2.LTS\lib\</path>
         <kind>archive</kind>
         <file>rts430_eabi.lib</file>
         <name>mult16.asm.obj</name>
      </input_file>
      <input_file id="fl-38">
         <path>C:\ti\ccs2100\ccs\tools\compiler\ti-cgt-msp430_21.6.2.LTS\lib\</path>
         <kind>archive</kind>
         <file>rts430_eabi.lib</file>
         <name>mult16_hw.asm.obj</name>
      </input_file>
      <input_file id="fl-39">
         <path>C:\ti\ccs2100\ccs\tools\compiler\ti-cgt-msp430_21.6.2.LTS\lib\</path>
         <kind>archive</kind>
         <file>rts430_eabi.lib</file>
         <name>mult1632_hw.asm.obj</name>
      </input_file>
      <input_file id="fl-3a">
         <path>C:\ti\ccs2100\ccs\tools\compiler\ti-cgt-msp430_21.6.2.LTS\lib\</path>
         <kind>archive</kind>
         <file>rts430_eabi.lib</file>
         <name>mult32.asm.obj</name>
      </input_file>
      <input_file id="fl-3b">
         <path>C:\ti\ccs2100\ccs\tools\compiler\ti-cgt-msp430_21.6.2.LTS\lib\</path>
         <kind>archive</kind>
         <file>rts430_eabi.lib</file>
         <name>mult32_hw.asm.obj</name>
      </input_file>
      <input_file id="fl-3c">
         <path>C:\ti\ccs2100\ccs\tools\compiler\ti-cgt-msp430_21.6.2.LTS\lib\</path>
         <kind>archive</kind>
         <file>rts430_eabi.lib</file>
         <name>mult3264_hw.asm.obj</name>
      </input_file>
      <input_file id="fl-3d">
         <path>C:\ti\ccs2100\ccs\tools\compiler\ti-cgt-msp430_21.6.2.LTS\lib\</path>
         <kind>archive</kind>
         <file>rts430_eabi.lib</file>
         <name>mult64_hw.asm.obj</name>
      </input_file>
      <input_file id="fl-3e">
         <path>C:\ti\ccs2100\ccs\tools\compiler\ti-cgt-msp430_21.6.2.LTS\lib\</path>
         <kind>archive</kind>
         <file>rts430_eabi.lib</file>
         <name>boot.c.obj</name>
      </input_file>
      <input_file id="fl-3f">
         <path>C:\ti\ccs2100\ccs\tools\compiler\ti-cgt-msp430_21.6.2.LTS\lib\</path>
         <kind>archive</kind>
         <file>rts430_eabi.lib</file>
         <name>autoinit.c.obj</name>
      </input_file>
      <input_file id="fl-40">
         <path>C:\ti\ccs2100\ccs\tools\compiler\ti-cgt-msp430_21.6.2.LTS\lib\</path>
         <kind>archive</kind>
         <file>rts430_eabi.lib</file>
         <name>copy_zero_init.c.obj</name>
      </input_file>
      <input_file id="fl-41">
         <path>C:\ti\ccs2100\ccs\tools\compiler\ti-cgt-msp430_21.6.2.LTS\lib\</path>
         <kind>archive</kind>
         <file>rts430_eabi.lib</file>
         <name>cpy_tbl.c.obj</name>
      </input_file>
      <input_file id="fl-42">
         <path>C:\ti\ccs2100\ccs\tools\compiler\ti-cgt-msp430_21.6.2.LTS\lib\</path>
         <kind>archive</kind>
         <file>rts430_eabi.lib</file>
         <name>mpu_init.c.obj</name>
      </input_file>
      <input_file id="fl-43">
         <path>C:\ti\ccs2100\ccs\tools\compiler\ti-cgt-msp430_21.6.2.LTS\lib\</path>
         <kind>archive</kind>
         <file>rts430_eabi.lib</file>
         <name>lsr64.c.obj</name>
      </input_file>
      <input_file id="fl-44">
         <path>C:\ti\ccs2100\ccs\tools\compiler\ti-cgt-msp430_21.6.2.LTS\lib\</path>
         <kind>archive</kind>
         <file>rts430_eabi.lib</file>
         <name>pre_init.c.obj</name>
      </input_file>
      <input_file id="fl-45">
         <path>C:\ti\ccs2100\ccs\tools\compiler\ti-cgt-msp430_21.6.2.LTS\lib\</path>
         <kind>archive</kind>
         <file>rts430_eabi.lib</file>
         <name>startup.c.obj</name>
      </input_file>
      <input_file id="fl-46">
         <path>C:\ti\ccs2100\ccs\tools\compiler\ti-cgt-msp430_21.6.2.LTS\lib\</path>
         <kind>archive</kind>
         <file>rts430_eabi.lib</file>
         <name>copy_decompress_none.c.obj</name>
      </input_file>
      <input_file id="fl-47">
         <path>C:\ti\ccs2100\ccs\tools\compiler\ti-cgt-msp430_21.6.2.LTS\lib\</path>
         <kind>archive</kind>
         <file>rts430_eabi.lib</file>
         <name>copy_decompress_lzss.c.obj</name>
      </input_file>
      <input_file id="fl-48">
         <path>C:\ti\ccs2100\ccs\tools\compiler\ti-cgt-msp430_21.6.2.LTS\lib\</path>
         <kind>archive</kind>
         <file>rts430_eabi.lib</file>
         <name>exit.c.obj</name>
      </input_file>
      <input_file id="fl-49">
         <path>C:\ti\ccs2100\ccs\tools\compiler\ti-cgt-msp430_21.6.2.LTS\lib\</path>
         <kind>archive</kind>
         <file>rts430_eabi.lib</file>
         <name>_lock.c.obj</name>
      </input_file>
      <input_file id="fl-4a">
         <path>C:\ti\ccs2100\ccs\tools\compiler\ti-cgt-msp430_21.6.2.LTS\lib\</path>
         <kind>archive</kind>
         <file>rts430_eabi.lib</file>
         <name>args_main.c.obj</name>
      </input_file>
      <input_file id="fl-4b">
         <path>C:\ti\ccs2100\ccs\tools\compiler\ti-cgt-msp430_21.6.2.LTS\lib\</path>
         <kind>archive</kind>
         <file>rts430_eabi.lib</file>
         <name>atoi.c.obj</name>
      </input_file>
      <input_file id="fl-4c">
         <path>C:\ti\ccs2100\ccs\tools\compiler\ti-cgt-msp430_21.6.2.LTS\lib\</path>
         <kind>archive</kind>
         <file>rts430_eabi.lib</file>
         <name>ctype.c.obj</name>
      </input_file>
      <input_file id="fl-4d">
         <path>C:\ti\ccs2100\ccs\tools\compiler\ti-cgt-msp430_21.6.2.LTS\lib\</path>
         <kind>archive</kind>
         <file>rts430_eabi.lib</file>
         <name>isalpha.c.obj</name>
      </input_file>
      <input_file id="fl-4e">
         <path>C:\ti\ccs2100\ccs\tools\compiler\ti-cgt-msp430_21.6.2.LTS\lib\</path>
         <kind>archive</kind>
         <file>rts430_eabi.lib</file>
         <name>isdigit.c.obj</name>
      </input_file>
      <input_file id="fl-4f">
         <path>C:\ti\ccs2100\ccs\tools\compiler\ti-cgt-msp430_21.6.2.LTS\lib\</path>
         <kind>archive</kind>
         <file>rts430_eabi.lib</file>
         <name>memcpy.c.obj</name>
      </input_file>
      <input_file id="fl-50">
         <path>C:\ti\ccs2100\ccs\tools\compiler\ti-cgt-msp430_21.6.2.LTS\lib\</path>
         <kind>archive</kind>
         <file>rts430_eabi.lib</file>
         <name>memset.c.obj</name>
      </input_file>
      <input_file id="fl-51">
         <path>C:\ti\ccs2100\ccs\tools\compiler\ti-cgt-msp430_21.6.2.LTS\lib\</path>
         <kind>archive</kind>
         <file>rts430_eabi.lib</file>
         <name>rand.c.obj</name>
      </input_file>
      <input_file id="fl-52">
         <path>C:\ti\ccs2100\ccs\tools\compiler\ti-cgt-msp430_21.6.2.LTS\lib\</path>
         <kind>archive</kind>
         <file>rts430_eabi.lib</file>
         <name>strcmp.c.obj</name>
      </input_file>
      <input_file id="fl-53">
         <path>C:\ti\ccs2100\ccs\tools\compiler\ti-cgt-msp430_21.6.2.LTS\lib\</path>
         <kind>archive</kind>
         <file>rts430_eabi.lib</file>
         <name>strlen.c.obj</name>
      </input_file>
      <input_file id="fl-54">
         <path>C:\ti\ccs2100\ccs\tools\compiler\ti-cgt-msp430_21.6.2.LTS\lib\</path>
         <kind>archive</kind>
         <file>rts430_eabi.lib</file>
         <name>toupper.c.obj</name>
      </input_file>
      <input_file id="fl-55">
         <path>C:\ti\ccs2100\ccs\tools\compiler\ti-cgt-msp430_21.6.2.LTS\lib\</path>
         <kind>archive</kind>
         <file>rts430_eabi.lib</file>
         <name>_printfi.c.obj</name>
      </input_file>
      <input_file id="fl-56">
         <path>C:\ti\ccs2100\ccs\tools\compiler\ti-cgt-msp430_21.6.2.LTS\lib\</path>
         <kind>archive</kind>
         <file>rts430_eabi.lib</file>
         <name>exit_gvars.c.obj</name>
      </input_file>
      <input_file id="fl-57">
         <path>C:\ti\ccs2100\ccs\tools\compiler\ti-cgt-msp430_21.6.2.LTS\lib\</path>
         <kind>archive</kind>
         <file>rts430_eabi.lib</file>
         <name>div64u.c.obj</name>
      </input_file>
      <input_file id="fl-58">
         <path>C:\ti\ccs2100\ccs\tools\compiler\ti-cgt-msp430_21.6.2.LTS\lib\</path>
         <kind>archive</kind>
         <file>rts430_eabi.lib</file>
         <name>cmpd.c.obj</name>
      </input_file>
      <input_file id="fl-59">
         <path>C:\ti\ccs2100\ccs\tools\compiler\ti-cgt-msp430_21.6.2.LTS\lib\</path>
         <kind>archive</kind>
         <file>rts430_eabi.lib</file>
         <name>divd.c.obj</name>
      </input_file>
      <input_file id="fl-5a">
         <path>C:\ti\ccs2100\ccs\tools\compiler\ti-cgt-msp430_21.6.2.LTS\lib\</path>
         <kind>archive</kind>
         <file>rts430_eabi.lib</file>
         <name>fixdi.c.obj</name>
      </input_file>
      <input_file id="fl-5b">
         <path>C:\ti\ccs2100\ccs\tools\compiler\ti-cgt-msp430_21.6.2.LTS\lib\</path>
         <kind>archive</kind>
         <file>rts430_eabi.lib</file>
         <name>fixdli.c.obj</name>
      </input_file>
      <input_file id="fl-5c">
         <path>C:\ti\ccs2100\ccs\tools\compiler\ti-cgt-msp430_21.6.2.LTS\lib\</path>
         <kind>archive</kind>
         <file>rts430_eabi.lib</file>
         <name>fltid.c.obj</name>
      </input_file>
      <input_file id="fl-5d">
         <path>C:\ti\ccs2100\ccs\tools\compiler\ti-cgt-msp430_21.6.2.LTS\lib\</path>
         <kind>archive</kind>
         <file>rts430_eabi.lib</file>
         <name>fltlid.c.obj</name>
      </input_file>
      <input_file id="fl-5e">
         <path>C:\ti\ccs2100\ccs\tools\compiler\ti-cgt-msp430_21.6.2.LTS\lib\</path>
         <kind>archive</kind>
         <file>rts430_eabi.lib</file>
         <name>frcdivd.c.obj</name>
      </input_file>
      <input_file id="fl-5f">
         <path>C:\ti\ccs2100\ccs\tools\compiler\ti-cgt-msp430_21.6.2.LTS\lib\</path>
         <kind>archive</kind>
         <file>rts430_eabi.lib</file>
         <name>mpyd.c.obj</name>
      </input_file>
      <input_file id="fl-60">
         <path>C:\ti\ccs2100\ccs\tools\compiler\ti-cgt-msp430_21.6.2.LTS\lib\</path>
         <kind>archive</kind>
         <file>rts430_eabi.lib</file>
         <name>negd.c.obj</name>
      </input_file>
      <input_file id="fl-61">
         <path>C:\ti\ccs2100\ccs\tools\compiler\ti-cgt-msp430_21.6.2.LTS\lib\</path>
         <kind>archive</kind>
         <file>rts430_eabi.lib</file>
         <name>subd.c.obj</name>
      </input_file>
      <input_file id="fl-62">
         <path>C:\ti\ccs2100\ccs\tools\compiler\ti-cgt-msp430_21.6.2.LTS\lib\</path>
         <kind>archive</kind>
         <file>rts430_eabi.lib</file>
         <name>_ltoa.c.obj</name>
      </input_file>
      <input_file id="fl-63">
         <path>C:\ti\ccs2100\ccs\tools\compiler\ti-cgt-msp430_21.6.2.LTS\lib\</path>
         <kind>archive</kind>
         <file>rts430_eabi.lib</file>
         <name>memccpy.c.obj</name>
      </input_file>
      <input_file id="fl-64">
         <path>C:\ti\ccs2100\ccs\tools\compiler\ti-cgt-msp430_21.6.2.LTS\lib\</path>
         <kind>archive</kind>
         <file>rts430_eabi.lib</file>
         <name>strchr.c.obj</name>
      </input_file>
      <input_file id="fl-65">
         <path>C:\ti\ccs2100\ccs\tools\compiler\ti-cgt-msp430_21.6.2.LTS\lib\</path>
         <kind>archive</kind>
         <file>rts430_eabi.lib</file>
         <name>abs.c.obj</name>
      </input_file>
      <input_file id="fl-66">
         <path>C:\ti\ccs2100\ccs\tools\compiler\ti-cgt-msp430_21.6.2.LTS\lib\</path>
         <kind>archive</kind>
         <file>rts430_eabi.lib</file>
         <name>errno.c.obj</name>
      </input_file>
      <input_file id="fl-67">
         <path>C:\ti\ccs2100\ccs\tools\compiler\ti-cgt-msp430_21.6.2.LTS\lib\</path>
         <kind>archive</kind>
         <file>rts430_eabi.lib</file>
         <name>s_frexp.c.obj</name>
      </input_file>
      <input_file id="fl-68">
         <path>C:\ti\ccs2100\ccs\tools\compiler\ti-cgt-msp430_21.6.2.LTS\lib\</path>
         <kind>archive</kind>
         <file>rts430_eabi.lib</file>
         <name>s_scalbn.c.obj</name>
      </input_file>
      <input_file id="fl-69">
         <path>C:\ti\ccs2100\ccs\tools\compiler\ti-cgt-msp430_21.6.2.LTS\lib\</path>
         <kind>archive</kind>
         <file>rts430_eabi.lib</file>
         <name>wcslen.c.obj</name>
      </input_file>
      <input_file id="fl-6a">
         <path>C:\ti\ccs2100\ccs\tools\compiler\ti-cgt-msp430_21.6.2.LTS\lib\</path>
         <kind>archive</kind>
         <file>rts430_eabi.lib</file>
         <name>s_copysign.c.obj</name>
      </input_file>
      <input_file id="fl-6b">
         <path>C:\ti\ccs2100\ccs\tools\compiler\ti-cgt-msp430_21.6.2.LTS\lib\</path>
         <kind>archive</kind>
         <file>rts430_eabi.lib</file>
         <name>asr32.asm.obj</name>
      </input_file>
      <input_file id="fl-6c">
         <path>C:\ti\ccs2100\ccs\tools\compiler\ti-cgt-msp430_21.6.2.LTS\lib\</path>
         <kind>archive</kind>
         <file>rts430_eabi.lib</file>
         <name>lsr32.asm.obj</name>
      </input_file>
      <input_file id="fl-6d">
         <path>C:\ti\ccs2100\ccs\tools\compiler\ti-cgt-msp430_21.6.2.LTS\lib\</path>
         <kind>archive</kind>
         <file>rts430_eabi.lib</file>
         <name>lsl64.c.obj</name>
      </input_file>
      <input_file id="fl-6e">
         <path>C:\ti\ccs2100\ccs\tools\compiler\ti-cgt-msp430_21.6.2.LTS\lib\</path>
         <kind>archive</kind>
         <file>rts430_eabi.lib</file>
         <name>addd.c.obj</name>
      </input_file>
      <input_file id="fl-6f">
         <path>C:\ti\ccs2100\ccs\tools\compiler\ti-cgt-msp430_21.6.2.LTS\lib\</path>
         <kind>archive</kind>
         <file>rts430_eabi.lib</file>
         <name>frcmpyd.c.obj</name>
      </input_file>
      <input_file id="fl-70">
         <path>C:\ti\ccs2100\ccs\tools\compiler\ti-cgt-msp430_21.6.2.LTS\lib\</path>
         <kind>archive</kind>
         <file>rts430_eabi.lib</file>
         <name>mult3264.asm.obj</name>
      </input_file>
      <input_file id="fl-71">
         <path>C:\ti\ccs2100\ccs\tools\compiler\ti-cgt-msp430_21.6.2.LTS\lib\</path>
         <kind>archive</kind>
         <file>rts430_eabi.lib</file>
         <name>mult64.asm.obj</name>
      </input_file>
      <input_file id="fl-72">
         <path>C:\ti\ccs2100\ccs\tools\compiler\ti-cgt-msp430_21.6.2.LTS\lib\</path>
         <kind>archive</kind>
         <file>rts430_eabi.lib</file>
         <name>asr64.c.obj</name>
      </input_file>
      <input_file id="fl-73">
         <path>C:\ti\ccs2100\ccs\tools\compiler\ti-cgt-msp430_21.6.2.LTS\lib\</path>
         <kind>archive</kind>
         <file>rts430_eabi.lib</file>
         <name>mult1632.asm.obj</name>
      </input_file>
   </input_file_list>
   <object_component_list>
      <object_component id="oc-3e9">
         <name>.bss</name>
         <uninitialized>true</uninitialized>
         <run_address>0x3198</run_address>
         <size>0x8</size>
         <input_file_ref idref="fl-7"/>
      </object_component>
      <object_component id="oc-258">
         <name>.common:command_list</name>
         <uninitialized>true</uninitialized>
         <run_address>0x241c</run_address>
         <size>0x2d0</size>
      </object_component>
      <object_component id="oc-316">
         <name>.common:RssiAverage</name>
         <uninitialized>true</uninitialized>
         <run_address>0x2066</run_address>
         <size>0x3b6</size>
      </object_component>
      <object_component id="oc-5fa">
         <name>.common:Txid</name>
         <uninitialized>true</uninitialized>
         <run_address>0x31a0</run_address>
         <size>0x4</size>
      </object_component>
      <object_component id="oc-5fb">
         <name>.common:TruthTablesValue</name>
         <uninitialized>true</uninitialized>
         <run_address>0x31a4</run_address>
         <size>0x2</size>
      </object_component>
      <object_component id="oc-4ee">
         <name>.common:WatchDogHoursTimer</name>
         <uninitialized>true</uninitialized>
         <run_address>0x31a6</run_address>
         <size>0x2</size>
      </object_component>
      <object_component id="oc-344">
         <name>.common:serialA_OutPut</name>
         <uninitialized>true</uninitialized>
         <run_address>0x31be</run_address>
         <size>0x2</size>
      </object_component>
      <object_component id="oc-22a">
         <name>.common:serialA_OutGet</name>
         <uninitialized>true</uninitialized>
         <run_address>0x31bc</run_address>
         <size>0x2</size>
      </object_component>
      <object_component id="oc-228">
         <name>.common:serialA_OutCount</name>
         <uninitialized>true</uninitialized>
         <run_address>0x31ba</run_address>
         <size>0x2</size>
      </object_component>
      <object_component id="oc-229">
         <name>.common:serialA_OutSize</name>
         <uninitialized>true</uninitialized>
         <run_address>0x31c0</run_address>
         <size>0x2</size>
      </object_component>
      <object_component id="oc-22b">
         <name>.common:serialA_OutBuffer</name>
         <uninitialized>true</uninitialized>
         <run_address>0x2d6c</run_address>
         <size>0x100</size>
      </object_component>
      <object_component id="oc-1be">
         <name>.common:serialA_InPut</name>
         <uninitialized>true</uninitialized>
         <run_address>0x31b6</run_address>
         <size>0x2</size>
      </object_component>
      <object_component id="oc-345">
         <name>.common:serialA_InGet</name>
         <uninitialized>true</uninitialized>
         <run_address>0x31b4</run_address>
         <size>0x2</size>
      </object_component>
      <object_component id="oc-1bf">
         <name>.common:serialA_InCount</name>
         <uninitialized>true</uninitialized>
         <run_address>0x31b2</run_address>
         <size>0x2</size>
      </object_component>
      <object_component id="oc-1bb">
         <name>.common:serialA_InSize</name>
         <uninitialized>true</uninitialized>
         <run_address>0x31b8</run_address>
         <size>0x2</size>
      </object_component>
      <object_component id="oc-1c0">
         <name>.common:serialA_InBuffer</name>
         <uninitialized>true</uninitialized>
         <run_address>0x286c</run_address>
         <size>0x180</size>
      </object_component>
      <object_component id="oc-34d">
         <name>.common:serialB_OutPut</name>
         <uninitialized>true</uninitialized>
         <run_address>0x31ce</run_address>
         <size>0x2</size>
      </object_component>
      <object_component id="oc-205">
         <name>.common:serialB_OutGet</name>
         <uninitialized>true</uninitialized>
         <run_address>0x31cc</run_address>
         <size>0x2</size>
      </object_component>
      <object_component id="oc-203">
         <name>.common:serialB_OutCount</name>
         <uninitialized>true</uninitialized>
         <run_address>0x31ca</run_address>
         <size>0x2</size>
      </object_component>
      <object_component id="oc-204">
         <name>.common:serialB_OutSize</name>
         <uninitialized>true</uninitialized>
         <run_address>0x31d0</run_address>
         <size>0x2</size>
      </object_component>
      <object_component id="oc-206">
         <name>.common:serialB_OutBuffer</name>
         <uninitialized>true</uninitialized>
         <run_address>0x2e6c</run_address>
         <size>0x100</size>
      </object_component>
      <object_component id="oc-1a7">
         <name>.common:serialB_InPut</name>
         <uninitialized>true</uninitialized>
         <run_address>0x31c6</run_address>
         <size>0x2</size>
      </object_component>
      <object_component id="oc-34e">
         <name>.common:serialB_InGet</name>
         <uninitialized>true</uninitialized>
         <run_address>0x31c4</run_address>
         <size>0x2</size>
      </object_component>
      <object_component id="oc-1a6">
         <name>.common:serialB_InCount</name>
         <uninitialized>true</uninitialized>
         <run_address>0x31c2</run_address>
         <size>0x2</size>
      </object_component>
      <object_component id="oc-1a3">
         <name>.common:serialB_InSize</name>
         <uninitialized>true</uninitialized>
         <run_address>0x31c8</run_address>
         <size>0x2</size>
      </object_component>
      <object_component id="oc-1a8">
         <name>.common:serialB_InBuffer</name>
         <uninitialized>true</uninitialized>
         <run_address>0x29ec</run_address>
         <size>0x180</size>
      </object_component>
      <object_component id="oc-1af">
         <name>.common:errBits</name>
         <uninitialized>true</uninitialized>
         <run_address>0x31d7</run_address>
         <size>0x1</size>
      </object_component>
      <object_component id="oc-1ce">
         <name>.common:timer_loResTimer</name>
         <uninitialized>true</uninitialized>
         <run_address>0x306c</run_address>
         <size>0x48</size>
      </object_component>
      <object_component id="oc-1c8">
         <name>.common:timer_freerunning</name>
         <uninitialized>true</uninitialized>
         <run_address>0x31d2</run_address>
         <size>0x2</size>
      </object_component>
      <object_component id="oc-55f">
         <name>.common:timer_value</name>
         <uninitialized>true</uninitialized>
         <run_address>0x31d4</run_address>
         <size>0x2</size>
      </object_component>
      <object_component id="oc-2a0">
         <name>.common:rdata</name>
         <uninitialized>true</uninitialized>
         <run_address>0x2b6c</run_address>
         <size>0x100</size>
      </object_component>
      <object_component id="oc-33a">
         <name>.common:rx_data</name>
         <uninitialized>true</uninitialized>
         <run_address>0x2c6c</run_address>
         <size>0x100</size>
      </object_component>
      <object_component id="oc-3b8">
         <name>.common:tx_data</name>
         <uninitialized>true</uninitialized>
         <run_address>0x2f6c</run_address>
         <size>0x100</size>
      </object_component>
      <object_component id="oc-255">
         <name>.common:active_units</name>
         <uninitialized>true</uninitialized>
         <run_address>0x3128</run_address>
         <size>0x20</size>
      </object_component>
      <object_component id="oc-556">
         <name>.common:debug_count</name>
         <uninitialized>true</uninitialized>
         <run_address>0x31d6</run_address>
         <size>0x1</size>
      </object_component>
      <object_component id="oc-249">
         <name>.common:repeater_list</name>
         <uninitialized>true</uninitialized>
         <run_address>0x26ec</run_address>
         <size>0x180</size>
      </object_component>
      <object_component id="oc-252">
         <name>.common:repeater_active_list</name>
         <uninitialized>true</uninitialized>
         <run_address>0x3168</run_address>
         <size>0x20</size>
      </object_component>
      <object_component id="oc-253">
         <name>.common:alert_list</name>
         <uninitialized>true</uninitialized>
         <run_address>0x1100</run_address>
         <size>0x960</size>
      </object_component>
      <object_component id="oc-256">
         <name>.common:ambient_rssi</name>
         <uninitialized>true</uninitialized>
         <run_address>0x3148</run_address>
         <size>0x20</size>
      </object_component>
      <object_component id="oc-257">
         <name>.common:accum_rssi</name>
         <uninitialized>true</uninitialized>
         <run_address>0x30b4</run_address>
         <size>0x40</size>
      </object_component>
      <object_component id="oc-254">
         <name>.common:polling_list</name>
         <uninitialized>true</uninitialized>
         <run_address>0x1a60</run_address>
         <size>0x606</size>
      </object_component>
      <object_component id="oc-4fc">
         <name>.common:radio_init_bfr</name>
         <uninitialized>true</uninitialized>
         <run_address>0x3188</run_address>
         <size>0x10</size>
      </object_component>
      <object_component id="oc-4fd">
         <name>.common:radio_init_count</name>
         <uninitialized>true</uninitialized>
         <run_address>0x31ae</run_address>
         <size>0x2</size>
      </object_component>
      <object_component id="oc-50b">
         <name>.common:radio_version</name>
         <uninitialized>true</uninitialized>
         <run_address>0x31b0</run_address>
         <size>0x2</size>
      </object_component>
      <object_component id="oc-518">
         <name>.common:radio_init_buffers</name>
         <uninitialized>true</uninitialized>
         <run_address>0x30f4</run_address>
         <size>0x34</size>
      </object_component>
      <object_component id="oc-519">
         <name>.common:radio_init_cfg_count</name>
         <uninitialized>true</uninitialized>
         <run_address>0x31aa</run_address>
         <size>0x2</size>
      </object_component>
      <object_component id="oc-523">
         <name>.common:radio_init_cfg_size</name>
         <uninitialized>true</uninitialized>
         <run_address>0x31ac</run_address>
         <size>0x2</size>
      </object_component>
      <object_component id="oc-477">
         <name>.common:last_ack</name>
         <uninitialized>true</uninitialized>
         <run_address>0x31a8</run_address>
         <size>0x2</size>
      </object_component>
      <object_component id="oc-39d">
         <name>.data</name>
         <load_address>0x3684</load_address>
         <run_address>0x3684</run_address>
         <size>0x4</size>
         <input_file_ref idref="fl-2"/>
      </object_component>
      <object_component id="oc-368">
         <name>.data</name>
         <load_address>0x367f</load_address>
         <run_address>0x367f</run_address>
         <size>0x5</size>
         <input_file_ref idref="fl-3"/>
      </object_component>
      <object_component id="oc-4c1">
         <name>.data:digit_table</name>
         <load_address>0x3664</load_address>
         <run_address>0x3664</run_address>
         <size>0xa</size>
         <input_file_ref idref="fl-3"/>
      </object_component>
      <object_component id="oc-4d0">
         <name>.data:alpha_table</name>
         <load_address>0x364a</load_address>
         <run_address>0x364a</run_address>
         <size>0x1a</size>
         <input_file_ref idref="fl-3"/>
      </object_component>
      <object_component id="oc-1b1">
         <name>.data</name>
         <load_address>0x3678</load_address>
         <run_address>0x3678</run_address>
         <size>0x7</size>
         <input_file_ref idref="fl-4"/>
      </object_component>
      <object_component id="oc-1a0">
         <name>.data</name>
         <load_address>0x366e</load_address>
         <run_address>0x366e</run_address>
         <size>0xa</size>
         <input_file_ref idref="fl-5"/>
      </object_component>
      <object_component id="oc-1cb">
         <name>.data</name>
         <load_address>0x368c</load_address>
         <run_address>0x368c</run_address>
         <size>0x4</size>
         <input_file_ref idref="fl-6"/>
      </object_component>
      <object_component id="oc-261">
         <name>.data</name>
         <load_address>0x35bc</load_address>
         <run_address>0x35bc</run_address>
         <size>0x6e</size>
         <input_file_ref idref="fl-7"/>
      </object_component>
      <object_component id="oc-45c">
         <name>.data:active_alert_head</name>
         <load_address>0x31d8</load_address>
         <run_address>0x31d8</run_address>
         <size>0x1f2</size>
         <input_file_ref idref="fl-7"/>
      </object_component>
      <object_component id="oc-553">
         <name>.data:active_alert_tail</name>
         <load_address>0x33ca</load_address>
         <run_address>0x33ca</run_address>
         <size>0x1f2</size>
         <input_file_ref idref="fl-7"/>
      </object_component>
      <object_component id="oc-51a">
         <name>.data:radio_init_config_strings</name>
         <load_address>0x362a</load_address>
         <run_address>0x362a</run_address>
         <size>0x20</size>
         <input_file_ref idref="fl-7"/>
      </object_component>
      <object_component id="oc-357">
         <name>.data:_lock</name>
         <load_address>0x3690</load_address>
         <run_address>0x3690</run_address>
         <size>0x2</size>
         <input_file_ref idref="fl-49"/>
      </object_component>
      <object_component id="oc-35d">
         <name>.data:_unlock</name>
         <load_address>0x3692</load_address>
         <run_address>0x3692</run_address>
         <size>0x2</size>
         <input_file_ref idref="fl-49"/>
      </object_component>
      <object_component id="oc-35a">
         <name>.data</name>
         <load_address>0x3688</load_address>
         <run_address>0x3688</run_address>
         <size>0x4</size>
         <input_file_ref idref="fl-51"/>
      </object_component>
      <object_component id="oc-f5">
         <name>.stack</name>
         <uninitialized>true</uninitialized>
         <run_address>0x3770</run_address>
         <size>0x2</size>
         <input_file_ref idref="fl-3e"/>
      </object_component>
      <object_component id="oc-6ae">
         <name>.stack</name>
         <uninitialized>true</uninitialized>
         <run_address>0x3770</run_address>
         <size>0x0</size>
      </object_component>
      <object_component id="oc-385">
         <name>.text:radio_init</name>
         <load_address>0x4000</load_address>
         <run_address>0x4000</run_address>
         <size>0x7d6</size>
         <input_file_ref idref="fl-7"/>
      </object_component>
      <object_component id="oc-2c9">
         <name>.text:remote_radio_state_machine</name>
         <load_address>0x47d6</load_address>
         <run_address>0x47d6</run_address>
         <size>0x71a</size>
         <input_file_ref idref="fl-7"/>
      </object_component>
      <object_component id="oc-2a7">
         <name>.text:host_radio_state_machine</name>
         <load_address>0x4ef0</load_address>
         <run_address>0x4ef0</run_address>
         <size>0x4b8</size>
         <input_file_ref idref="fl-7"/>
      </object_component>
      <object_component id="oc-2c6">
         <name>.text:remote_rs485_state_machine</name>
         <load_address>0x53a8</load_address>
         <run_address>0x53a8</run_address>
         <size>0x39a</size>
         <input_file_ref idref="fl-7"/>
      </object_component>
      <object_component id="oc-2ad">
         <name>.text:led_state_machine</name>
         <load_address>0x5742</load_address>
         <run_address>0x5742</run_address>
         <size>0x31e</size>
         <input_file_ref idref="fl-7"/>
      </object_component>
      <object_component id="oc-3bf">
         <name>.text:add_alert</name>
         <load_address>0x5a60</load_address>
         <run_address>0x5a60</run_address>
         <size>0x2f8</size>
         <input_file_ref idref="fl-7"/>
      </object_component>
      <object_component id="oc-1de">
         <name>.text:main</name>
         <load_address>0x5d58</load_address>
         <run_address>0x5d58</run_address>
         <size>0x202</size>
         <input_file_ref idref="fl-7"/>
      </object_component>
      <object_component id="oc-45f">
         <name>.text:send_radio_alert</name>
         <load_address>0x5f5a</load_address>
         <run_address>0x5f5a</run_address>
         <size>0x198</size>
         <input_file_ref idref="fl-7"/>
      </object_component>
      <object_component id="oc-597">
         <name>.text:CpuCalculateAverage</name>
         <load_address>0x60f2</load_address>
         <run_address>0x60f2</run_address>
         <size>0x176</size>
         <input_file_ref idref="fl-3"/>
      </object_component>
      <object_component id="oc-2aa">
         <name>.text:host_rs485_state_machine</name>
         <load_address>0x6268</load_address>
         <run_address>0x6268</run_address>
         <size>0x176</size>
         <input_file_ref idref="fl-7"/>
      </object_component>
      <object_component id="oc-44a">
         <name>.text:SB2000_ReconfigureProtocolPacket</name>
         <load_address>0x63de</load_address>
         <run_address>0x63de</run_address>
         <size>0x16c</size>
         <input_file_ref idref="fl-7"/>
      </object_component>
      <object_component id="oc-547">
         <name>.text:CpuSaveRssiIntoAverage</name>
         <load_address>0x654a</load_address>
         <run_address>0x654a</run_address>
         <size>0x148</size>
         <input_file_ref idref="fl-3"/>
      </object_component>
      <object_component id="oc-237">
         <name>.text:cpu_initCpu</name>
         <load_address>0x6692</load_address>
         <run_address>0x6692</run_address>
         <size>0x148</size>
         <input_file_ref idref="fl-3"/>
      </object_component>
      <object_component id="oc-2b0">
         <name>.text:activity_check</name>
         <load_address>0x67da</load_address>
         <run_address>0x67da</run_address>
         <size>0x11c</size>
         <input_file_ref idref="fl-7"/>
      </object_component>
      <object_component id="oc-621">
         <name>.text:__TI_printfi_minimal:_setfield___TI_printfi_minimal</name>
         <load_address>0x68f6</load_address>
         <run_address>0x68f6</run_address>
         <size>0x116</size>
         <input_file_ref idref="fl-55"/>
      </object_component>
      <object_component id="oc-5e4">
         <name>.text:__TI_printfi_minimal:__TI_printfi_minimal</name>
         <load_address>0x6a0c</load_address>
         <run_address>0x6a0c</run_address>
         <size>0xec</size>
         <input_file_ref idref="fl-55"/>
      </object_component>
      <object_component id="oc-536">
         <name>.text:remove_alert</name>
         <load_address>0x6af8</load_address>
         <run_address>0x6af8</run_address>
         <size>0xe4</size>
         <input_file_ref idref="fl-7"/>
      </object_component>
      <object_component id="oc-640">
         <name>.text:__TI_printfi_minimal:_pproc_diouxp___TI_printfi_minimal</name>
         <load_address>0x6bdc</load_address>
         <run_address>0x6bdc</run_address>
         <size>0xca</size>
         <input_file_ref idref="fl-55"/>
      </object_component>
      <object_component id="oc-52c">
         <name>.text:Cpac_host_send_radio_command</name>
         <load_address>0x6ca6</load_address>
         <run_address>0x6ca6</run_address>
         <size>0xc2</size>
         <input_file_ref idref="fl-2"/>
      </object_component>
      <object_component id="oc-568">
         <name>.text:CpacSaveMessage</name>
         <load_address>0x6d68</load_address>
         <run_address>0x6d68</run_address>
         <size>0xbc</size>
         <input_file_ref idref="fl-2"/>
      </object_component>
      <object_component id="oc-3f6">
         <name>.text:send_rs485_response</name>
         <load_address>0x6e24</load_address>
         <run_address>0x6e24</run_address>
         <size>0xbc</size>
         <input_file_ref idref="fl-7"/>
      </object_component>
      <object_component id="oc-448">
         <name>.text:SB_SmokeDetectSupervisorProtocolPacket</name>
         <load_address>0x6ee0</load_address>
         <run_address>0x6ee0</run_address>
         <size>0xa8</size>
         <input_file_ref idref="fl-7"/>
      </object_component>
      <object_component id="oc-471">
         <name>.text:radio_repeater</name>
         <load_address>0x6f88</load_address>
         <run_address>0x6f88</run_address>
         <size>0xa4</size>
         <input_file_ref idref="fl-7"/>
      </object_component>
      <object_component id="oc-3b2">
         <name>.text:mark_active_by_mask</name>
         <load_address>0x702c</load_address>
         <run_address>0x702c</run_address>
         <size>0xa2</size>
         <input_file_ref idref="fl-7"/>
      </object_component>
      <object_component id="oc-27c">
         <name>.text:serialB_init</name>
         <load_address>0x70ce</load_address>
         <run_address>0x70ce</run_address>
         <size>0x9c</size>
         <input_file_ref idref="fl-5"/>
      </object_component>
      <object_component id="oc-38b">
         <name>.text:timer_extendLoResTimer</name>
         <load_address>0x716a</load_address>
         <run_address>0x716a</run_address>
         <size>0x9a</size>
         <input_file_ref idref="fl-6"/>
      </object_component>
      <object_component id="oc-465">
         <name>.text:send_radio_keepalive</name>
         <load_address>0x7204</load_address>
         <run_address>0x7204</run_address>
         <size>0x98</size>
         <input_file_ref idref="fl-7"/>
      </object_component>
      <object_component id="oc-5f4">
         <name>.text:CpuGetTxidAndTruthTable</name>
         <load_address>0x729c</load_address>
         <run_address>0x729c</run_address>
         <size>0x96</size>
         <input_file_ref idref="fl-3"/>
      </object_component>
      <object_component id="oc-276">
         <name>.text:serialA_init</name>
         <load_address>0x7332</load_address>
         <run_address>0x7332</run_address>
         <size>0x94</size>
         <input_file_ref idref="fl-4"/>
      </object_component>
      <object_component id="oc-3fc">
         <name>.text:radio_quality</name>
         <load_address>0x73c6</load_address>
         <run_address>0x73c6</run_address>
         <size>0x84</size>
         <input_file_ref idref="fl-7"/>
      </object_component>
      <object_component id="oc-137">
         <name>.text:serialA_rx_isr</name>
         <load_address>0x744a</load_address>
         <run_address>0x744a</run_address>
         <size>0x84</size>
         <input_file_ref idref="fl-4"/>
      </object_component>
      <object_component id="oc-12b">
         <name>.text:serialB_rx_isr</name>
         <load_address>0x74ce</load_address>
         <run_address>0x74ce</run_address>
         <size>0x84</size>
         <input_file_ref idref="fl-5"/>
      </object_component>
      <object_component id="oc-3ac">
         <name>.text:send_radio_ack</name>
         <load_address>0x7552</load_address>
         <run_address>0x7552</run_address>
         <size>0x7e</size>
         <input_file_ref idref="fl-7"/>
      </object_component>
      <object_component id="oc-442">
         <name>.text:SB2000_InitializeProtocolPackets</name>
         <load_address>0x75d0</load_address>
         <run_address>0x75d0</run_address>
         <size>0x7c</size>
         <input_file_ref idref="fl-7"/>
      </object_component>
      <object_component id="oc-33">
         <name>.text:decompress:lzss:__TI_decompress_lzss</name>
         <load_address>0x764c</load_address>
         <run_address>0x764c</run_address>
         <size>0x7c</size>
         <input_file_ref idref="fl-47"/>
      </object_component>
      <object_component id="oc-4f6">
         <name>.text:serialA_write</name>
         <load_address>0x76c8</load_address>
         <run_address>0x76c8</run_address>
         <size>0x7a</size>
         <input_file_ref idref="fl-4"/>
      </object_component>
      <object_component id="oc-320">
         <name>.text:cpu_get_led_digit</name>
         <load_address>0x7742</load_address>
         <run_address>0x7742</run_address>
         <size>0x78</size>
         <input_file_ref idref="fl-3"/>
      </object_component>
      <object_component id="oc-418">
         <name>.text:send_rs485_poll</name>
         <load_address>0x77ba</load_address>
         <run_address>0x77ba</run_address>
         <size>0x6e</size>
         <input_file_ref idref="fl-7"/>
      </object_component>
      <object_component id="oc-3e3">
         <name>.text:timer_ElapsedTimer</name>
         <load_address>0x7828</load_address>
         <run_address>0x7828</run_address>
         <size>0x6a</size>
         <input_file_ref idref="fl-6"/>
      </object_component>
      <object_component id="oc-43c">
         <name>.text:capture_ambient_rssi</name>
         <load_address>0x7892</load_address>
         <run_address>0x7892</run_address>
         <size>0x68</size>
         <input_file_ref idref="fl-7"/>
      </object_component>
      <object_component id="oc-23d">
         <name>.text:cpu_write_led_display</name>
         <load_address>0x78fa</load_address>
         <run_address>0x78fa</run_address>
         <size>0x68</size>
         <input_file_ref idref="fl-3"/>
      </object_component>
      <object_component id="oc-456">
         <name>.text:send_radio_rr</name>
         <load_address>0x7962</load_address>
         <run_address>0x7962</run_address>
         <size>0x68</size>
         <input_file_ref idref="fl-7"/>
      </object_component>
      <object_component id="oc-2a1">
         <name>.text:serialA_read</name>
         <load_address>0x79ca</load_address>
         <run_address>0x79ca</run_address>
         <size>0x64</size>
         <input_file_ref idref="fl-4"/>
      </object_component>
      <object_component id="oc-47e">
         <name>.text:send_radio_wr</name>
         <load_address>0x7a2e</load_address>
         <run_address>0x7a2e</run_address>
         <size>0x5e</size>
         <input_file_ref idref="fl-7"/>
      </object_component>
      <object_component id="oc-37f">
         <name>.text:CpuMonitorWatchdog</name>
         <load_address>0x7a8c</load_address>
         <run_address>0x7a8c</run_address>
         <size>0x5c</size>
         <input_file_ref idref="fl-3"/>
      </object_component>
      <object_component id="oc-424">
         <name>.text:mark_rs485_active</name>
         <load_address>0x7ae8</load_address>
         <run_address>0x7ae8</run_address>
         <size>0x5c</size>
         <input_file_ref idref="fl-7"/>
      </object_component>
      <object_component id="oc-3a0">
         <name>.text:remove_ack_alert</name>
         <load_address>0x7b44</load_address>
         <run_address>0x7b44</run_address>
         <size>0x5c</size>
         <input_file_ref idref="fl-7"/>
      </object_component>
      <object_component id="oc-54d">
         <name>.text:duplicate_alert_match</name>
         <load_address>0x7ba0</load_address>
         <run_address>0x7ba0</run_address>
         <size>0x5a</size>
         <input_file_ref idref="fl-7"/>
      </object_component>
      <object_component id="oc-2f1">
         <name>.text:__TI_auto_init_nobinit_nopinit_hold_wdt:__TI_auto_init_nobinit_nopinit_hold_wdt</name>
         <load_address>0x7bfa</load_address>
         <run_address>0x7bfa</run_address>
         <size>0x58</size>
         <input_file_ref idref="fl-3f"/>
      </object_component>
      <object_component id="oc-402">
         <name>.text:is_active</name>
         <load_address>0x7c52</load_address>
         <run_address>0x7c52</run_address>
         <size>0x58</size>
         <input_file_ref idref="fl-7"/>
      </object_component>
      <object_component id="oc-570">
         <name>.text</name>
         <load_address>0x7caa</load_address>
         <run_address>0x7caa</run_address>
         <size>0x58</size>
         <input_file_ref idref="fl-27"/>
      </object_component>
      <object_component id="oc-41e">
         <name>.text:Cpac_send_rs485_data</name>
         <load_address>0x7d02</load_address>
         <run_address>0x7d02</run_address>
         <size>0x56</size>
         <input_file_ref idref="fl-2"/>
      </object_component>
      <object_component id="oc-53c">
         <name>.text:Cpac_remove_command</name>
         <load_address>0x7d58</load_address>
         <run_address>0x7d58</run_address>
         <size>0x54</size>
         <input_file_ref idref="fl-2"/>
      </object_component>
      <object_component id="oc-3d1">
         <name>.text:SB_CheckFunctionCode</name>
         <load_address>0x7dac</load_address>
         <run_address>0x7dac</run_address>
         <size>0x52</size>
         <input_file_ref idref="fl-2"/>
      </object_component>
      <object_component id="oc-505">
         <name>.text:atoi</name>
         <load_address>0x7dfe</load_address>
         <run_address>0x7dfe</run_address>
         <size>0x52</size>
         <input_file_ref idref="fl-4b"/>
      </object_component>
      <object_component id="oc-3a6">
         <name>.text:check_duplicate</name>
         <load_address>0x7e50</load_address>
         <run_address>0x7e50</run_address>
         <size>0x50</size>
         <input_file_ref idref="fl-7"/>
      </object_component>
      <object_component id="oc-13d">
         <name>.text:timerB_isr</name>
         <load_address>0x7ea0</load_address>
         <run_address>0x7ea0</run_address>
         <size>0x50</size>
         <input_file_ref idref="fl-6"/>
      </object_component>
      <object_component id="oc-58d">
         <name>.text:serialB_write</name>
         <load_address>0x7ef0</load_address>
         <run_address>0x7ef0</run_address>
         <size>0x4e</size>
         <input_file_ref idref="fl-5"/>
      </object_component>
      <object_component id="oc-3c5">
         <name>.text:mark_duplicate</name>
         <load_address>0x7f3e</load_address>
         <run_address>0x7f3e</run_address>
         <size>0x4c</size>
         <input_file_ref idref="fl-7"/>
      </object_component>
      <object_component id="oc-fe">
         <name>.text</name>
         <load_address>0x7f8a</load_address>
         <run_address>0x7f8a</run_address>
         <size>0x4c</size>
         <input_file_ref idref="fl-36"/>
      </object_component>
      <object_component id="oc-436">
         <name>.text:clear_active</name>
         <load_address>0x7fd6</load_address>
         <run_address>0x7fd6</run_address>
         <size>0x4a</size>
         <input_file_ref idref="fl-7"/>
      </object_component>
      <object_component id="oc-4ff">
         <name>.text:serialA_writeN</name>
         <load_address>0x8020</load_address>
         <run_address>0x8020</run_address>
         <size>0x4a</size>
         <input_file_ref idref="fl-4"/>
      </object_component>
      <object_component id="oc-46b">
         <name>.text:inc_radio_msg_counter</name>
         <load_address>0x806a</load_address>
         <run_address>0x806a</run_address>
         <size>0x46</size>
         <input_file_ref idref="fl-7"/>
      </object_component>
      <object_component id="oc-430">
         <name>.text:mark_active</name>
         <load_address>0x80b0</load_address>
         <run_address>0x80b0</run_address>
         <size>0x46</size>
         <input_file_ref idref="fl-7"/>
      </object_component>
      <object_component id="oc-3cb">
         <name>.text:serialB_read</name>
         <load_address>0x80f6</load_address>
         <run_address>0x80f6</run_address>
         <size>0x46</size>
         <input_file_ref idref="fl-5"/>
      </object_component>
      <object_component id="oc-450">
         <name>.text:serialB_writeN</name>
         <load_address>0x813c</load_address>
         <run_address>0x813c</run_address>
         <size>0x46</size>
         <input_file_ref idref="fl-5"/>
      </object_component>
      <object_component id="oc-1a9">
         <name>.text:timer_setLoResTimer</name>
         <load_address>0x8182</load_address>
         <run_address>0x8182</run_address>
         <size>0x46</size>
         <input_file_ref idref="fl-6"/>
      </object_component>
      <object_component id="oc-408">
         <name>.text:clear_rs485_active</name>
         <load_address>0x81c8</load_address>
         <run_address>0x81c8</run_address>
         <size>0x44</size>
         <input_file_ref idref="fl-7"/>
      </object_component>
      <object_component id="oc-131">
         <name>.text:serialA_tx_isr</name>
         <load_address>0x820c</load_address>
         <run_address>0x820c</run_address>
         <size>0x44</size>
         <input_file_ref idref="fl-4"/>
      </object_component>
      <object_component id="oc-391">
         <name>.text:CpacCheckForOutgoingMessages</name>
         <load_address>0x8250</load_address>
         <run_address>0x8250</run_address>
         <size>0x42</size>
         <input_file_ref idref="fl-2"/>
      </object_component>
      <object_component id="oc-478">
         <name>.text:CpacSaveOutgoingMessage</name>
         <load_address>0x8292</load_address>
         <run_address>0x8292</run_address>
         <size>0x42</size>
         <input_file_ref idref="fl-2"/>
      </object_component>
      <object_component id="oc-2b6">
         <name>.text:cpu_compare_switches</name>
         <load_address>0x82d4</load_address>
         <run_address>0x82d4</run_address>
         <size>0x40</size>
         <input_file_ref idref="fl-3"/>
      </object_component>
      <object_component id="oc-561">
         <name>.text</name>
         <load_address>0x8314</load_address>
         <run_address>0x8314</run_address>
         <size>0x40</size>
         <input_file_ref idref="fl-26"/>
      </object_component>
      <object_component id="oc-379">
         <name>.text:serialA_restart_output</name>
         <load_address>0x8354</load_address>
         <run_address>0x8354</run_address>
         <size>0x40</size>
         <input_file_ref idref="fl-4"/>
      </object_component>
      <object_component id="oc-4b4">
         <name>.text:timerB_init</name>
         <load_address>0x8394</load_address>
         <run_address>0x8394</run_address>
         <size>0x40</size>
         <input_file_ref idref="fl-6"/>
      </object_component>
      <object_component id="oc-326">
         <name>.text:cpu_shift_byte</name>
         <load_address>0x83d4</load_address>
         <run_address>0x83d4</run_address>
         <size>0x3e</size>
         <input_file_ref idref="fl-3"/>
      </object_component>
      <object_component id="oc-637">
         <name>.text:l_lsl_const</name>
         <load_address>0x8412</load_address>
         <run_address>0x8412</run_address>
         <size>0x3e</size>
         <input_file_ref idref="fl-35"/>
      </object_component>
      <object_component id="oc-1b4">
         <name>.text:serialA_output_byte</name>
         <load_address>0x8450</load_address>
         <run_address>0x8450</run_address>
         <size>0x3c</size>
         <input_file_ref idref="fl-4"/>
      </object_component>
      <object_component id="oc-397">
         <name>.text:checksum</name>
         <load_address>0x848c</load_address>
         <run_address>0x848c</run_address>
         <size>0x3a</size>
         <input_file_ref idref="fl-7"/>
      </object_component>
      <object_component id="oc-294">
         <name>.text:rand</name>
         <load_address>0x84c6</load_address>
         <run_address>0x84c6</run_address>
         <size>0x38</size>
         <input_file_ref idref="fl-51"/>
      </object_component>
      <object_component id="oc-512">
         <name>.text:sprintf</name>
         <load_address>0x84fe</load_address>
         <run_address>0x84fe</run_address>
         <size>0x38</size>
         <input_file_ref idref="fl-22"/>
      </object_component>
      <object_component id="oc-3d7">
         <name>.text:SB_RotateReceiver</name>
         <load_address>0x8536</load_address>
         <run_address>0x8536</run_address>
         <size>0x34</size>
         <input_file_ref idref="fl-2"/>
      </object_component>
      <object_component id="oc-199">
         <name>.text:serialB_output_byte</name>
         <load_address>0x856a</load_address>
         <run_address>0x856a</run_address>
         <size>0x34</size>
         <input_file_ref idref="fl-5"/>
      </object_component>
      <object_component id="oc-362">
         <name>.text</name>
         <load_address>0x859e</load_address>
         <run_address>0x859e</run_address>
         <size>0x2e</size>
         <input_file_ref idref="fl-3b"/>
      </object_component>
      <object_component id="oc-3b9">
         <name>.text:IsCPAC_Message</name>
         <load_address>0x85cc</load_address>
         <run_address>0x85cc</run_address>
         <size>0x2c</size>
         <input_file_ref idref="fl-7"/>
      </object_component>
      <object_component id="oc-351">
         <name>.text</name>
         <load_address>0x85f8</load_address>
         <run_address>0x85f8</run_address>
         <size>0x2c</size>
         <input_file_ref idref="fl-23"/>
      </object_component>
      <object_component id="oc-2bc">
         <name>.text</name>
         <load_address>0x8624</load_address>
         <run_address>0x8624</run_address>
         <size>0x2c</size>
         <input_file_ref idref="fl-24"/>
      </object_component>
      <object_component id="oc-f9">
         <name>.text</name>
         <load_address>0x8650</load_address>
         <run_address>0x8650</run_address>
         <size>0x2c</size>
         <input_file_ref idref="fl-34"/>
      </object_component>
      <object_component id="oc-243">
         <name>.text:timer_chkLoResTimerExpired</name>
         <load_address>0x867c</load_address>
         <run_address>0x867c</run_address>
         <size>0x2c</size>
         <input_file_ref idref="fl-6"/>
      </object_component>
      <object_component id="oc-282">
         <name>.text:serialB_txDone</name>
         <load_address>0x86a8</load_address>
         <run_address>0x86a8</run_address>
         <size>0x28</size>
         <input_file_ref idref="fl-5"/>
      </object_component>
      <object_component id="oc-125">
         <name>.text:serialB_tx_isr</name>
         <load_address>0x86d0</load_address>
         <run_address>0x86d0</run_address>
         <size>0x24</size>
         <input_file_ref idref="fl-5"/>
      </object_component>
      <object_component id="oc-29a">
         <name>.text:cpu_power_up_read_switches</name>
         <load_address>0x86f4</load_address>
         <run_address>0x86f4</run_address>
         <size>0x22</size>
         <input_file_ref idref="fl-3"/>
      </object_component>
      <object_component id="oc-646">
         <name>.text:memccpy</name>
         <load_address>0x8716</load_address>
         <run_address>0x8716</run_address>
         <size>0x22</size>
         <input_file_ref idref="fl-63"/>
      </object_component>
      <object_component id="oc-155">
         <name>.text:_c_int00_noargs</name>
         <load_address>0x8738</load_address>
         <run_address>0x8738</run_address>
         <size>0x1c</size>
         <input_file_ref idref="fl-3e"/>
      </object_component>
      <object_component id="oc-3f0">
         <name>.text:CpacHostRadioSaveMessage</name>
         <load_address>0x8754</load_address>
         <run_address>0x8754</run_address>
         <size>0x1a</size>
         <input_file_ref idref="fl-2"/>
      </object_component>
      <object_component id="oc-5d8">
         <name>.text:_outs</name>
         <load_address>0x876e</load_address>
         <run_address>0x876e</run_address>
         <size>0x1a</size>
         <input_file_ref idref="fl-22"/>
      </object_component>
      <object_component id="oc-57e">
         <name>.text:is_registration_active</name>
         <load_address>0x8788</load_address>
         <run_address>0x8788</run_address>
         <size>0x18</size>
         <input_file_ref idref="fl-7"/>
      </object_component>
      <object_component id="oc-3ea">
         <name>.text:is_rs485_active</name>
         <load_address>0x87a0</load_address>
         <run_address>0x87a0</run_address>
         <size>0x18</size>
         <input_file_ref idref="fl-7"/>
      </object_component>
      <object_component id="oc-4f0">
         <name>.text:serialA_ignoreCTS</name>
         <load_address>0x87b8</load_address>
         <run_address>0x87b8</run_address>
         <size>0x18</size>
         <input_file_ref idref="fl-4"/>
      </object_component>
      <object_component id="oc-28e">
         <name>.text:srand</name>
         <load_address>0x87d0</load_address>
         <run_address>0x87d0</run_address>
         <size>0x18</size>
         <input_file_ref idref="fl-51"/>
      </object_component>
      <object_component id="oc-50c">
         <name>.text:strcmp</name>
         <load_address>0x87e8</load_address>
         <run_address>0x87e8</run_address>
         <size>0x18</size>
         <input_file_ref idref="fl-52"/>
      </object_component>
      <object_component id="oc-2c1">
         <name>.text</name>
         <load_address>0x8800</load_address>
         <run_address>0x8800</run_address>
         <size>0x16</size>
         <input_file_ref idref="fl-25"/>
      </object_component>
      <object_component id="oc-149">
         <name>.text:decompress:ZI:__TI_zero_init</name>
         <load_address>0x8816</load_address>
         <run_address>0x8816</run_address>
         <size>0x14</size>
         <input_file_ref idref="fl-40"/>
      </object_component>
      <object_component id="oc-24c">
         <name>.text:memset</name>
         <load_address>0x882a</load_address>
         <run_address>0x882a</run_address>
         <size>0x14</size>
         <input_file_ref idref="fl-50"/>
      </object_component>
      <object_component id="oc-311">
         <name>.text</name>
         <load_address>0x883e</load_address>
         <run_address>0x883e</run_address>
         <size>0x14</size>
         <input_file_ref idref="fl-38"/>
      </object_component>
      <object_component id="oc-5de">
         <name>.text:_outc</name>
         <load_address>0x8852</load_address>
         <run_address>0x8852</run_address>
         <size>0x12</size>
         <input_file_ref idref="fl-22"/>
      </object_component>
      <object_component id="oc-39">
         <name>.text:decompress:none:__TI_decompress_none</name>
         <load_address>0x8864</load_address>
         <run_address>0x8864</run_address>
         <size>0x12</size>
         <input_file_ref idref="fl-46"/>
      </object_component>
      <object_component id="oc-113">
         <name>.text:memcpy</name>
         <load_address>0x8876</load_address>
         <run_address>0x8876</run_address>
         <size>0x12</size>
         <input_file_ref idref="fl-4f"/>
      </object_component>
      <object_component id="oc-576">
         <name>.text:l_lsl</name>
         <load_address>0x8888</load_address>
         <run_address>0x8888</run_address>
         <size>0x10</size>
         <input_file_ref idref="fl-35"/>
      </object_component>
      <object_component id="oc-288">
         <name>.text:read_address_switch</name>
         <load_address>0x8898</load_address>
         <run_address>0x8898</run_address>
         <size>0x10</size>
         <input_file_ref idref="fl-7"/>
      </object_component>
      <object_component id="oc-103">
         <name>.text</name>
         <load_address>0x88a8</load_address>
         <run_address>0x88a8</run_address>
         <size>0x10</size>
         <input_file_ref idref="fl-28"/>
      </object_component>
      <object_component id="oc-25b">
         <name>.text:cpu_readCfgDIP</name>
         <load_address>0x88b8</load_address>
         <run_address>0x88b8</run_address>
         <size>0xe</size>
         <input_file_ref idref="fl-3"/>
      </object_component>
      <object_component id="oc-36b">
         <name>.text:cpu_readNetDIP</name>
         <load_address>0x88c6</load_address>
         <run_address>0x88c6</run_address>
         <size>0xe</size>
         <input_file_ref idref="fl-3"/>
      </object_component>
      <object_component id="oc-371">
         <name>.text:cpu_readSpareDIP</name>
         <load_address>0x88d4</load_address>
         <run_address>0x88d4</run_address>
         <size>0xe</size>
         <input_file_ref idref="fl-3"/>
      </object_component>
      <object_component id="oc-51d">
         <name>.text:strlen</name>
         <load_address>0x88e2</load_address>
         <run_address>0x88e2</run_address>
         <size>0xe</size>
         <input_file_ref idref="fl-53"/>
      </object_component>
      <object_component id="oc-524">
         <name>.text:serialA_txBufEmpty</name>
         <load_address>0x88f0</load_address>
         <run_address>0x88f0</run_address>
         <size>0xc</size>
         <input_file_ref idref="fl-4"/>
      </object_component>
      <object_component id="oc-3dd">
         <name>.text:timer_ResetTimer</name>
         <load_address>0x88fc</load_address>
         <run_address>0x88fc</run_address>
         <size>0xc</size>
         <input_file_ref idref="fl-6"/>
      </object_component>
      <object_component id="oc-319">
         <name>.text:timer_init</name>
         <load_address>0x8908</load_address>
         <run_address>0x8908</run_address>
         <size>0xc</size>
         <input_file_ref idref="fl-6"/>
      </object_component>
      <object_component id="oc-4ca">
         <name>.text:toupper</name>
         <load_address>0x8914</load_address>
         <run_address>0x8914</run_address>
         <size>0xc</size>
         <input_file_ref idref="fl-54"/>
      </object_component>
      <object_component id="oc-4c4">
         <name>.text:isalpha</name>
         <load_address>0x8920</load_address>
         <run_address>0x8920</run_address>
         <size>0xa</size>
         <input_file_ref idref="fl-4d"/>
      </object_component>
      <object_component id="oc-1c1">
         <name>.text:serialA_rts_false</name>
         <load_address>0x892a</load_address>
         <run_address>0x892a</run_address>
         <size>0xa</size>
         <input_file_ref idref="fl-4"/>
      </object_component>
      <object_component id="oc-346">
         <name>.text:serialA_rts_true</name>
         <load_address>0x8934</load_address>
         <run_address>0x8934</run_address>
         <size>0xa</size>
         <input_file_ref idref="fl-4"/>
      </object_component>
      <object_component id="oc-120">
         <name>.text:_isr:__TI_ISR_TRAP</name>
         <load_address>0x893e</load_address>
         <run_address>0x893e</run_address>
         <size>0x8</size>
         <input_file_ref idref="fl-33"/>
      </object_component>
      <object_component id="oc-4bb">
         <name>.text:isdigit</name>
         <load_address>0x8946</load_address>
         <run_address>0x8946</run_address>
         <size>0x8</size>
         <input_file_ref idref="fl-4e"/>
      </object_component>
      <object_component id="oc-2cd">
         <name>.text:abort</name>
         <load_address>0x894e</load_address>
         <run_address>0x894e</run_address>
         <size>0x6</size>
         <input_file_ref idref="fl-48"/>
      </object_component>
      <object_component id="oc-1d8">
         <name>.text:_system_pre_init</name>
         <load_address>0x8954</load_address>
         <run_address>0x8954</run_address>
         <size>0x4</size>
         <input_file_ref idref="fl-44"/>
      </object_component>
      <object_component id="oc-42a">
         <name>.text:adjust_retransmit_timer</name>
         <load_address>0x8958</load_address>
         <run_address>0x8958</run_address>
         <size>0x4</size>
         <input_file_ref idref="fl-7"/>
      </object_component>
      <object_component id="oc-4d9">
         <name>.text:_nop</name>
         <load_address>0x895c</load_address>
         <run_address>0x895c</run_address>
         <size>0x2</size>
         <input_file_ref idref="fl-49"/>
      </object_component>
      <object_component id="oc-490">
         <name>.text:_system_post_cinit</name>
         <load_address>0x895e</load_address>
         <run_address>0x895e</run_address>
         <size>0x2</size>
         <input_file_ref idref="fl-45"/>
      </object_component>
      <object_component id="oc-40f">
         <name>.text:cpu_Crash</name>
         <load_address>0x8960</load_address>
         <run_address>0x8960</run_address>
         <size>0x2</size>
         <input_file_ref idref="fl-3"/>
      </object_component>
      <object_component id="oc-6ad">
         <name>.cinit..data.load</name>
         <load_address>0x8ba4</load_address>
         <run_address>0x8ba4</run_address>
         <size>0x83</size>
      </object_component>
      <object_component id="oc-6aa">
         <name>__TI_handler_table</name>
         <load_address>0x8c28</load_address>
         <run_address>0x8c28</run_address>
         <size>0x6</size>
      </object_component>
      <object_component id="oc-6ac">
         <name>.cinit..bss.load</name>
         <load_address>0x8c2e</load_address>
         <run_address>0x8c2e</run_address>
         <size>0x4</size>
      </object_component>
      <object_component id="oc-6ab">
         <name>__TI_cinit_table</name>
         <load_address>0x8c32</load_address>
         <run_address>0x8c32</run_address>
         <size>0x8</size>
      </object_component>
      <object_component id="oc-4fe">
         <name>.const:.string</name>
         <load_address>0x8962</load_address>
         <run_address>0x8962</run_address>
         <size>0x112</size>
         <input_file_ref idref="fl-7"/>
      </object_component>
      <object_component id="oc-5c1">
         <name>.const:.string:_ctypes_</name>
         <load_address>0x8a74</load_address>
         <run_address>0x8a74</run_address>
         <size>0x101</size>
         <input_file_ref idref="fl-4c"/>
      </object_component>
      <object_component id="oc-63f">
         <name>.const:.string</name>
         <load_address>0x8b76</load_address>
         <run_address>0x8b76</run_address>
         <size>0x26</size>
         <input_file_ref idref="fl-55"/>
      </object_component>
      <object_component id="oc-55a">
         <name>.const:.string:SB_FunctionCodeList</name>
         <load_address>0x8b9c</load_address>
         <run_address>0x8b9c</run_address>
         <size>0x8</size>
         <input_file_ref idref="fl-2"/>
      </object_component>
      <object_component id="oc-66f">
         <name>.binit</name>
         <load_address>0x4000</load_address>
         <run_address>0x4000</run_address>
         <size>0x0</size>
      </object_component>
      <object_component id="oc-3f">
         <name>.int00</name>
         <load_address>0xffe0</load_address>
         <run_address>0xffe0</run_address>
         <size>0x2</size>
         <input_file_ref idref="fl-29"/>
      </object_component>
      <object_component id="oc-40">
         <name>.int01</name>
         <load_address>0xffe2</load_address>
         <run_address>0xffe2</run_address>
         <size>0x2</size>
         <input_file_ref idref="fl-2a"/>
      </object_component>
      <object_component id="oc-41">
         <name>.int02</name>
         <load_address>0xffe4</load_address>
         <run_address>0xffe4</run_address>
         <size>0x2</size>
         <input_file_ref idref="fl-5"/>
      </object_component>
      <object_component id="oc-42">
         <name>.int03</name>
         <load_address>0xffe6</load_address>
         <run_address>0xffe6</run_address>
         <size>0x2</size>
         <input_file_ref idref="fl-5"/>
      </object_component>
      <object_component id="oc-43">
         <name>.int04</name>
         <load_address>0xffe8</load_address>
         <run_address>0xffe8</run_address>
         <size>0x2</size>
         <input_file_ref idref="fl-2b"/>
      </object_component>
      <object_component id="oc-44">
         <name>.int05</name>
         <load_address>0xffea</load_address>
         <run_address>0xffea</run_address>
         <size>0x2</size>
         <input_file_ref idref="fl-2c"/>
      </object_component>
      <object_component id="oc-45">
         <name>.int06</name>
         <load_address>0xffec</load_address>
         <run_address>0xffec</run_address>
         <size>0x2</size>
         <input_file_ref idref="fl-2d"/>
      </object_component>
      <object_component id="oc-46">
         <name>.int07</name>
         <load_address>0xffee</load_address>
         <run_address>0xffee</run_address>
         <size>0x2</size>
         <input_file_ref idref="fl-2e"/>
      </object_component>
      <object_component id="oc-47">
         <name>.int08</name>
         <load_address>0xfff0</load_address>
         <run_address>0xfff0</run_address>
         <size>0x2</size>
         <input_file_ref idref="fl-4"/>
      </object_component>
      <object_component id="oc-48">
         <name>.int09</name>
         <load_address>0xfff2</load_address>
         <run_address>0xfff2</run_address>
         <size>0x2</size>
         <input_file_ref idref="fl-4"/>
      </object_component>
      <object_component id="oc-49">
         <name>.int10</name>
         <load_address>0xfff4</load_address>
         <run_address>0xfff4</run_address>
         <size>0x2</size>
         <input_file_ref idref="fl-2f"/>
      </object_component>
      <object_component id="oc-4a">
         <name>.int11</name>
         <load_address>0xfff6</load_address>
         <run_address>0xfff6</run_address>
         <size>0x2</size>
         <input_file_ref idref="fl-30"/>
      </object_component>
      <object_component id="oc-4b">
         <name>.int12</name>
         <load_address>0xfff8</load_address>
         <run_address>0xfff8</run_address>
         <size>0x2</size>
         <input_file_ref idref="fl-31"/>
      </object_component>
      <object_component id="oc-4c">
         <name>.int13</name>
         <load_address>0xfffa</load_address>
         <run_address>0xfffa</run_address>
         <size>0x2</size>
         <input_file_ref idref="fl-6"/>
      </object_component>
      <object_component id="oc-4d">
         <name>.int14</name>
         <load_address>0xfffc</load_address>
         <run_address>0xfffc</run_address>
         <size>0x2</size>
         <input_file_ref idref="fl-32"/>
      </object_component>
      <object_component id="oc-f8">
         <name>.reset</name>
         <load_address>0xfffe</load_address>
         <run_address>0xfffe</run_address>
         <size>0x2</size>
         <input_file_ref idref="fl-3e"/>
      </object_component>
      <object_component id="oc-259">
         <name>.debug_info</name>
         <load_address>0x0</load_address>
         <run_address>0x0</run_address>
         <size>0x5a1</size>
         <input_file_ref idref="fl-2"/>
      </object_component>
      <object_component id="oc-55b">
         <name>.debug_info</name>
         <load_address>0x5a1</load_address>
         <run_address>0x5a1</run_address>
         <size>0x124</size>
         <input_file_ref idref="fl-2"/>
      </object_component>
      <object_component id="oc-39e">
         <name>.debug_info</name>
         <load_address>0x6c5</load_address>
         <run_address>0x6c5</run_address>
         <size>0x15b</size>
         <input_file_ref idref="fl-2"/>
      </object_component>
      <object_component id="oc-3f1">
         <name>.debug_info</name>
         <load_address>0x820</load_address>
         <run_address>0x820</run_address>
         <size>0x1a7</size>
         <input_file_ref idref="fl-2"/>
      </object_component>
      <object_component id="oc-569">
         <name>.debug_info</name>
         <load_address>0x9c7</load_address>
         <run_address>0x9c7</run_address>
         <size>0x19d</size>
         <input_file_ref idref="fl-2"/>
      </object_component>
      <object_component id="oc-479">
         <name>.debug_info</name>
         <load_address>0xb64</load_address>
         <run_address>0xb64</run_address>
         <size>0x1b7</size>
         <input_file_ref idref="fl-2"/>
      </object_component>
      <object_component id="oc-392">
         <name>.debug_info</name>
         <load_address>0xd1b</load_address>
         <run_address>0xd1b</run_address>
         <size>0x1f1</size>
         <input_file_ref idref="fl-2"/>
      </object_component>
      <object_component id="oc-3d8">
         <name>.debug_info</name>
         <load_address>0xf0c</load_address>
         <run_address>0xf0c</run_address>
         <size>0x181</size>
         <input_file_ref idref="fl-2"/>
      </object_component>
      <object_component id="oc-3d2">
         <name>.debug_info</name>
         <load_address>0x108d</load_address>
         <run_address>0x108d</run_address>
         <size>0x1a0</size>
         <input_file_ref idref="fl-2"/>
      </object_component>
      <object_component id="oc-52d">
         <name>.debug_info</name>
         <load_address>0x122d</load_address>
         <run_address>0x122d</run_address>
         <size>0x1e0</size>
         <input_file_ref idref="fl-2"/>
      </object_component>
      <object_component id="oc-53d">
         <name>.debug_info</name>
         <load_address>0x140d</load_address>
         <run_address>0x140d</run_address>
         <size>0x175</size>
         <input_file_ref idref="fl-2"/>
      </object_component>
      <object_component id="oc-41f">
         <name>.debug_info</name>
         <load_address>0x1582</load_address>
         <run_address>0x1582</run_address>
         <size>0x1c1</size>
         <input_file_ref idref="fl-2"/>
      </object_component>
      <object_component id="oc-21b">
         <name>.debug_info</name>
         <load_address>0x1743</load_address>
         <run_address>0x1743</run_address>
         <size>0x16b</size>
         <input_file_ref idref="fl-2"/>
      </object_component>
      <object_component id="oc-20a">
         <name>.debug_info</name>
         <load_address>0x18ae</load_address>
         <run_address>0x18ae</run_address>
         <size>0x120</size>
         <input_file_ref idref="fl-2"/>
      </object_component>
      <object_component id="oc-211">
         <name>.debug_info</name>
         <load_address>0x19ce</load_address>
         <run_address>0x19ce</run_address>
         <size>0x26b</size>
         <input_file_ref idref="fl-2"/>
      </object_component>
[...]
         <value>0x35c0</value>
         <object_component_ref idref="oc-261"/>
      </symbol>
      <symbol id="sm-6ed">
         <name>add_alert</name>
         <value>0x5a60</value>
         <object_component_ref idref="oc-3bf"/>
      </symbol>
      <symbol id="sm-6ee">
         <name>CartsReprogramList</name>
         <value>0x35dc</value>
         <object_component_ref idref="oc-261"/>
      </symbol>
      <symbol id="sm-6ef">
         <name>TkPacketSize</name>
         <value>0x35e6</value>
         <object_component_ref idref="oc-261"/>
      </symbol>
      <symbol id="sm-6f0">
         <name>button_state</name>
         <value>0x3602</value>
         <object_component_ref idref="oc-261"/>
      </symbol>
      <symbol id="sm-6f1">
         <name>TkCapabilityCode</name>
         <value>0x35e7</value>
         <object_component_ref idref="oc-261"/>
      </symbol>
      <symbol id="sm-712">
         <name>sprintf</name>
         <value>0x84fe</value>
         <object_component_ref idref="oc-512"/>
      </symbol>
      <symbol id="sm-71a">
         <name>__mspabi_srai</name>
         <value>0x85f8</value>
         <object_component_ref idref="oc-351"/>
      </symbol>
      <symbol id="sm-71b">
         <name>__mspabi_srai_8</name>
         <value>0x8612</value>
         <object_component_ref idref="oc-351"/>
      </symbol>
      <symbol id="sm-71c">
         <name>__mspabi_srai_9</name>
         <value>0x8610</value>
         <object_component_ref idref="oc-351"/>
      </symbol>
      <symbol id="sm-71d">
         <name>__mspabi_srai_6</name>
         <value>0x8616</value>
         <object_component_ref idref="oc-351"/>
      </symbol>
      <symbol id="sm-71e">
         <name>__mspabi_srai_7</name>
         <value>0x8614</value>
         <object_component_ref idref="oc-351"/>
      </symbol>
      <symbol id="sm-71f">
         <name>__mspabi_srai_4</name>
         <value>0x861a</value>
         <object_component_ref idref="oc-351"/>
      </symbol>
      <symbol id="sm-720">
         <name>__mspabi_srai_5</name>
         <value>0x8618</value>
         <object_component_ref idref="oc-351"/>
      </symbol>
      <symbol id="sm-721">
         <name>__mspabi_srai_2</name>
         <value>0x861e</value>
         <object_component_ref idref="oc-351"/>
      </symbol>
      <symbol id="sm-722">
         <name>__mspabi_srai_3</name>
         <value>0x861c</value>
         <object_component_ref idref="oc-351"/>
      </symbol>
      <symbol id="sm-723">
         <name>__mspabi_srai_1</name>
         <value>0x8620</value>
         <object_component_ref idref="oc-351"/>
      </symbol>
      <symbol id="sm-724">
         <name>__mspabi_srai_15</name>
         <value>0x8604</value>
         <object_component_ref idref="oc-351"/>
      </symbol>
      <symbol id="sm-725">
         <name>__mspabi_srai_14</name>
         <value>0x8606</value>
         <object_component_ref idref="oc-351"/>
      </symbol>
      <symbol id="sm-726">
         <name>__mspabi_srai_13</name>
         <value>0x8608</value>
         <object_component_ref idref="oc-351"/>
      </symbol>
      <symbol id="sm-727">
         <name>__mspabi_srai_12</name>
         <value>0x860a</value>
         <object_component_ref idref="oc-351"/>
      </symbol>
      <symbol id="sm-728">
         <name>__mspabi_srai_11</name>
         <value>0x860c</value>
         <object_component_ref idref="oc-351"/>
      </symbol>
      <symbol id="sm-729">
         <name>__mspabi_srai_10</name>
         <value>0x860e</value>
         <object_component_ref idref="oc-351"/>
      </symbol>
      <symbol id="sm-735">
         <name>__mspabi_remi</name>
         <value>0x8624</value>
         <object_component_ref idref="oc-2bc"/>
      </symbol>
      <symbol id="sm-736">
         <name>__mspabi_divi</name>
         <value>0x8624</value>
         <object_component_ref idref="oc-2bc"/>
      </symbol>
      <symbol id="sm-740">
         <name>__mspabi_remu</name>
         <value>0x8800</value>
         <object_component_ref idref="oc-2c1"/>
      </symbol>
      <symbol id="sm-741">
         <name>__mspabi_divu</name>
         <value>0x8800</value>
         <object_component_ref idref="oc-2c1"/>
      </symbol>
      <symbol id="sm-74d">
         <name>__mspabi_remli</name>
         <value>0x8314</value>
         <object_component_ref idref="oc-561"/>
      </symbol>
      <symbol id="sm-74e">
         <name>__mspabi_divli</name>
         <value>0x8314</value>
         <object_component_ref idref="oc-561"/>
      </symbol>
      <symbol id="sm-75c">
         <name>__mspabi_remul</name>
         <value>0x7caa</value>
         <object_component_ref idref="oc-570"/>
      </symbol>
      <symbol id="sm-75d">
         <name>__mspabi_divul</name>
         <value>0x7caa</value>
         <object_component_ref idref="oc-570"/>
      </symbol>
      <symbol id="sm-766">
         <name>__mspabi_func_epilog_2</name>
         <value>0x88b2</value>
         <object_component_ref idref="oc-103"/>
      </symbol>
      <symbol id="sm-767">
         <name>__mspabi_func_epilog_3</name>
         <value>0x88b0</value>
         <object_component_ref idref="oc-103"/>
      </symbol>
      <symbol id="sm-768">
         <name>__mspabi_func_epilog_1</name>
         <value>0x88b4</value>
         <object_component_ref idref="oc-103"/>
      </symbol>
      <symbol id="sm-769">
         <name>__mspabi_func_epilog_6</name>
         <value>0x88aa</value>
         <object_component_ref idref="oc-103"/>
      </symbol>
      <symbol id="sm-76a">
         <name>__mspabi_func_epilog_7</name>
         <value>0x88a8</value>
         <object_component_ref idref="oc-103"/>
      </symbol>
      <symbol id="sm-76b">
         <name>__mspabi_func_epilog_4</name>
         <value>0x88ae</value>
         <object_component_ref idref="oc-103"/>
      </symbol>
      <symbol id="sm-76c">
         <name>__mspabi_func_epilog_5</name>
         <value>0x88ac</value>
         <object_component_ref idref="oc-103"/>
      </symbol>
      <symbol id="sm-76f">
         <name>__TI_int00</name>
         <value>0xffe0</value>
         <object_component_ref idref="oc-3f"/>
      </symbol>
      <symbol id="sm-772">
         <name>__TI_int01</name>
         <value>0xffe2</value>
         <object_component_ref idref="oc-40"/>
      </symbol>
      <symbol id="sm-775">
         <name>__TI_int04</name>
         <value>0xffe8</value>
         <object_component_ref idref="oc-43"/>
      </symbol>
      <symbol id="sm-778">
         <name>__TI_int05</name>
         <value>0xffea</value>
         <object_component_ref idref="oc-44"/>
      </symbol>
      <symbol id="sm-77b">
         <name>__TI_int06</name>
         <value>0xffec</value>
         <object_component_ref idref="oc-45"/>
      </symbol>
      <symbol id="sm-77e">
         <name>__TI_int07</name>
         <value>0xffee</value>
         <object_component_ref idref="oc-46"/>
      </symbol>
      <symbol id="sm-781">
         <name>__TI_int10</name>
         <value>0xfff4</value>
         <object_component_ref idref="oc-49"/>
      </symbol>
      <symbol id="sm-784">
         <name>__TI_int11</name>
         <value>0xfff6</value>
         <object_component_ref idref="oc-4a"/>
      </symbol>
      <symbol id="sm-787">
         <name>__TI_int12</name>
         <value>0xfff8</value>
         <object_component_ref idref="oc-4b"/>
      </symbol>
      <symbol id="sm-78a">
         <name>__TI_int14</name>
         <value>0xfffc</value>
         <object_component_ref idref="oc-4d"/>
      </symbol>
      <symbol id="sm-792">
         <name>__TI_ISR_TRAP</name>
         <value>0x893e</value>
         <object_component_ref idref="oc-120"/>
      </symbol>
      <symbol id="sm-79a">
         <name>__mspabi_slli</name>
         <value>0x8650</value>
         <object_component_ref idref="oc-f9"/>
      </symbol>
      <symbol id="sm-79b">
         <name>__mspabi_slli_9</name>
         <value>0x8668</value>
         <object_component_ref idref="oc-f9"/>
      </symbol>
      <symbol id="sm-79c">
         <name>__mspabi_slli_8</name>
         <value>0x866a</value>
         <object_component_ref idref="oc-f9"/>
      </symbol>
      <symbol id="sm-79d">
         <name>__mspabi_slli_7</name>
         <value>0x866c</value>
         <object_component_ref idref="oc-f9"/>
      </symbol>
      <symbol id="sm-79e">
         <name>__mspabi_slli_6</name>
         <value>0x866e</value>
         <object_component_ref idref="oc-f9"/>
      </symbol>
      <symbol id="sm-79f">
         <name>__mspabi_slli_5</name>
         <value>0x8670</value>
         <object_component_ref idref="oc-f9"/>
      </symbol>
      <symbol id="sm-7a0">
         <name>__mspabi_slli_4</name>
         <value>0x8672</value>
         <object_component_ref idref="oc-f9"/>
      </symbol>
      <symbol id="sm-7a1">
         <name>__mspabi_slli_3</name>
         <value>0x8674</value>
         <object_component_ref idref="oc-f9"/>
      </symbol>
      <symbol id="sm-7a2">
         <name>__mspabi_slli_2</name>
         <value>0x8676</value>
         <object_component_ref idref="oc-f9"/>
      </symbol>
      <symbol id="sm-7a3">
         <name>__mspabi_slli_1</name>
         <value>0x8678</value>
         <object_component_ref idref="oc-f9"/>
      </symbol>
      <symbol id="sm-7a4">
         <name>__mspabi_slli_15</name>
         <value>0x865c</value>
         <object_component_ref idref="oc-f9"/>
      </symbol>
      <symbol id="sm-7a5">
         <name>__mspabi_slli_14</name>
         <value>0x865e</value>
         <object_component_ref idref="oc-f9"/>
      </symbol>
      <symbol id="sm-7a6">
         <name>__mspabi_slli_13</name>
         <value>0x8660</value>
         <object_component_ref idref="oc-f9"/>
      </symbol>
      <symbol id="sm-7a7">
         <name>__mspabi_slli_12</name>
         <value>0x8662</value>
         <object_component_ref idref="oc-f9"/>
      </symbol>
      <symbol id="sm-7a8">
         <name>__mspabi_slli_11</name>
         <value>0x8664</value>
         <object_component_ref idref="oc-f9"/>
      </symbol>
      <symbol id="sm-7a9">
         <name>__mspabi_slli_10</name>
         <value>0x8666</value>
         <object_component_ref idref="oc-f9"/>
      </symbol>
      <symbol id="sm-7b9">
         <name>__mspabi_slll_9</name>
         <value>0x842a</value>
         <object_component_ref idref="oc-637"/>
      </symbol>
      <symbol id="sm-7ba">
         <name>__mspabi_slll_8</name>
         <value>0x842e</value>
         <object_component_ref idref="oc-637"/>
      </symbol>
      <symbol id="sm-7bb">
         <name>__mspabi_slll_7</name>
         <value>0x8432</value>
         <object_component_ref idref="oc-637"/>
      </symbol>
      <symbol id="sm-7bc">
         <name>__mspabi_slll_6</name>
         <value>0x8436</value>
         <object_component_ref idref="oc-637"/>
      </symbol>
      <symbol id="sm-7bd">
         <name>__mspabi_slll_5</name>
         <value>0x843a</value>
         <object_component_ref idref="oc-637"/>
      </symbol>
      <symbol id="sm-7be">
         <name>__mspabi_slll_4</name>
         <value>0x843e</value>
         <object_component_ref idref="oc-637"/>
      </symbol>
      <symbol id="sm-7bf">
         <name>__mspabi_slll_3</name>
         <value>0x8442</value>
         <object_component_ref idref="oc-637"/>
      </symbol>
      <symbol id="sm-7c0">
         <name>__mspabi_slll_2</name>
         <value>0x8446</value>
         <object_component_ref idref="oc-637"/>
      </symbol>
      <symbol id="sm-7c1">
         <name>__mspabi_slll_1</name>
         <value>0x844a</value>
         <object_component_ref idref="oc-637"/>
      </symbol>
      <symbol id="sm-7c2">
         <name>__mspabi_slll</name>
         <value>0x8888</value>
         <object_component_ref idref="oc-576"/>
      </symbol>
      <symbol id="sm-7c3">
         <name>__mspabi_slll_15</name>
         <value>0x8412</value>
         <object_component_ref idref="oc-637"/>
      </symbol>
      <symbol id="sm-7c4">
         <name>__mspabi_slll_14</name>
         <value>0x8416</value>
         <object_component_ref idref="oc-637"/>
      </symbol>
      <symbol id="sm-7c5">
         <name>__mspabi_slll_13</name>
         <value>0x841a</value>
         <object_component_ref idref="oc-637"/>
      </symbol>
      <symbol id="sm-7c6">
         <name>__mspabi_slll_12</name>
         <value>0x841e</value>
         <object_component_ref idref="oc-637"/>
      </symbol>
      <symbol id="sm-7c7">
         <name>__mspabi_slll_11</name>
         <value>0x8422</value>
         <object_component_ref idref="oc-637"/>
      </symbol>
      <symbol id="sm-7c8">
         <name>__mspabi_slll_10</name>
         <value>0x8426</value>
         <object_component_ref idref="oc-637"/>
      </symbol>
      <symbol id="sm-7d0">
         <name>__mspabi_srli_8</name>
         <value>0x7fb4</value>
         <object_component_ref idref="oc-fe"/>
      </symbol>
      <symbol id="sm-7d1">
         <name>__mspabi_srli_9</name>
         <value>0x7fb0</value>
         <object_component_ref idref="oc-fe"/>
      </symbol>
      <symbol id="sm-7d2">
         <name>__mspabi_srli_6</name>
         <value>0x7fbc</value>
         <object_component_ref idref="oc-fe"/>
      </symbol>
      <symbol id="sm-7d3">
         <name>__mspabi_srli_7</name>
         <value>0x7fb8</value>
         <object_component_ref idref="oc-fe"/>
      </symbol>
      <symbol id="sm-7d4">
         <name>__mspabi_srli_4</name>
         <value>0x7fc4</value>
         <object_component_ref idref="oc-fe"/>
      </symbol>
      <symbol id="sm-7d5">
         <name>__mspabi_srli_5</name>
         <value>0x7fc0</value>
         <object_component_ref idref="oc-fe"/>
      </symbol>
      <symbol id="sm-7d6">
         <name>__mspabi_srli_2</name>
         <value>0x7fcc</value>
         <object_component_ref idref="oc-fe"/>
      </symbol>
      <symbol id="sm-7d7">
         <name>__mspabi_srli_3</name>
         <value>0x7fc8</value>
         <object_component_ref idref="oc-fe"/>
      </symbol>
      <symbol id="sm-7d8">
         <name>__mspabi_srli_1</name>
         <value>0x7fd0</value>
         <object_component_ref idref="oc-fe"/>
      </symbol>
      <symbol id="sm-7d9">
         <name>__mspabi_srli</name>
         <value>0x7f8a</value>
         <object_component_ref idref="oc-fe"/>
      </symbol>
      <symbol id="sm-7da">
         <name>__mspabi_srli_15</name>
         <value>0x7f98</value>
         <object_component_ref idref="oc-fe"/>
      </symbol>
      <symbol id="sm-7db">
         <name>__mspabi_srli_14</name>
         <value>0x7f9c</value>
         <object_component_ref idref="oc-fe"/>
      </symbol>
      <symbol id="sm-7dc">
         <name>__mspabi_srli_13</name>
         <value>0x7fa0</value>
         <object_component_ref idref="oc-fe"/>
      </symbol>
      <symbol id="sm-7dd">
         <name>__mspabi_srli_12</name>
         <value>0x7fa4</value>
         <object_component_ref idref="oc-fe"/>
      </symbol>
      <symbol id="sm-7de">
         <name>__mspabi_srli_11</name>
         <value>0x7fa8</value>
         <object_component_ref idref="oc-fe"/>
      </symbol>
      <symbol id="sm-7df">
         <name>__mspabi_srli_10</name>
         <value>0x7fac</value>
         <object_component_ref idref="oc-fe"/>
      </symbol>
      <symbol id="sm-7e8">
         <name>__mspabi_mpyi_hw</name>
         <value>0x883e</value>
         <object_component_ref idref="oc-311"/>
      </symbol>
      <symbol id="sm-7f2">
         <name>__mspabi_mpyl_hw</name>
         <value>0x859e</value>
         <object_component_ref idref="oc-362"/>
      </symbol>
      <symbol id="sm-804">
         <name>_stack</name>
         <value>0x3770</value>
         <object_component_ref idref="oc-f5"/>
      </symbol>
      <symbol id="sm-805">
         <name>_c_int00_noargs</name>
         <value>0x8738</value>
         <object_component_ref idref="oc-155"/>
      </symbol>
      <symbol id="sm-806">
         <name>_reset_vector</name>
         <value>0xfffe</value>
         <object_component_ref idref="oc-f8"/>
      </symbol>
      <symbol id="sm-828">
         <name>__TI_auto_init_nobinit_nopinit_hold_wdt</name>
         <value>0x7bfa</value>
         <object_component_ref idref="oc-2f1"/>
      </symbol>
      <symbol id="sm-840">
         <name>__TI_zero_init</name>
         <value>0x8816</value>
         <object_component_ref idref="oc-149"/>
      </symbol>
      <symbol id="sm-84c">
         <name>_system_pre_init</name>
         <value>0x8954</value>
         <object_component_ref idref="oc-1d8"/>
      </symbol>
      <symbol id="sm-855">
         <name>_system_post_cinit</name>
         <value>0x895e</value>
         <object_component_ref idref="oc-490"/>
      </symbol>
      <symbol id="sm-86b">
         <name>__TI_decompress_none</name>
         <value>0x8864</value>
         <object_component_ref idref="oc-39"/>
      </symbol>
      <symbol id="sm-88e">
         <name>__TI_decompress_lzss</name>
         <value>0x764c</value>
         <object_component_ref idref="oc-33"/>
      </symbol>
      <symbol id="sm-898">
         <name>C$$EXIT</name>
         <value>0x894e</value>
         <object_component_ref idref="oc-2cd"/>
      </symbol>
      <symbol id="sm-899">
         <name>abort</name>
         <value>0x894e</value>
         <object_component_ref idref="oc-2cd"/>
      </symbol>
      <symbol id="sm-8af">
         <name>_nop</name>
         <value>0x895c</value>
         <object_component_ref idref="oc-4d9"/>
      </symbol>
      <symbol id="sm-8b0">
         <name>_lock</name>
         <value>0x3690</value>
         <object_component_ref idref="oc-357"/>
      </symbol>
      <symbol id="sm-8b1">
         <name>_unlock</name>
         <value>0x3692</value>
         <object_component_ref idref="oc-35d"/>
      </symbol>
      <symbol id="sm-8c5">
         <name>atoi</name>
         <value>0x7dfe</value>
         <object_component_ref idref="oc-505"/>
      </symbol>
      <symbol id="sm-8cf">
         <name>_ctypes_</name>
         <value>0x8a74</value>
         <object_component_ref idref="oc-5c1"/>
      </symbol>
      <symbol id="sm-8db">
         <name>isalpha</name>
         <value>0x8920</value>
         <object_component_ref idref="oc-4c4"/>
      </symbol>
      <symbol id="sm-8e7">
         <name>isdigit</name>
         <value>0x8946</value>
         <object_component_ref idref="oc-4bb"/>
      </symbol>
      <symbol id="sm-8f5">
         <name>memcpy</name>
         <value>0x8876</value>
         <object_component_ref idref="oc-113"/>
      </symbol>
      <symbol id="sm-903">
         <name>memset</name>
         <value>0x882a</value>
         <object_component_ref idref="oc-24c"/>
      </symbol>
      <symbol id="sm-91c">
         <name>rand</name>
         <value>0x84c6</value>
         <object_component_ref idref="oc-294"/>
      </symbol>
      <symbol id="sm-91d">
         <name>srand</name>
         <value>0x87d0</value>
         <object_component_ref idref="oc-28e"/>
      </symbol>
      <symbol id="sm-92b">
         <name>strcmp</name>
         <value>0x87e8</value>
         <object_component_ref idref="oc-50c"/>
      </symbol>
      <symbol id="sm-938">
         <name>strlen</name>
         <value>0x88e2</value>
         <object_component_ref idref="oc-51d"/>
      </symbol>
      <symbol id="sm-945">
         <name>toupper</name>
         <value>0x8914</value>
         <object_component_ref idref="oc-4ca"/>
      </symbol>
      <symbol id="sm-99e">
         <name>__TI_printfi_minimal</name>
         <value>0x6a0c</value>
         <object_component_ref idref="oc-5e4"/>
      </symbol>
      <symbol id="sm-9ba">
         <name>memccpy</name>
         <value>0x8716</value>
         <object_component_ref idref="oc-646"/>
      </symbol>
   </symbol_table>
   <title>Link successful</title>
</link_info>
